11-24 16:22:43.442  1575  1575 I chatty  : uid=1000 system_server expire 16 lines
11-24 16:22:43.535  4077  4077 W ContextImpl: Calling a method in the system process without a qualified user: android.app.ContextImpl.sendBroadcast:920 android.content.ContextWrapper.sendBroadcast:426 com.motorola.blur.service.blur.BSUtils.sendBroadcast:158 com.motorola.blur.service.blur.BSUtils.sendBroadcast:154 com.motorola.ccc.plm.pollingmanager.PollingManagerService$MyConnectivityReceiver.sendConnectivityIntent:596 
11-24 16:22:43.734  4077  4077 W ContextImpl: Calling a method in the system process without a qualified user: android.app.ContextImpl.sendBroadcast:920 android.content.ContextWrapper.sendBroadcast:426 com.motorola.blur.service.blur.BSUtils.sendBroadcast:158 com.motorola.blur.service.blur.BSUtils.sendBroadcast:154 com.motorola.ccc.plm.pollingmanager.PollingManagerService$MyConnectivityReceiver.sendConnectivityIntent:596 
11-24 16:22:44.015  3924  3924 V KeyguardDisplayManager: hide
11-24 16:22:44.056  1575  3887 I chatty  : uid=1000(system) ConnectivitySer expire 12 lines
11-24 16:22:44.056  1575  3874 I chatty  : uid=1000(system) NetworkStats expire 2 lines
11-24 16:22:44.478  1575  3714 I chatty  : uid=1000(system) InputDispatcher expire 10 lines
11-24 16:22:45.469  1575 11343 I chatty  : uid=1000(system) Binder:1575_1A expire 10 lines
11-24 16:22:45.978   692 14404 E SchedPolicy: sched_setscheduler failed: tid 14404, errno=1
11-24 16:22:45.978   692 14403 E SchedPolicy: sched_setscheduler failed: tid 14403, errno=1
11-24 16:22:45.981   692 14405 E SchedPolicy: sched_setscheduler failed: tid 14405, errno=1
11-24 16:22:45.983   692 14406 E SchedPolicy: sched_setscheduler failed: tid 14406, errno=1
11-24 16:22:48.068  1575 30911 I chatty  : uid=1000(system) Binder:1575_1F expire 13 lines
11-24 16:22:48.304   556   748 I chatty  : uid=1000(system) EventThread expire 10 lines
11-24 16:22:48.690   556   750 I chatty  : uid=1000(system) EventThread expire 10 lines
11-24 16:22:52.388  1575  4233 I chatty  : uid=1000(system) Binder:1575_7 expire 13 lines
11-24 16:22:55.116  1575  4417 I chatty  : uid=1000(system) Binder:1575_A expire 15 lines
11-24 16:22:57.002  1575 11677 I chatty  : uid=1000(system) Binder:1575_1B expire 17 lines
11-24 16:22:57.204  3924  3924 V KeyguardStatusView: refresh statusview showing:true
11-24 16:22:57.216  3924  3924 V KeyguardDisplayManager: show
11-24 16:22:57.297  1575  8499 I chatty  : uid=1000(system) Binder:1575_11 expire 15 lines
11-24 16:22:59.123  1575  2058 I chatty  : uid=1000(system) android.display expire 10 lines
11-24 16:23:00.865  1575  3881 I chatty  : uid=1000(system) WifiStateMachin expire 10 lines
11-24 16:23:09.088  4077  4077 W ContextImpl: Calling a method in the system process without a qualified user: android.app.ContextImpl.sendBroadcast:920 android.content.ContextWrapper.sendBroadcast:426 com.motorola.blur.service.blur.BSUtils.sendBroadcast:158 com.motorola.blur.service.blur.BSUtils.sendBroadcast:154 com.motorola.ccc.plm.pollingmanager.PollingManagerService$MyConnectivityReceiver.sendConnectivityIntent:596 
11-24 16:23:09.270  4077  4077 W ContextImpl: Calling a method in the system process without a qualified user: android.app.ContextImpl.sendBroadcast:920 android.content.ContextWrapper.sendBroadcast:426 com.motorola.blur.service.blur.BSUtils.sendBroadcast:158 com.motorola.blur.service.blur.BSUtils.sendBroadcast:154 com.motorola.ccc.plm.pollingmanager.PollingManagerService$MyConnectivityReceiver.sendConnectivityIntent:596 
11-24 16:23:09.298  1575  1585 I chatty  : uid=1000(system) Binder:1575_1 expire 10 lines
11-24 16:23:24.942  1575  4117 I chatty  : uid=1000(system) Binder:1575_5 expire 12 lines
11-24 16:24:28.133  1575  4551 I chatty  : uid=1000(system) Binder:1575_C expire 13 lines
11-24 16:25:19.990  1575  5944 I chatty  : uid=1000(system) Binder:1575_10 expire 10 lines
11-24 16:27:14.539 15310 15348 D ActivityThread: Loading provider com.google.android.gmail.provider;com.android.mail.notifier;com.google.android.gm.email.provider;com.google.android.gm.tasks.provider;com.google.android.gm.email.notifier: com.android.email.provider.EmailProvider
11-24 16:27:17.443  1575  1782 I chatty  : uid=1000(system) ActivityManager expire 18 lines
11-24 16:27:57.999  1575  4118 I chatty  : uid=1000(system) Binder:1575_6 expire 10 lines
11-24 16:27:58.108  4077  4077 W ContextImpl: Calling a method in the system process without a qualified user: android.app.ContextImpl.sendBroadcast:920 android.content.ContextWrapper.sendBroadcast:426 com.motorola.blur.service.blur.BSUtils.sendBroadcast:158 com.motorola.blur.service.blur.BSUtils.sendBroadcast:154 com.motorola.ccc.plm.pollingmanager.PollingManagerService$MyConnectivityReceiver.sendConnectivityIntent:596 
11-24 16:28:01.934  1575 11343 I chatty  : uid=1000(system) Binder:1575_1A expire 12 lines
11-24 16:28:11.503  1575  3719 I chatty  : uid=1000(system) Binder:1575_3 expire 13 lines
11-24 16:28:11.503  1575  3887 I chatty  : uid=1000(system) ConnectivitySer expire 35 lines
11-24 16:29:52.086  1575  3875 I chatty  : uid=1000(system) NetworkPolicy expire 10 lines
11-24 16:30:49.320  1575  4026 I chatty  : uid=1000(system) Binder:1575_4 expire 10 lines
11-24 16:31:58.799  1575  1782 I chatty  : uid=1000(system) ActivityManager expire 11 lines
11-24 16:32:19.740   644  1218 E NetlinkListener: recvmsg failed (No buffer space available)
11-24 16:32:56.704  1575  4616 I chatty  : uid=1000(system) Binder:1575_D expire 16 lines
11-24 16:33:20.545  4077  4077 W ContextImpl: Calling a method in the system process without a qualified user: android.app.ContextImpl.sendBroadcast:920 android.content.ContextWrapper.sendBroadcast:426 com.motorola.blur.service.blur.BSUtils.sendBroadcast:158 com.motorola.blur.service.blur.BSUtils.sendBroadcast:154 com.motorola.ccc.plm.pollingmanager.PollingManagerService$MyConnectivityReceiver.sendConnectivityIntent:596 
11-24 16:33:20.796  1575  8566 I chatty  : uid=1000(system) Binder:1575_14 expire 10 lines
11-24 16:33:21.921  1575  1782 I chatty  : uid=1000(system) ActivityManager expire 27 lines
11-24 16:33:29.711  4077  4077 W ContextImpl: Calling a method in the system process without a qualified user: android.app.ContextImpl.sendBroadcast:920 android.content.ContextWrapper.sendBroadcast:426 com.motorola.blur.service.blur.BSUtils.sendBroadcast:158 com.motorola.blur.service.blur.BSUtils.sendBroadcast:154 com.motorola.ccc.plm.pollingmanager.PollingManagerService$MyConnectivityReceiver.sendConnectivityIntent:596 
11-24 16:34:53.699  1575  4648 I chatty  : uid=1000(system) Binder:1575_F expire 13 lines
11-24 16:34:54.238  1575 11196 I chatty  : uid=1000(system) Binder:1575_17 expire 16 lines
11-24 16:35:13.287  1575  3887 I chatty  : uid=1000(system) ConnectivitySer expire 23 lines
11-24 16:35:13.975  1575  4414 I chatty  : uid=1000(system) Binder:1575_8 expire 14 lines
11-24 16:35:14.226  4077  4077 W ContextImpl: Calling a method in the system process without a qualified user: android.app.ContextImpl.sendBroadcast:920 android.content.ContextWrapper.sendBroadcast:426 com.motorola.blur.service.blur.BSUtils.sendBroadcast:158 com.motorola.blur.service.blur.BSUtils.sendBroadcast:154 com.motorola.ccc.plm.pollingmanager.PollingManagerService$MyConnectivityReceiver.sendConnectivityIntent:596 
11-24 16:35:14.829  4077  4077 W ContextImpl: Calling a method in the system process without a qualified user: android.app.ContextImpl.sendBroadcast:920 android.content.ContextWrapper.sendBroadcast:426 com.motorola.blur.service.blur.BSUtils.sendBroadcast:158 com.motorola.blur.service.blur.BSUtils.sendBroadcast:154 com.motorola.ccc.plm.pollingmanager.PollingManagerService$MyConnectivityReceiver.sendConnectivityIntent:596 
11-24 16:35:14.830  1575  4415 I chatty  : uid=1000(system) Binder:1575_9 expire 11 lines
11-24 16:35:14.917  4077  4077 W ContextImpl: Calling a method in the system process without a qualified user: android.app.ContextImpl.sendBroadcast:920 android.content.ContextWrapper.sendBroadcast:426 com.motorola.blur.service.blur.BSUtils.sendBroadcast:158 com.motorola.blur.service.blur.BSUtils.sendBroadcast:154 com.motorola.ccc.plm.pollingmanager.PollingManagerService$MyConnectivityReceiver.sendConnectivityIntent:596 
11-24 16:35:14.999   556   556 I chatty  : uid=1000(system) /system/bin/surfaceflinger expire 14 lines
11-24 16:35:15.893  4077  4077 W ContextImpl: Calling a method in the system process without a qualified user: android.app.ContextImpl.sendBroadcast:920 android.content.ContextWrapper.sendBroadcast:426 com.motorola.blur.service.blur.BSUtils.sendBroadcast:158 com.motorola.blur.service.blur.BSUtils.sendBroadcast:154 com.motorola.ccc.plm.pollingmanager.PollingManagerService$MyConnectivityReceiver.sendConnectivityIntent:596 
11-24 16:35:16.091  4077  4077 W ContextImpl: Calling a method in the system process without a qualified user: android.app.ContextImpl.sendBroadcast:920 android.content.ContextWrapper.sendBroadcast:426 com.motorola.blur.service.blur.BSUtils.sendBroadcast:158 com.motorola.blur.service.blur.BSUtils.sendBroadcast:154 com.motorola.ccc.plm.pollingmanager.PollingManagerService$MyConnectivityReceiver.sendConnectivityIntent:596 
11-24 16:35:16.480   556   748 I chatty  : uid=1000(system) EventThread expire 10 lines
11-24 16:35:16.547   556   750 I chatty  : uid=1000(system) EventThread expire 13 lines
11-24 16:35:28.030  3924  3924 V KeyguardDisplayManager: hide
11-24 16:35:28.415  1575 11774 I chatty  : uid=1000(system) Binder:1575_1C expire 10 lines
11-24 16:35:31.074  1575  1791 I chatty  : uid=1000(system) batterystats-sy expire 12 lines
11-24 16:35:34.367  1575  2131 I chatty  : uid=1000(system) PowerManagerSer expire 11 lines
11-24 16:35:34.442  1575 22228 I chatty  : uid=1000(system) Binder:1575_1E expire 17 lines
11-24 16:35:34.741  3924  3924 V KeyguardStatusView: refresh statusview showing:true
11-24 16:35:34.752  3924  3924 V KeyguardDisplayManager: show
11-24 16:35:40.423  1575 11343 I chatty  : uid=1000(system) Binder:1575_1A expire 19 lines
11-24 16:36:11.236  1575  4026 I chatty  : uid=1000(system) Binder:1575_4 expire 13 lines
11-24 16:36:20.092  1575  3887 I chatty  : uid=1000(system) ConnectivitySer expire 21 lines
11-24 16:36:20.124  4077  4077 W ContextImpl: Calling a method in the system process without a qualified user: android.app.ContextImpl.sendBroadcast:920 android.content.ContextWrapper.sendBroadcast:426 com.motorola.blur.service.blur.BSUtils.sendBroadcast:158 com.motorola.blur.service.blur.BSUtils.sendBroadcast:154 com.motorola.ccc.plm.pollingmanager.PollingManagerService$MyConnectivityReceiver.sendConnectivityIntent:596 
11-24 16:36:20.235  4077  4077 W ContextImpl: Calling a method in the system process without a qualified user: android.app.ContextImpl.sendBroadcast:920 android.content.ContextWrapper.sendBroadcast:426 com.motorola.blur.service.blur.BSUtils.sendBroadcast:158 com.motorola.blur.service.blur.BSUtils.sendBroadcast:154 com.motorola.ccc.plm.pollingmanager.PollingManagerService$MyConnectivityReceiver.sendConnectivityIntent:596 
11-24 16:36:47.848  1575  4117 I chatty  : uid=1000(system) Binder:1575_5 expire 11 lines
11-24 16:36:48.156  4077  4077 W ContextImpl: Calling a method in the system process without a qualified user: android.app.ContextImpl.sendBroadcast:920 android.content.ContextWrapper.sendBroadcast:426 com.motorola.blur.service.blur.BSUtils.sendBroadcast:158 com.motorola.blur.service.blur.BSUtils.sendBroadcast:154 com.motorola.ccc.plm.pollingmanager.PollingManagerService$MyConnectivityReceiver.sendConnectivityIntent:596 
11-24 16:36:48.251  1575 11341 I chatty  : uid=1000(system) Binder:1575_18 expire 10 lines
11-24 16:36:48.311  4077  4077 W ContextImpl: Calling a method in the system process without a qualified user: android.app.ContextImpl.sendBroadcast:920 android.content.ContextWrapper.sendBroadcast:426 com.motorola.blur.service.blur.BSUtils.sendBroadcast:158 com.motorola.blur.service.blur.BSUtils.sendBroadcast:154 com.motorola.ccc.plm.pollingmanager.PollingManagerService$MyConnectivityReceiver.sendConnectivityIntent:596 
11-24 16:36:49.020  4077  4077 W ContextImpl: Calling a method in the system process without a qualified user: android.app.ContextImpl.sendBroadcast:920 android.content.ContextWrapper.sendBroadcast:426 com.motorola.blur.service.blur.BSUtils.sendBroadcast:158 com.motorola.blur.service.blur.BSUtils.sendBroadcast:154 com.motorola.ccc.plm.pollingmanager.PollingManagerService$MyConnectivityReceiver.sendConnectivityIntent:596 
11-24 16:36:49.041  1575 11774 I chatty  : uid=1000(system) Binder:1575_1C expire 18 lines
11-24 16:36:49.118  4077  4077 W ContextImpl: Calling a method in the system process without a qualified user: android.app.ContextImpl.sendBroadcast:920 android.content.ContextWrapper.sendBroadcast:426 com.motorola.blur.service.blur.BSUtils.sendBroadcast:158 com.motorola.blur.service.blur.BSUtils.sendBroadcast:154 com.motorola.ccc.plm.pollingmanager.PollingManagerService$MyConnectivityReceiver.sendConnectivityIntent:596 
11-24 16:38:35.692  1575  1782 I chatty  : uid=1000(system) ActivityManager expire 12 lines
11-24 16:38:37.745  1575  3887 I chatty  : uid=1000(system) ConnectivitySer expire 34 lines
11-24 16:38:37.864  1575  8499 I chatty  : uid=1000(system) Binder:1575_11 expire 10 lines
11-24 16:38:37.967  4077  4077 W ContextImpl: Calling a method in the system process without a qualified user: android.app.ContextImpl.sendBroadcast:920 android.content.ContextWrapper.sendBroadcast:426 com.motorola.blur.service.blur.BSUtils.sendBroadcast:158 com.motorola.blur.service.blur.BSUtils.sendBroadcast:154 com.motorola.ccc.plm.pollingmanager.PollingManagerService$MyConnectivityReceiver.sendConnectivityIntent:596 
11-24 16:38:38.755  1575  4617 I chatty  : uid=1000(system) Binder:1575_E expire 17 lines
11-24 16:38:38.758  4077  4077 W ContextImpl: Calling a method in the system process without a qualified user: android.app.ContextImpl.sendBroadcast:920 android.content.ContextWrapper.sendBroadcast:426 com.motorola.blur.service.blur.BSUtils.sendBroadcast:158 com.motorola.blur.service.blur.BSUtils.sendBroadcast:154 com.motorola.ccc.plm.pollingmanager.PollingManagerService$MyConnectivityReceiver.sendConnectivityIntent:596 
11-24 16:38:41.711  1575  4415 I chatty  : uid=1000(system) Binder:1575_9 expire 11 lines
11-24 16:39:00.854  1575 11342 I chatty  : uid=1000(system) Binder:1575_19 expire 11 lines
11-24 16:39:25.005  4077  4077 W ContextImpl: Calling a method in the system process without a qualified user: android.app.ContextImpl.sendBroadcast:920 android.content.ContextWrapper.sendBroadcast:426 com.motorola.blur.service.blur.BSUtils.sendBroadcast:158 com.motorola.blur.service.blur.BSUtils.sendBroadcast:154 com.motorola.ccc.plm.pollingmanager.PollingManagerService$MyConnectivityReceiver.sendConnectivityIntent:596 
11-24 16:39:25.116  4077  4077 W ContextImpl: Calling a method in the system process without a qualified user: android.app.ContextImpl.sendBroadcast:920 android.content.ContextWrapper.sendBroadcast:426 com.motorola.blur.service.blur.BSUtils.sendBroadcast:158 com.motorola.blur.service.blur.BSUtils.sendBroadcast:154 com.motorola.ccc.plm.pollingmanager.PollingManagerService$MyConnectivityReceiver.sendConnectivityIntent:596 
11-24 16:39:55.445  1575  3887 I chatty  : uid=1000(system) ConnectivitySer expire 11 lines
11-24 16:40:18.844  1575  4117 I chatty  : uid=1000(system) Binder:1575_5 expire 14 lines
11-24 16:40:43.202  4077  4077 W ContextImpl: Calling a method in the system process without a qualified user: android.app.ContextImpl.sendBroadcast:920 android.content.ContextWrapper.sendBroadcast:426 com.motorola.blur.service.blur.BSUtils.sendBroadcast:158 com.motorola.blur.service.blur.BSUtils.sendBroadcast:154 com.motorola.ccc.plm.pollingmanager.PollingManagerService$MyConnectivityReceiver.sendConnectivityIntent:596 
11-24 16:40:43.962  4077  4077 W ContextImpl: Calling a method in the system process without a qualified user: android.app.ContextImpl.sendBroadcast:920 android.content.ContextWrapper.sendBroadcast:426 com.motorola.blur.service.blur.BSUtils.sendBroadcast:158 com.motorola.blur.service.blur.BSUtils.sendBroadcast:154 com.motorola.ccc.plm.pollingmanager.PollingManagerService$MyConnectivityReceiver.sendConnectivityIntent:596 
11-24 16:40:43.962  1575  1586 I chatty  : uid=1000(system) Binder:1575_2 expire 10 lines
11-24 16:40:44.144  1575  8567 I chatty  : uid=1000(system) Binder:1575_15 expire 10 lines
11-24 16:40:44.432  1575  3887 I chatty  : uid=1000(system) ConnectivitySer expire 24 lines
11-24 16:40:45.430  1575  1782 I chatty  : uid=1000(system) ActivityManager expire 14 lines
11-24 16:40:48.691  4077  4077 W ContextImpl: Calling a method in the system process without a qualified user: android.app.ContextImpl.sendBroadcast:920 android.content.ContextWrapper.sendBroadcast:426 com.motorola.blur.service.blur.BSUtils.sendBroadcast:158 com.motorola.blur.service.blur.BSUtils.sendBroadcast:154 com.motorola.ccc.plm.pollingmanager.PollingManagerService$MyConnectivityReceiver.sendConnectivityIntent:596 
11-24 16:40:48.846  1575  4118 I chatty  : uid=1000(system) Binder:1575_6 expire 18 lines
11-24 16:40:48.847  1575  4415 I chatty  : uid=1000(system) Binder:1575_9 expire 15 lines
11-24 16:40:48.848  1575  8501 I chatty  : uid=1000(system) Binder:1575_13 expire 10 lines
11-24 16:40:48.854  1575 22228 I chatty  : uid=1000(system) Binder:1575_1E expire 15 lines
11-24 16:40:48.938  1575  8861 I chatty  : uid=1000(system) Binder:1575_16 expire 11 lines
11-24 16:41:54.239  1575  1585 I chatty  : uid=1000(system) Binder:1575_1 expire 11 lines
11-24 16:41:55.475  1575  3697 I chatty  : uid=1000(system) UEventObserver expire 10 lines
11-24 16:42:13.701   644  1218 E NetlinkListener: recvmsg failed (No buffer space available)
11-24 16:42:24.539  1575  3887 I chatty  : uid=1000(system) ConnectivitySer expire 14 lines
11-24 16:42:56.527  1575  4233 I chatty  : uid=1000(system) Binder:1575_7 expire 12 lines
11-24 16:43:13.049  1575  1791 I chatty  : uid=1000(system) batterystats-sy expire 26 lines
11-24 16:46:30.176  4077  4077 W ContextImpl: Calling a method in the system process without a qualified user: android.app.ContextImpl.sendBroadcast:920 android.content.ContextWrapper.sendBroadcast:426 com.motorola.blur.service.blur.BSUtils.sendBroadcast:158 com.motorola.blur.service.blur.BSUtils.sendBroadcast:154 com.motorola.ccc.plm.pollingmanager.PollingManagerService$MyConnectivityReceiver.sendConnectivityIntent:596 
11-24 16:46:32.074   556   556 I chatty  : uid=1000(system) /system/bin/surfaceflinger expire 30 lines
11-24 16:46:34.274  1575  8567 I chatty  : uid=1000(system) Binder:1575_15 expire 12 lines
11-24 16:46:34.659  1575  1575 I chatty  : uid=1000 system_server expire 14 lines
11-24 16:46:34.700  1575 11774 I chatty  : uid=1000(system) Binder:1575_1C expire 19 lines
11-24 16:46:34.728  3924  3924 V KeyguardDisplayManager: hide
11-24 16:46:43.232  1575  1782 I chatty  : uid=1000(system) ActivityManager expire 18 lines
11-24 16:46:44.101   556   750 I chatty  : uid=1000(system) EventThread expire 16 lines
11-24 16:47:09.691  1575 11343 I chatty  : uid=1000(system) Binder:1575_1A expire 14 lines
11-24 16:47:09.692  1575  4414 I chatty  : uid=1000(system) Binder:1575_8 expire 10 lines
11-24 16:47:09.692  1575  3887 I chatty  : uid=1000(system) ConnectivitySer expire 10 lines
11-24 16:47:09.724  1575 11342 I chatty  : uid=1000(system) Binder:1575_19 expire 13 lines
11-24 16:47:16.324  1575  4616 I chatty  : uid=1000(system) Binder:1575_D expire 10 lines
11-24 16:47:17.184  1575  3715 I chatty  : uid=1000(system) InputReader expire 10 lines
11-24 16:47:17.780  1575  8501 I chatty  : uid=1000(system) Binder:1575_13 expire 11 lines
11-24 16:47:17.807  1575  2783 I chatty  : uid=1000(system) PackageManager expire 1 line
11-24 16:47:18.149  3924  3924 V KeyguardStatusView: refresh statusview showing:true
11-24 16:47:18.163  3924  3924 V KeyguardDisplayManager: show
11-24 16:47:21.549  1575 11341 I chatty  : uid=1000(system) Binder:1575_18 expire 11 lines
11-24 16:47:22.024  1575  1586 I chatty  : uid=1000(system) Binder:1575_2 expire 10 lines
11-24 16:47:25.375  4077  4077 W ContextImpl: Calling a method in the system process without a qualified user: android.app.ContextImpl.sendBroadcast:920 android.content.ContextWrapper.sendBroadcast:426 com.motorola.blur.service.blur.BSUtils.sendBroadcast:158 com.motorola.blur.service.blur.BSUtils.sendBroadcast:154 com.motorola.ccc.plm.pollingmanager.PollingManagerService$MyConnectivityReceiver.sendConnectivityIntent:596 
11-24 16:47:25.377  1575 30911 I chatty  : uid=1000(system) Binder:1575_1F expire 14 lines
11-24 16:47:25.535  4077  4077 W ContextImpl: Calling a method in the system process without a qualified user: android.app.ContextImpl.sendBroadcast:920 android.content.ContextWrapper.sendBroadcast:426 com.motorola.blur.service.blur.BSUtils.sendBroadcast:158 com.motorola.blur.service.blur.BSUtils.sendBroadcast:154 com.motorola.ccc.plm.pollingmanager.PollingManagerService$MyConnectivityReceiver.sendConnectivityIntent:596 
11-24 16:47:30.516  1575 11342 I chatty  : uid=1000(system) Binder:1575_19 expire 11 lines
11-24 16:47:55.326  1575  3887 I chatty  : uid=1000(system) ConnectivitySer expire 11 lines
11-24 16:49:36.281  1575  8499 I chatty  : uid=1000(system) Binder:1575_11 expire 12 lines
11-24 16:49:38.643  4077  4077 W ContextImpl: Calling a method in the system process without a qualified user: android.app.ContextImpl.sendBroadcast:920 android.content.ContextWrapper.sendBroadcast:426 com.motorola.blur.service.blur.BSUtils.sendBroadcast:158 com.motorola.blur.service.blur.BSUtils.sendBroadcast:154 com.motorola.ccc.plm.pollingmanager.PollingManagerService$MyConnectivityReceiver.sendConnectivityIntent:596 
11-24 16:49:39.203  1575 11196 I chatty  : uid=1000(system) Binder:1575_17 expire 10 lines
11-24 16:49:39.487  4077  4077 W ContextImpl: Calling a method in the system process without a qualified user: android.app.ContextImpl.sendBroadcast:920 android.content.ContextWrapper.sendBroadcast:426 com.motorola.blur.service.blur.BSUtils.sendBroadcast:158 com.motorola.blur.service.blur.BSUtils.sendBroadcast:154 com.motorola.ccc.plm.pollingmanager.PollingManagerService$MyConnectivityReceiver.sendConnectivityIntent:596 
11-24 16:49:39.494  1575  1586 I chatty  : uid=1000(system) Binder:1575_2 expire 16 lines
11-24 16:49:40.012  1575  3887 I chatty  : uid=1000(system) ConnectivitySer expire 10 lines
11-24 16:49:40.076  1575  1782 I chatty  : uid=1000(system) ActivityManager expire 11 lines
11-24 16:49:42.189  1575  3881 I chatty  : uid=1000(system) WifiStateMachin expire 10 lines
11-24 16:49:50.565  4077  4077 W ContextImpl: Calling a method in the system process without a qualified user: android.app.ContextImpl.sendBroadcast:920 android.content.ContextWrapper.sendBroadcast:426 com.motorola.blur.service.blur.BSUtils.sendBroadcast:158 com.motorola.blur.service.blur.BSUtils.sendBroadcast:154 com.motorola.ccc.plm.pollingmanager.PollingManagerService$MyConnectivityReceiver.sendConnectivityIntent:596 
11-24 16:49:50.690  4077  4077 W ContextImpl: Calling a method in the system process without a qualified user: android.app.ContextImpl.sendBroadcast:920 android.content.ContextWrapper.sendBroadcast:426 com.motorola.blur.service.blur.BSUtils.sendBroadcast:158 com.motorola.blur.service.blur.BSUtils.sendBroadcast:154 com.motorola.ccc.plm.pollingmanager.PollingManagerService$MyConnectivityReceiver.sendConnectivityIntent:596 
11-24 16:49:50.724  1575  4617 I chatty  : uid=1000(system) Binder:1575_E expire 10 lines
11-24 16:49:50.737  1575  5944 I chatty  : uid=1000(system) Binder:1575_10 expire 13 lines
11-24 16:50:09.999  1575  2058 I chatty  : uid=1000(system) android.display expire 13 lines
11-24 16:50:15.924  3924  3924 V KeyguardDisplayManager: hide
11-24 16:50:17.195   556   556 I chatty  : uid=1000(system) /system/bin/surfaceflinger expire 63 lines
11-24 16:50:17.533  1575  8500 I chatty  : uid=1000(system) Binder:1575_12 expire 17 lines
11-24 16:50:18.664  1575  4118 I chatty  : uid=1000(system) Binder:1575_6 expire 10 lines
11-24 16:50:19.207  1575 31364 I chatty  : uid=1000(system) Binder:1575_20 expire 15 lines
11-24 16:50:19.222   556   750 I chatty  : uid=1000(system) EventThread expire 34 lines
11-24 16:50:20.524  1575  3887 I chatty  : uid=1000(system) ConnectivitySer expire 20 lines
11-24 16:50:42.139  1575  4548 I chatty  : uid=1000(system) Binder:1575_B expire 13 lines
11-24 16:50:42.245  1575 11341 I chatty  : uid=1000(system) Binder:1575_18 expire 10 lines
11-24 16:50:44.407  1575  4415 I chatty  : uid=1000(system) Binder:1575_9 expire 10 lines
11-24 16:51:52.874  4077  4077 W ContextImpl: Calling a method in the system process without a qualified user: android.app.ContextImpl.sendBroadcast:920 android.content.ContextWrapper.sendBroadcast:426 com.motorola.blur.service.blur.BSUtils.sendBroadcast:158 com.motorola.blur.service.blur.BSUtils.sendBroadcast:154 com.motorola.ccc.plm.pollingmanager.PollingManagerService$MyConnectivityReceiver.sendConnectivityIntent:596 
11-24 16:51:52.985   556   556 I chatty  : uid=1000(system) /system/bin/surfaceflinger expire 95 lines
11-24 16:51:53.717  4077  4077 W ContextImpl: Calling a method in the system process without a qualified user: android.app.ContextImpl.sendBroadcast:920 android.content.ContextWrapper.sendBroadcast:426 com.motorola.blur.service.blur.BSUtils.sendBroadcast:158 com.motorola.blur.service.blur.BSUtils.sendBroadcast:154 com.motorola.ccc.plm.pollingmanager.PollingManagerService$MyConnectivityReceiver.sendConnectivityIntent:596 
11-24 16:51:54.316  1575  3875 I chatty  : uid=1000(system) NetworkPolicy expire 10 lines
11-24 16:51:54.323  1575  3719 I chatty  : uid=1000(system) Binder:1575_3 expire 12 lines
11-24 16:51:57.599   556   750 I chatty  : uid=1000(system) EventThread expire 46 lines
11-24 16:52:09.597  1575 22227 I chatty  : uid=1000(system) Binder:1575_1D expire 11 lines
11-24 16:52:11.476   556   748 I chatty  : uid=1000(system) EventThread expire 20 lines
11-24 16:52:11.569  1575  5944 I chatty  : uid=1000(system) Binder:1575_10 expire 11 lines
11-24 16:52:11.596  1575  4417 I chatty  : uid=1000(system) Binder:1575_A expire 14 lines
11-24 16:53:09.769  1575 11677 I chatty  : uid=1000(system) Binder:1575_1B expire 11 lines
11-24 16:53:44.619  1575  4118 I chatty  : uid=1000(system) Binder:1575_6 expire 15 lines
11-24 16:53:58.121  1575  3887 I chatty  : uid=1000(system) ConnectivitySer expire 11 lines
11-24 16:54:02.343  1575 11774 I chatty  : uid=1000(system) Binder:1575_1C expire 10 lines
11-24 16:54:35.358  1575 22228 I chatty  : uid=1000(system) Binder:1575_1E expire 10 lines
11-24 16:54:45.421  4077  4077 W ContextImpl: Calling a method in the system process without a qualified user: android.app.ContextImpl.sendBroadcast:920 android.content.ContextWrapper.sendBroadcast:426 com.motorola.blur.service.blur.BSUtils.sendBroadcast:158 com.motorola.blur.service.blur.BSUtils.sendBroadcast:154 com.motorola.ccc.plm.pollingmanager.PollingManagerService$MyConnectivityReceiver.sendConnectivityIntent:596 
11-24 16:54:45.558  4077  4077 W ContextImpl: Calling a method in the system process without a qualified user: android.app.ContextImpl.sendBroadcast:920 android.content.ContextWrapper.sendBroadcast:426 com.motorola.blur.service.blur.BSUtils.sendBroadcast:158 com.motorola.blur.service.blur.BSUtils.sendBroadcast:154 com.motorola.ccc.plm.pollingmanager.PollingManagerService$MyConnectivityReceiver.sendConnectivityIntent:596 
11-24 16:54:45.582  1575  1585 I chatty  : uid=1000(system) Binder:1575_1 expire 14 lines
11-24 16:54:46.472  1575  2058 I chatty  : uid=1000(system) android.display expire 16 lines
11-24 16:54:46.788  1575  1782 I chatty  : uid=1000(system) ActivityManager expire 18 lines
11-24 16:54:48.193   556   556 I chatty  : uid=1000(system) /system/bin/surfaceflinger expire 101 lines
11-24 16:54:50.770   556   750 I chatty  : uid=1000(system) EventThread expire 50 lines
11-24 16:54:50.817  1575  1791 I chatty  : uid=1000(system) batterystats-sy expire 12 lines
11-24 16:54:52.299  1575 11343 I chatty  : uid=1000(system) Binder:1575_1A expire 13 lines
11-24 16:54:52.299  1575  8567 I chatty  : uid=1000(system) Binder:1575_15 expire 11 lines
11-24 16:54:52.301  1575  3887 I chatty  : uid=1000(system) ConnectivitySer expire 12 lines
11-24 16:55:00.245  1575  3697 I chatty  : uid=1000(system) UEventObserver expire 10 lines
11-24 16:55:10.072  1575  4026 I chatty  : uid=1000(system) Binder:1575_4 expire 10 lines
11-24 16:55:44.750  1575  1586 I chatty  : uid=1000(system) Binder:1575_2 expire 15 lines
11-24 16:55:53.806  1575  4648 I chatty  : uid=1000(system) Binder:1575_F expire 14 lines
11-24 16:55:55.982  1575  5944 I chatty  : uid=1000(system) Binder:1575_10 expire 23 lines
11-24 16:55:58.580  1575  4417 I chatty  : uid=1000(system) Binder:1575_A expire 12 lines
11-24 16:57:00.728  1575 11342 I chatty  : uid=1000(system) Binder:1575_19 expire 14 lines
11-24 16:57:59.534  3924  3924 V KeyguardStatusView: refresh statusview showing:true
11-24 16:57:59.591  3924  3924 V KeyguardDisplayManager: show
11-24 16:58:00.907   556   750 I chatty  : uid=1000(system) EventThread expire 11 lines
11-24 16:58:00.913  3924  3924 V KeyguardDisplayManager: hide
11-24 16:58:00.992   556   556 I chatty  : uid=1000(system) /system/bin/surfaceflinger expire 11 lines
11-24 16:58:06.414  1575  8499 I chatty  : uid=1000(system) Binder:1575_11 expire 17 lines
11-24 16:58:11.314  1575  2058 I chatty  : uid=1000(system) android.display expire 15 lines
11-24 16:58:12.497  1575  1575 I chatty  : uid=1000 system_server expire 13 lines
11-24 16:58:13.265  3924  3924 V KeyguardStatusView: refresh statusview showing:true
11-24 16:58:13.276  3924  3924 V KeyguardDisplayManager: show
11-24 17:01:53.790  1575  8566 I chatty  : uid=1000(system) Binder:1575_14 expire 12 lines
11-24 17:02:33.688   644  1218 E NetlinkListener: recvmsg failed (No buffer space available)
11-24 17:03:04.582  1575  1782 I chatty  : uid=1000(system) ActivityManager expire 11 lines
11-24 17:03:40.013  1575  1774 I chatty  : uid=1000(system) android.bg expire 10 lines
11-24 17:03:40.036  4077  4077 W ContextImpl: Calling a method in the system process without a qualified user: android.app.ContextImpl.sendBroadcast:920 android.content.ContextWrapper.sendBroadcast:426 com.motorola.blur.service.blur.BSUtils.sendBroadcast:158 com.motorola.blur.service.blur.BSUtils.sendBroadcast:154 com.motorola.ccc.plm.pollingmanager.PollingManagerService$MyConnectivityReceiver.sendConnectivityIntent:596 
11-24 17:08:49.043  1575  4551 I chatty  : uid=1000(system) Binder:1575_C expire 12 lines
11-24 17:08:49.054  4077  4077 W ContextImpl: Calling a method in the system process without a qualified user: android.app.ContextImpl.sendBroadcast:920 android.content.ContextWrapper.sendBroadcast:426 com.motorola.blur.service.blur.BSUtils.sendBroadcast:158 com.motorola.blur.service.blur.BSUtils.sendBroadcast:154 com.motorola.ccc.plm.pollingmanager.PollingManagerService$MyConnectivityReceiver.sendConnectivityIntent:596 
11-24 17:08:52.686  1575  1782 I chatty  : uid=1000(system) ActivityManager expire 15 lines
11-24 17:09:00.231  4077  4077 W ContextImpl: Calling a method in the system process without a qualified user: android.app.ContextImpl.sendBroadcast:920 android.content.ContextWrapper.sendBroadcast:426 com.motorola.blur.service.blur.BSUtils.sendBroadcast:158 com.motorola.blur.service.blur.BSUtils.sendBroadcast:154 com.motorola.ccc.plm.pollingmanager.PollingManagerService$MyConnectivityReceiver.sendConnectivityIntent:596 
11-24 17:16:51.885  1575  1585 I chatty  : uid=1000(system) Binder:1575_1 expire 12 lines
11-24 17:17:36.746  1575  2131 I chatty  : uid=1000(system) PowerManagerSer expire 15 lines
11-24 17:17:37.069  4077  4077 W ContextImpl: Calling a method in the system process without a qualified user: android.app.ContextImpl.sendBroadcast:920 android.content.ContextWrapper.sendBroadcast:426 com.motorola.blur.service.blur.BSUtils.sendBroadcast:158 com.motorola.blur.service.blur.BSUtils.sendBroadcast:154 com.motorola.ccc.plm.pollingmanager.PollingManagerService$MyConnectivityReceiver.sendConnectivityIntent:596 
11-24 17:17:37.657  4077  4077 W ContextImpl: Calling a method in the system process without a qualified user: android.app.ContextImpl.sendBroadcast:920 android.content.ContextWrapper.sendBroadcast:426 com.motorola.blur.service.blur.BSUtils.sendBroadcast:158 com.motorola.blur.service.blur.BSUtils.sendBroadcast:154 com.motorola.ccc.plm.pollingmanager.PollingManagerService$MyConnectivityReceiver.sendConnectivityIntent:596 
11-24 17:17:38.655  1575  1782 I chatty  : uid=1000(system) ActivityManager expire 12 lines
11-24 17:17:38.658  4077  4077 W ContextImpl: Calling a method in the system process without a qualified user: android.app.ContextImpl.sendBroadcast:920 android.content.ContextWrapper.sendBroadcast:426 com.motorola.blur.service.blur.BSUtils.sendBroadcast:158 com.motorola.blur.service.blur.BSUtils.sendBroadcast:154 com.motorola.ccc.plm.pollingmanager.PollingManagerService$MyConnectivityReceiver.sendConnectivityIntent:596 
11-24 17:17:38.777   556   556 I chatty  : uid=1000(system) /system/bin/surfaceflinger expire 64 lines
11-24 17:17:38.889  3924  3924 V KeyguardDisplayManager: hide
11-24 17:17:39.287  1575  3887 I chatty  : uid=1000(system) ConnectivitySer expire 15 lines
11-24 17:17:53.593  1575  1791 I chatty  : uid=1000(system) batterystats-sy expire 12 lines
11-24 17:17:53.616  1575  8501 I chatty  : uid=1000(system) Binder:1575_13 expire 15 lines
11-24 17:17:55.166  1575  4118 I chatty  : uid=1000(system) Binder:1575_6 expire 14 lines
11-24 17:18:03.746   556   750 I chatty  : uid=1000(system) EventThread expire 14 lines
11-24 17:18:13.905  1575  2058 I chatty  : uid=1000(system) android.display expire 21 lines
11-24 17:18:41.773  3924  3924 V DeadZone: consuming errant click: (274.0,84.0)
11-24 17:18:43.110   556   556 I chatty  : uid=1000(system) /system/bin/surfaceflinger expire 11 lines
11-24 17:18:44.086  1575 11343 I chatty  : uid=1000(system) Binder:1575_1A expire 15 lines
11-24 17:18:45.518  1575  1575 I chatty  : uid=1000 system_server expire 35 lines
11-24 17:18:45.544  1575  4335 I chatty  : uid=1000(system) uteStateMachine expire 13 lines
11-24 17:18:45.545  1575  4336 I chatty  : uid=1000(system) CallAudioModeSt expire 11 lines
11-24 17:18:45.883  1575  8567 I chatty  : uid=1000(system) Binder:1575_15 expire 22 lines
11-24 17:18:45.971  1575  4233 I chatty  : uid=1000(system) Binder:1575_7 expire 22 lines
11-24 17:18:46.050  1575  4117 I chatty  : uid=1000(system) Binder:1575_5 expire 14 lines
11-24 17:18:46.074  1575  4617 I chatty  : uid=1000(system) Binder:1575_E expire 12 lines
11-24 17:18:46.079  1575  4026 I chatty  : uid=1000(system) Binder:1575_4 expire 15 lines
11-24 17:18:46.205  1575  4415 I chatty  : uid=1000(system) Binder:1575_9 expire 16 lines
11-24 17:18:46.219  1575 22227 I chatty  : uid=1000(system) Binder:1575_1D expire 15 lines
11-24 17:18:50.288  1575  3697 I chatty  : uid=1000(system) UEventObserver expire 26 lines
11-24 17:19:04.106   556   750 I chatty  : uid=1000(system) EventThread expire 13 lines
11-24 17:20:15.974  4077  4077 W ContextImpl: Calling a method in the system process without a qualified user: android.app.ContextImpl.sendBroadcast:920 android.content.ContextWrapper.sendBroadcast:426 com.motorola.blur.service.blur.BSUtils.sendBroadcast:158 com.motorola.blur.service.blur.BSUtils.sendBroadcast:154 com.motorola.ccc.plm.pollingmanager.PollingManagerService$MyConnectivityReceiver.sendConnectivityIntent:596 
11-24 17:20:15.996  1575  3719 I chatty  : uid=1000(system) Binder:1575_3 expire 10 lines
11-24 17:20:16.056  4077  4077 W ContextImpl: Calling a method in the system process without a qualified user: android.app.ContextImpl.sendBroadcast:920 android.content.ContextWrapper.sendBroadcast:426 com.motorola.blur.service.blur.BSUtils.sendBroadcast:158 com.motorola.blur.service.blur.BSUtils.sendBroadcast:154 com.motorola.ccc.plm.pollingmanager.PollingManagerService$MyConnectivityReceiver.sendConnectivityIntent:596 
11-24 17:20:21.971  1575  4617 I chatty  : uid=1000(system) Binder:1575_E expire 10 lines
11-24 17:20:22.887  1575  2058 I chatty  : uid=1000(system) android.display expire 24 lines
11-24 17:20:43.194  1575  2131 I chatty  : uid=1000(system) PowerManagerSer expire 14 lines
11-24 17:20:45.914  1575  3887 I chatty  : uid=1000(system) ConnectivitySer expire 16 lines
11-24 17:21:00.733   556   556 I chatty  : uid=1000(system) /system/bin/surfaceflinger expire 14 lines
11-24 17:21:24.172  1575  8500 I chatty  : uid=1000(system) Binder:1575_12 expire 19 lines
11-24 17:21:45.588  1575 31364 I chatty  : uid=1000(system) Binder:1575_20 expire 15 lines
11-24 17:21:46.714  1575  4335 I chatty  : uid=1000(system) uteStateMachine expire 10 lines
11-24 17:21:50.902  1575  1575 I chatty  : uid=1000 system_server expire 25 lines
11-24 17:21:50.967  1575  4548 I chatty  : uid=1000(system) Binder:1575_B expire 14 lines
11-24 17:22:50.936  1575  1791 I chatty  : uid=1000(system) batterystats-sy expire 16 lines
11-24 17:23:17.831   556   748 I chatty  : uid=1000(system) EventThread expire 10 lines
11-24 17:23:17.947  4077  4077 W ContextImpl: Calling a method in the system process without a qualified user: android.app.ContextImpl.sendBroadcast:920 android.content.ContextWrapper.sendBroadcast:426 com.motorola.blur.service.blur.BSUtils.sendBroadcast:158 com.motorola.blur.service.blur.BSUtils.sendBroadcast:154 com.motorola.ccc.plm.pollingmanager.PollingManagerService$MyConnectivityReceiver.sendConnectivityIntent:596 
11-24 17:23:17.976  1575 30911 I chatty  : uid=1000(system) Binder:1575_1F expire 18 lines
11-24 17:23:18.068  4077  4077 W ContextImpl: Calling a method in the system process without a qualified user: android.app.ContextImpl.sendBroadcast:920 android.content.ContextWrapper.sendBroadcast:426 com.motorola.blur.service.blur.BSUtils.sendBroadcast:158 com.motorola.blur.service.blur.BSUtils.sendBroadcast:154 com.motorola.ccc.plm.pollingmanager.PollingManagerService$MyConnectivityReceiver.sendConnectivityIntent:596 
11-24 17:23:21.279  1575  3719 I chatty  : uid=1000(system) Binder:1575_3 expire 18 lines
11-24 17:23:24.305  1575  4616 I chatty  : uid=1000(system) Binder:1575_D expire 13 lines
11-24 17:23:33.660  1575  1782 I chatty  : uid=1000(system) ActivityManager expire 12 lines
11-24 17:23:51.090  1575 31364 I chatty  : uid=1000(system) Binder:1575_20 expire 14 lines
11-24 17:25:30.707  1575  3887 I chatty  : uid=1000(system) ConnectivitySer expire 22 lines
11-24 17:25:38.739  4077  4077 W ContextImpl: Calling a method in the system process without a qualified user: android.app.ContextImpl.sendBroadcast:920 android.content.ContextWrapper.sendBroadcast:426 com.motorola.blur.service.blur.BSUtils.sendBroadcast:158 com.motorola.blur.service.blur.BSUtils.sendBroadcast:154 com.motorola.ccc.plm.pollingmanager.PollingManagerService$MyConnectivityReceiver.sendConnectivityIntent:596 
11-24 17:25:38.793  1575 22228 I chatty  : uid=1000(system) Binder:1575_1E expire 10 lines
11-24 17:25:38.841  4077  4077 W ContextImpl: Calling a method in the system process without a qualified user: android.app.ContextImpl.sendBroadcast:920 android.content.ContextWrapper.sendBroadcast:426 com.motorola.blur.service.blur.BSUtils.sendBroadcast:158 com.motorola.blur.service.blur.BSUtils.sendBroadcast:154 com.motorola.ccc.plm.pollingmanager.PollingManagerService$MyConnectivityReceiver.sendConnectivityIntent:596 
11-24 17:26:11.935  1575  1791 I chatty  : uid=1000(system) batterystats-sy expire 16 lines
11-24 17:26:12.015   556   556 I chatty  : uid=1000(system) /system/bin/surfaceflinger expire 10 lines
11-24 17:26:12.317  1575  4548 I chatty  : uid=1000(system) Binder:1575_B expire 12 lines
11-24 17:26:12.758  1575 11343 I chatty  : uid=1000(system) Binder:1575_1A expire 14 lines
11-24 17:26:19.005  1575  2058 I chatty  : uid=1000(system) android.display expire 13 lines
11-24 17:26:24.514  1575  8861 I chatty  : uid=1000(system) Binder:1575_16 expire 14 lines
11-24 17:26:28.374  1575  8566 I chatty  : uid=1000(system) Binder:1575_14 expire 10 lines
11-24 17:26:49.060  1575  4391 I chatty  : uid=1000(system) backup expire 38 lines
11-24 17:27:09.844  1575  5944 I chatty  : uid=1000(system) Binder:1575_10 expire 11 lines
11-24 17:27:15.038  1575  1585 I chatty  : uid=1000(system) Binder:1575_1 expire 11 lines
11-24 17:27:22.458  1575  4417 I chatty  : uid=1000(system) Binder:1575_A expire 17 lines
11-24 17:28:45.512  1575 11342 I chatty  : uid=1000(system) Binder:1575_19 expire 14 lines
11-24 17:28:46.636  1575  8501 I chatty  : uid=1000(system) Binder:1575_13 expire 12 lines
11-24 17:28:47.475  1575  4617 I chatty  : uid=1000(system) Binder:1575_E expire 11 lines
11-24 17:28:50.667  4077  4077 W ContextImpl: Calling a method in the system process without a qualified user: android.app.ContextImpl.sendBroadcast:920 android.content.ContextWrapper.sendBroadcast:426 com.motorola.blur.service.blur.BSUtils.sendBroadcast:158 com.motorola.blur.service.blur.BSUtils.sendBroadcast:154 com.motorola.ccc.plm.pollingmanager.PollingManagerService$MyConnectivityReceiver.sendConnectivityIntent:596 
11-24 17:28:52.297  4077  4077 W ContextImpl: Calling a method in the system process without a qualified user: android.app.ContextImpl.sendBroadcast:920 android.content.ContextWrapper.sendBroadcast:426 com.motorola.blur.service.blur.BSUtils.sendBroadcast:158 com.motorola.blur.service.blur.BSUtils.sendBroadcast:154 com.motorola.ccc.plm.pollingmanager.PollingManagerService$MyConnectivityReceiver.sendConnectivityIntent:596 
11-24 17:28:52.705  1575  3887 I chatty  : uid=1000(system) ConnectivitySer expire 11 lines
11-24 17:28:57.307  1575  3697 I chatty  : uid=1000(system) UEventObserver expire 19 lines
11-24 17:29:11.928  1575  8500 I chatty  : uid=1000(system) Binder:1575_12 expire 10 lines
11-24 17:30:10.510  1575  1791 I chatty  : uid=1000(system) batterystats-sy expire 40 lines
11-24 17:30:21.225  4077  4077 W ContextImpl: Calling a method in the system process without a qualified user: android.app.ContextImpl.sendBroadcast:920 android.content.ContextWrapper.sendBroadcast:426 com.motorola.blur.service.blur.BSUtils.sendBroadcast:158 com.motorola.blur.service.blur.BSUtils.sendBroadcast:154 com.motorola.ccc.plm.pollingmanager.PollingManagerService$MyConnectivityReceiver.sendConnectivityIntent:596 
11-24 17:30:21.255  1575 11196 I chatty  : uid=1000(system) Binder:1575_17 expire 10 lines
11-24 17:30:21.296  4077  4077 W ContextImpl: Calling a method in the system process without a qualified user: android.app.ContextImpl.sendBroadcast:920 android.content.ContextWrapper.sendBroadcast:426 com.motorola.blur.service.blur.BSUtils.sendBroadcast:158 com.motorola.blur.service.blur.BSUtils.sendBroadcast:154 com.motorola.ccc.plm.pollingmanager.PollingManagerService$MyConnectivityReceiver.sendConnectivityIntent:596 
11-24 17:30:21.632  1575  1575 I chatty  : uid=1000 system_server expire 23 lines
11-24 17:30:21.669  1575 22228 I chatty  : uid=1000(system) Binder:1575_1E expire 11 lines
11-24 17:30:21.960   556   556 I chatty  : uid=1000(system) /system/bin/surfaceflinger expire 11 lines
11-24 17:30:22.727  1575  4415 I chatty  : uid=1000(system) Binder:1575_9 expire 14 lines
11-24 17:31:11.928  1575  4026 I chatty  : uid=1000(system) Binder:1575_4 expire 11 lines
11-24 17:31:21.958  1575  2131 I chatty  : uid=1000(system) PowerManagerSer expire 11 lines
11-24 17:31:22.533   556   750 I chatty  : uid=1000(system) EventThread expire 10 lines
11-24 17:31:27.089  3924  3924 V KeyguardStatusView: refresh statusview showing:true
11-24 17:31:27.101  3924  3924 V KeyguardDisplayManager: show
11-24 17:32:11.972  1575  1782 I chatty  : uid=1000(system) ActivityManager expire 18 lines
11-24 17:32:28.522 26013 26037 D ActivityThread: Loading provider com.google.android.gmail.provider;com.android.mail.notifier;com.google.android.gm.email.provider;com.google.android.gm.tasks.provider;com.google.android.gm.email.notifier: com.android.email.provider.EmailProvider
11-24 17:32:28.618  1575  8499 I chatty  : uid=1000(system) Binder:1575_11 expire 15 lines
11-24 17:32:29.556  1575 30911 I chatty  : uid=1000(system) Binder:1575_1F expire 17 lines
11-24 17:32:31.063  1575 11341 I chatty  : uid=1000(system) Binder:1575_18 expire 15 lines
11-24 17:32:35.891  1575  1585 I chatty  : uid=1000(system) Binder:1575_1 expire 13 lines
11-24 17:33:24.344  1575  5944 I chatty  : uid=1000(system) Binder:1575_10 expire 19 lines
11-24 17:33:24.352  1575 11774 I chatty  : uid=1000(system) Binder:1575_1C expire 14 lines
11-24 17:33:24.871  1575  3887 I chatty  : uid=1000(system) ConnectivitySer expire 11 lines
11-24 17:33:39.907  1575  8567 I chatty  : uid=1000(system) Binder:1575_15 expire 11 lines
11-24 17:34:48.802  1575  4648 I chatty  : uid=1000(system) Binder:1575_F expire 19 lines
11-24 17:38:09.682  1575  4118 I chatty  : uid=1000(system) Binder:1575_6 expire 16 lines
11-24 17:38:53.214  4077  4077 W ContextImpl: Calling a method in the system process without a qualified user: android.app.ContextImpl.sendBroadcast:920 android.content.ContextWrapper.sendBroadcast:426 com.motorola.blur.service.blur.BSUtils.sendBroadcast:158 com.motorola.blur.service.blur.BSUtils.sendBroadcast:154 com.motorola.ccc.plm.pollingmanager.PollingManagerService$MyConnectivityReceiver.sendConnectivityIntent:596 
11-24 17:38:53.296  4077  4077 W ContextImpl: Calling a method in the system process without a qualified user: android.app.ContextImpl.sendBroadcast:920 android.content.ContextWrapper.sendBroadcast:426 com.motorola.blur.service.blur.BSUtils.sendBroadcast:158 com.motorola.blur.service.blur.BSUtils.sendBroadcast:154 com.motorola.ccc.plm.pollingmanager.PollingManagerService$MyConnectivityReceiver.sendConnectivityIntent:596 
11-24 17:38:53.727  1575  3887 I chatty  : uid=1000(system) ConnectivitySer expire 12 lines
11-24 17:38:55.002  3924  3924 V KeyguardStatusView: refresh statusview showing:true
11-24 17:38:55.851   556   748 I chatty  : uid=1000(system) EventThread expire 11 lines
11-24 17:38:56.520  3924  3924 V KeyguardDisplayManager: hide
11-24 17:38:57.393  1575 11343 I chatty  : uid=1000(system) Binder:1575_1A expire 15 lines
11-24 17:38:57.442  1575  4336 I chatty  : uid=1000(system) CallAudioModeSt expire 7 lines
11-24 17:38:57.709  1575  4335 I chatty  : uid=1000(system) uteStateMachine expire 10 lines
11-24 17:38:58.458  1575  1575 I chatty  : uid=1000 system_server expire 13 lines
11-24 17:38:58.705  1575  8861 I chatty  : uid=1000(system) Binder:1575_16 expire 15 lines
11-24 17:38:59.934  1575 31364 I chatty  : uid=1000(system) Binder:1575_20 expire 12 lines
11-24 17:39:21.691  1575  1791 I chatty  : uid=1000(system) batterystats-sy expire 22 lines
11-24 17:39:21.695  1575  3697 I chatty  : uid=1000(system) UEventObserver expire 13 lines
11-24 17:39:23.392  1575  4414 I chatty  : uid=1000(system) Binder:1575_8 expire 10 lines
11-24 17:39:37.010  1575 11196 I chatty  : uid=1000(system) Binder:1575_17 expire 13 lines
11-24 17:39:47.038  1575  8567 I chatty  : uid=1000(system) Binder:1575_15 expire 16 lines
11-24 17:40:04.034  4077  4077 W ContextImpl: Calling a method in the system process without a qualified user: android.app.ContextImpl.sendBroadcast:920 android.content.ContextWrapper.sendBroadcast:426 com.motorola.blur.service.blur.BSUtils.sendBroadcast:158 com.motorola.blur.service.blur.BSUtils.sendBroadcast:154 com.motorola.ccc.plm.pollingmanager.PollingManagerService$MyConnectivityReceiver.sendConnectivityIntent:596 
11-24 17:40:04.108  4077  4077 W ContextImpl: Calling a method in the system process without a qualified user: android.app.ContextImpl.sendBroadcast:920 android.content.ContextWrapper.sendBroadcast:426 com.motorola.blur.service.blur.BSUtils.sendBroadcast:158 com.motorola.blur.service.blur.BSUtils.sendBroadcast:154 com.motorola.ccc.plm.pollingmanager.PollingManagerService$MyConnectivityReceiver.sendConnectivityIntent:596 
11-24 17:40:05.225   556   556 I chatty  : uid=1000(system) /system/bin/surfaceflinger expire 18 lines
11-24 17:40:11.928  1575 22227 I chatty  : uid=1000(system) Binder:1575_1D expire 11 lines
11-24 17:40:23.465  1575  4118 I chatty  : uid=1000(system) Binder:1575_6 expire 13 lines
11-24 17:40:24.086  1575  4117 I chatty  : uid=1000(system) Binder:1575_5 expire 10 lines
11-24 17:40:24.135  9207  9207 I ActivityThread: Removing dead content provider:android.content.ContentProviderProxy@47300c3
11-24 17:40:29.134  1575  8566 I chatty  : uid=1000(system) Binder:1575_14 expire 16 lines
11-24 17:40:35.200  1575  3887 I chatty  : uid=1000(system) ConnectivitySer expire 11 lines
11-24 17:40:57.223  1575  4551 I chatty  : uid=1000(system) Binder:1575_C expire 13 lines
11-24 17:41:57.216  1575  4415 I chatty  : uid=1000(system) Binder:1575_9 expire 15 lines
11-24 17:41:57.254   556   748 I chatty  : uid=1000(system) EventThread expire 10 lines
11-24 17:41:57.301  1575  1782 I chatty  : uid=1000(system) ActivityManager expire 10 lines
11-24 17:43:23.631  1575 11774 I chatty  : uid=1000(system) Binder:1575_1C expire 10 lines
11-24 17:44:03.680  1575  8499 I chatty  : uid=1000(system) Binder:1575_11 expire 12 lines
11-24 17:44:04.009  3924  3924 V KeyguardStatusView: refresh statusview showing:true
11-24 17:44:04.020  3924  3924 V KeyguardDisplayManager: show
11-24 17:44:04.114  1575  3719 I chatty  : uid=1000(system) Binder:1575_3 expire 15 lines
11-24 17:44:44.431  3924  3924 V KeyguardDisplayManager: hide
11-24 17:44:44.728  1575  4616 I chatty  : uid=1000(system) Binder:1575_D expire 11 lines
11-24 17:44:44.809  1575 11677 I chatty  : uid=1000(system) Binder:1575_1B expire 16 lines
