11-24 17:44:47.266  4077  4077 W ContextImpl: Calling a method in the system process without a qualified user: android.app.ContextImpl.sendBroadcast:920 android.content.ContextWrapper.sendBroadcast:426 com.motorola.blur.service.blur.BSUtils.sendBroadcast:158 com.motorola.blur.service.blur.BSUtils.sendBroadcast:154 com.motorola.ccc.plm.pollingmanager.PollingManagerService$MyConnectivityReceiver.sendConnectivityIntent:596 
11-24 17:44:47.795  1575  4233 I chatty  : uid=1000(system) Binder:1575_7 expire 19 lines
11-24 17:44:48.325  4077  4077 W ContextImpl: Calling a method in the system process without a qualified user: android.app.ContextImpl.sendBroadcast:920 android.content.ContextWrapper.sendBroadcast:426 com.motorola.blur.service.blur.BSUtils.sendBroadcast:158 com.motorola.blur.service.blur.BSUtils.sendBroadcast:154 com.motorola.ccc.plm.pollingmanager.PollingManagerService$MyConnectivityReceiver.sendConnectivityIntent:596 
11-24 17:44:48.477  1575  4551 I chatty  : uid=1000(system) Binder:1575_C expire 11 lines
11-24 17:44:57.931  1575  1791 I chatty  : uid=1000(system) batterystats-sy expire 10 lines
11-24 17:45:11.928  1575  1586 I chatty  : uid=1000(system) Binder:1575_2 expire 13 lines
11-24 17:45:23.777  1575 11342 I chatty  : uid=1000(system) Binder:1575_19 expire 10 lines
11-24 17:45:40.048  1575  3697 I chatty  : uid=1000(system) UEventObserver expire 11 lines
11-24 17:46:06.106  1575  3887 I chatty  : uid=1000(system) ConnectivitySer expire 10 lines
11-24 17:46:13.772  4077  4077 W ContextImpl: Calling a method in the system process without a qualified user: android.app.ContextImpl.sendBroadcast:920 android.content.ContextWrapper.sendBroadcast:426 com.motorola.blur.service.blur.BSUtils.sendBroadcast:158 com.motorola.blur.service.blur.BSUtils.sendBroadcast:154 com.motorola.ccc.plm.pollingmanager.PollingManagerService$MyConnectivityReceiver.sendConnectivityIntent:596 
11-24 17:46:13.878  4077  4077 W ContextImpl: Calling a method in the system process without a qualified user: android.app.ContextImpl.sendBroadcast:920 android.content.ContextWrapper.sendBroadcast:426 com.motorola.blur.service.blur.BSUtils.sendBroadcast:158 com.motorola.blur.service.blur.BSUtils.sendBroadcast:154 com.motorola.ccc.plm.pollingmanager.PollingManagerService$MyConnectivityReceiver.sendConnectivityIntent:596 
11-24 17:46:14.127  1575  1575 I chatty  : uid=1000 system_server expire 10 lines
11-24 17:46:38.280   556   748 I chatty  : uid=1000(system) EventThread expire 13 lines
11-24 17:46:38.817   556   750 I chatty  : uid=1000(system) EventThread expire 12 lines
11-24 17:46:39.111  3924  3924 V KeyguardStatusView: refresh statusview showing:true
11-24 17:46:39.122  3924  3924 V KeyguardDisplayManager: show
11-24 17:46:39.213  1575  8566 I chatty  : uid=1000(system) Binder:1575_14 expire 14 lines
11-24 17:46:39.575  3924  3924 V KeyguardDisplayManager: hide
11-24 17:46:44.842  1575  1575 I chatty  : uid=1000 system_server expire 12 lines
11-24 17:46:58.185  1575  4617 I chatty  : uid=1000(system) Binder:1575_E expire 17 lines
11-24 17:47:25.977  1575  4026 I chatty  : uid=1000(system) Binder:1575_4 expire 10 lines
11-24 17:48:25.980  1575  1791 I chatty  : uid=1000(system) batterystats-sy expire 12 lines
11-24 17:48:26.060  1575  1782 I chatty  : uid=1000(system) ActivityManager expire 10 lines
11-24 17:48:39.447   556   556 I chatty  : uid=1000(system) /system/bin/surfaceflinger expire 30 lines
11-24 17:49:11.928  1575  4551 I chatty  : uid=1000(system) Binder:1575_C expire 16 lines
11-24 17:49:58.664  1575  4548 I chatty  : uid=1000(system) Binder:1575_B expire 18 lines
11-24 17:50:35.886  1575  3887 I chatty  : uid=1000(system) ConnectivitySer expire 23 lines
11-24 17:50:36.072  4077  4077 W ContextImpl: Calling a method in the system process without a qualified user: android.app.ContextImpl.sendBroadcast:920 android.content.ContextWrapper.sendBroadcast:426 com.motorola.blur.service.blur.BSUtils.sendBroadcast:158 com.motorola.blur.service.blur.BSUtils.sendBroadcast:154 com.motorola.ccc.plm.pollingmanager.PollingManagerService$MyConnectivityReceiver.sendConnectivityIntent:596 
11-24 17:50:36.955  4077  4077 W ContextImpl: Calling a method in the system process without a qualified user: android.app.ContextImpl.sendBroadcast:920 android.content.ContextWrapper.sendBroadcast:426 com.motorola.blur.service.blur.BSUtils.sendBroadcast:158 com.motorola.blur.service.blur.BSUtils.sendBroadcast:154 com.motorola.ccc.plm.pollingmanager.PollingManagerService$MyConnectivityReceiver.sendConnectivityIntent:596 
11-24 17:50:37.577  1575  3875 I chatty  : uid=1000(system) NetworkPolicy expire 6 lines
11-24 17:50:37.603  1575 30911 I chatty  : uid=1000(system) Binder:1575_1F expire 15 lines
11-24 17:51:12.631  1575  3714 I chatty  : uid=1000(system) InputDispatcher expire 7 lines
11-24 17:51:12.994  1575  2058 I chatty  : uid=1000(system) android.display expire 11 lines
11-24 17:51:13.626  1575  8499 I chatty  : uid=1000(system) Binder:1575_11 expire 11 lines
11-24 17:51:13.783  1575  4417 I chatty  : uid=1000(system) Binder:1575_A expire 14 lines
11-24 17:51:14.041   556   748 I chatty  : uid=1000(system) EventThread expire 17 lines
11-24 17:51:15.119  1575  8861 I chatty  : uid=1000(system) Binder:1575_16 expire 11 lines
11-24 17:51:18.881  1575  4616 I chatty  : uid=1000(system) Binder:1575_D expire 10 lines
11-24 17:51:24.261  1575  8567 I chatty  : uid=1000(system) Binder:1575_15 expire 13 lines
11-24 17:51:37.996  1575  3697 I chatty  : uid=1000(system) UEventObserver expire 26 lines
11-24 17:51:37.998  1575 11343 I chatty  : uid=1000(system) Binder:1575_1A expire 12 lines
11-24 17:51:44.005  1575  8500 I chatty  : uid=1000(system) Binder:1575_12 expire 16 lines
11-24 17:51:49.070  1575 11774 I chatty  : uid=1000(system) Binder:1575_1C expire 14 lines
11-24 17:51:54.040  1575  1585 I chatty  : uid=1000(system) Binder:1575_1 expire 13 lines
11-24 17:51:57.060  1575  1791 I chatty  : uid=1000(system) batterystats-sy expire 12 lines
11-24 17:52:40.063  1575  3881 I chatty  : uid=1000(system) WifiStateMachin expire 10 lines
11-24 17:52:47.736  4077  4077 W ContextImpl: Calling a method in the system process without a qualified user: android.app.ContextImpl.sendBroadcast:920 android.content.ContextWrapper.sendBroadcast:426 com.motorola.blur.service.blur.BSUtils.sendBroadcast:158 com.motorola.blur.service.blur.BSUtils.sendBroadcast:154 com.motorola.ccc.plm.pollingmanager.PollingManagerService$MyConnectivityReceiver.sendConnectivityIntent:596 
11-24 17:52:47.920  4077  4077 W ContextImpl: Calling a method in the system process without a qualified user: android.app.ContextImpl.sendBroadcast:920 android.content.ContextWrapper.sendBroadcast:426 com.motorola.blur.service.blur.BSUtils.sendBroadcast:158 com.motorola.blur.service.blur.BSUtils.sendBroadcast:154 com.motorola.ccc.plm.pollingmanager.PollingManagerService$MyConnectivityReceiver.sendConnectivityIntent:596 
11-24 17:54:57.552  1575  1791 I chatty  : uid=1000(system) batterystats-sy expire 16 lines
11-24 17:55:57.701  1575  3697 I chatty  : uid=1000(system) UEventObserver expire 37 lines
11-24 17:55:57.704  1575 11341 I chatty  : uid=1000(system) Binder:1575_18 expire 13 lines
11-24 17:56:19.429   556   750 I chatty  : uid=1000(system) EventThread expire 11 lines
11-24 17:56:24.036  3924  3924 V KeyguardStatusView: refresh statusview showing:true
11-24 17:56:24.047  3924  3924 V KeyguardDisplayManager: show
11-24 17:56:24.616  1575  5944 I chatty  : uid=1000(system) Binder:1575_10 expire 10 lines
11-24 17:56:32.565  1575  1782 I chatty  : uid=1000(system) ActivityManager expire 18 lines
11-24 17:58:02.707  1575  1575 I chatty  : uid=1000 system_server expire 15 lines
11-24 17:58:05.614  1575  3887 I chatty  : uid=1000(system) ConnectivitySer expire 23 lines
11-24 17:58:05.825  1575  8501 I chatty  : uid=1000(system) Binder:1575_13 expire 11 lines
11-24 17:58:05.835  4077  4077 W ContextImpl: Calling a method in the system process without a qualified user: android.app.ContextImpl.sendBroadcast:920 android.content.ContextWrapper.sendBroadcast:426 com.motorola.blur.service.blur.BSUtils.sendBroadcast:158 com.motorola.blur.service.blur.BSUtils.sendBroadcast:154 com.motorola.ccc.plm.pollingmanager.PollingManagerService$MyConnectivityReceiver.sendConnectivityIntent:596 
11-24 17:58:06.261   556   556 I chatty  : uid=1000(system) /system/bin/surfaceflinger expire 17 lines
11-24 17:58:06.648  4077  4077 W ContextImpl: Calling a method in the system process without a qualified user: android.app.ContextImpl.sendBroadcast:920 android.content.ContextWrapper.sendBroadcast:426 com.motorola.blur.service.blur.BSUtils.sendBroadcast:158 com.motorola.blur.service.blur.BSUtils.sendBroadcast:154 com.motorola.ccc.plm.pollingmanager.PollingManagerService$MyConnectivityReceiver.sendConnectivityIntent:596 
11-24 17:58:07.137  1575  4233 I chatty  : uid=1000(system) Binder:1575_7 expire 15 lines
11-24 17:58:07.139  1575 11343 I chatty  : uid=1000(system) Binder:1575_1A expire 10 lines
11-24 17:58:58.192  1575  1791 I chatty  : uid=1000(system) batterystats-sy expire 52 lines
11-24 17:59:52.550  4077  4077 W ContextImpl: Calling a method in the system process without a qualified user: android.app.ContextImpl.sendBroadcast:920 android.content.ContextWrapper.sendBroadcast:426 com.motorola.blur.service.blur.BSUtils.sendBroadcast:158 com.motorola.blur.service.blur.BSUtils.sendBroadcast:154 com.motorola.ccc.plm.pollingmanager.PollingManagerService$MyConnectivityReceiver.sendConnectivityIntent:596 
11-24 17:59:52.567   556   748 I chatty  : uid=1000(system) EventThread expire 10 lines
11-24 17:59:52.601  4077  4077 W ContextImpl: Calling a method in the system process without a qualified user: android.app.ContextImpl.sendBroadcast:920 android.content.ContextWrapper.sendBroadcast:426 com.motorola.blur.service.blur.BSUtils.sendBroadcast:158 com.motorola.blur.service.blur.BSUtils.sendBroadcast:154 com.motorola.ccc.plm.pollingmanager.PollingManagerService$MyConnectivityReceiver.sendConnectivityIntent:596 
11-24 18:00:15.670  1575 22228 I chatty  : uid=1000(system) Binder:1575_1E expire 17 lines
11-24 18:00:15.728  1575 29451 I chatty  : uid=1000 system_server expire 1 line
11-24 18:00:15.918  1575  1774 I chatty  : uid=1000(system) android.bg expire 13 lines
11-24 18:00:17.921  3924  3924 V KeyguardStatusView: refresh statusview showing:true
11-24 18:00:22.486  1575  1575 I chatty  : uid=1000 system_server expire 20 lines
11-24 18:00:22.491  1575  3887 I chatty  : uid=1000(system) ConnectivitySer expire 11 lines
11-24 18:00:24.868  1575  4548 I chatty  : uid=1000(system) Binder:1575_B expire 21 lines
11-24 18:00:39.756  1575  8499 I chatty  : uid=1000(system) Binder:1575_11 expire 11 lines
11-24 18:01:24.937  1575 30911 I chatty  : uid=1000(system) Binder:1575_1F expire 26 lines
11-24 18:03:11.928  1575  4551 I chatty  : uid=1000(system) Binder:1575_C expire 23 lines
11-24 18:05:11.928  1575  8567 I chatty  : uid=1000(system) Binder:1575_15 expire 15 lines
11-24 18:09:25.468  1575  8500 I chatty  : uid=1000(system) Binder:1575_12 expire 12 lines
11-24 18:14:22.209  4077  4077 W ContextImpl: Calling a method in the system process without a qualified user: android.app.ContextImpl.sendBroadcast:920 android.content.ContextWrapper.sendBroadcast:426 com.motorola.blur.service.blur.BSUtils.sendBroadcast:158 com.motorola.blur.service.blur.BSUtils.sendBroadcast:154 com.motorola.ccc.plm.pollingmanager.PollingManagerService$MyConnectivityReceiver.sendConnectivityIntent:596 
11-24 18:14:22.776  1575 22228 I chatty  : uid=1000(system) Binder:1575_1E expire 12 lines
11-24 18:14:23.006  1575  8566 I chatty  : uid=1000(system) Binder:1575_14 expire 18 lines
11-24 18:14:23.010  4077  4077 W ContextImpl: Calling a method in the system process without a qualified user: android.app.ContextImpl.sendBroadcast:920 android.content.ContextWrapper.sendBroadcast:426 com.motorola.blur.service.blur.BSUtils.sendBroadcast:158 com.motorola.blur.service.blur.BSUtils.sendBroadcast:154 com.motorola.ccc.plm.pollingmanager.PollingManagerService$MyConnectivityReceiver.sendConnectivityIntent:596 
11-24 18:14:23.090  1575 11196 I chatty  : uid=1000(system) Binder:1575_17 expire 10 lines
11-24 18:14:23.606  1575  3887 I chatty  : uid=1000(system) ConnectivitySer expire 11 lines
11-24 18:14:25.020  1575  1585 I chatty  : uid=1000(system) Binder:1575_1 expire 11 lines
11-24 18:14:27.852  3924  3924 V KeyguardDisplayManager: hide
11-24 18:14:29.257  1575  2058 I chatty  : uid=1000(system) android.display expire 29 lines
11-24 18:14:29.836  1575  3719 I chatty  : uid=1000(system) Binder:1575_3 expire 10 lines
11-24 18:14:32.636   556   556 I chatty  : uid=1000(system) /system/bin/surfaceflinger expire 61 lines
11-24 18:14:33.619  1575  5944 I chatty  : uid=1000(system) Binder:1575_10 expire 11 lines
11-24 18:14:35.487  1575 31364 I chatty  : uid=1000(system) Binder:1575_20 expire 17 lines
11-24 18:14:35.662  1575  8567 I chatty  : uid=1000(system) Binder:1575_15 expire 18 lines
11-24 18:14:35.686  1575  8861 I chatty  : uid=1000(system) Binder:1575_16 expire 20 lines
11-24 18:14:37.966  1575  1791 I chatty  : uid=1000(system) batterystats-sy expire 12 lines
11-24 18:14:38.731  1575  1782 I chatty  : uid=1000(system) ActivityManager expire 14 lines
11-24 18:14:47.306   556   750 I chatty  : uid=1000(system) EventThread expire 17 lines
11-24 18:15:21.657  1575  3697 I chatty  : uid=1000(system) UEventObserver expire 12 lines
11-24 18:15:27.724  1575  1586 I chatty  : uid=1000(system) Binder:1575_2 expire 16 lines
11-24 18:15:33.065  3924  3924 V KeyguardStatusView: refresh statusview showing:true
11-24 18:15:33.078  3924  3924 V KeyguardDisplayManager: show
11-24 18:15:53.623  4077  4077 W ContextImpl: Calling a method in the system process without a qualified user: android.app.ContextImpl.sendBroadcast:920 android.content.ContextWrapper.sendBroadcast:426 com.motorola.blur.service.blur.BSUtils.sendBroadcast:158 com.motorola.blur.service.blur.BSUtils.sendBroadcast:154 com.motorola.ccc.plm.pollingmanager.PollingManagerService$MyConnectivityReceiver.sendConnectivityIntent:596 
11-24 18:15:53.650  1575  4415 I chatty  : uid=1000(system) Binder:1575_9 expire 10 lines
11-24 18:15:53.732  1575  8501 I chatty  : uid=1000(system) Binder:1575_13 expire 10 lines
11-24 18:15:53.791  4077  4077 W ContextImpl: Calling a method in the system process without a qualified user: android.app.ContextImpl.sendBroadcast:920 android.content.ContextWrapper.sendBroadcast:426 com.motorola.blur.service.blur.BSUtils.sendBroadcast:158 com.motorola.blur.service.blur.BSUtils.sendBroadcast:154 com.motorola.ccc.plm.pollingmanager.PollingManagerService$MyConnectivityReceiver.sendConnectivityIntent:596 
11-24 18:15:53.839  1575 11342 I chatty  : uid=1000(system) Binder:1575_19 expire 10 lines
11-24 18:16:43.275   644  1218 E NetlinkListener: recvmsg failed (No buffer space available)
11-24 18:16:44.122  1575 11774 I chatty  : uid=1000(system) Binder:1575_1C expire 11 lines
11-24 18:16:56.261  1575  1782 I chatty  : uid=1000(system) ActivityManager expire 15 lines
11-24 18:18:38.033  1575  3887 I chatty  : uid=1000(system) ConnectivitySer expire 23 lines
11-24 18:18:38.104  1575  1575 I chatty  : uid=1000 system_server expire 13 lines
11-24 18:18:38.111  1575  4117 I chatty  : uid=1000(system) Binder:1575_5 expire 12 lines
11-24 18:18:38.203  4077  4077 W ContextImpl: Calling a method in the system process without a qualified user: android.app.ContextImpl.sendBroadcast:920 android.content.ContextWrapper.sendBroadcast:426 com.motorola.blur.service.blur.BSUtils.sendBroadcast:158 com.motorola.blur.service.blur.BSUtils.sendBroadcast:154 com.motorola.ccc.plm.pollingmanager.PollingManagerService$MyConnectivityReceiver.sendConnectivityIntent:596 
11-24 18:18:38.223  1575  4616 I chatty  : uid=1000(system) Binder:1575_D expire 21 lines
11-24 18:18:39.054  4077  4077 W ContextImpl: Calling a method in the system process without a qualified user: android.app.ContextImpl.sendBroadcast:920 android.content.ContextWrapper.sendBroadcast:426 com.motorola.blur.service.blur.BSUtils.sendBroadcast:158 com.motorola.blur.service.blur.BSUtils.sendBroadcast:154 com.motorola.ccc.plm.pollingmanager.PollingManagerService$MyConnectivityReceiver.sendConnectivityIntent:596 
11-24 18:18:39.187  1575 22227 I chatty  : uid=1000(system) Binder:1575_1D expire 16 lines
11-24 18:18:46.715  1575 11677 I chatty  : uid=1000(system) Binder:1575_1B expire 5 lines
11-24 18:18:49.493  4077  4077 W ContextImpl: Calling a method in the system process without a qualified user: android.app.ContextImpl.sendBroadcast:920 android.content.ContextWrapper.sendBroadcast:426 com.motorola.blur.service.blur.BSUtils.sendBroadcast:158 com.motorola.blur.service.blur.BSUtils.sendBroadcast:154 com.motorola.ccc.plm.pollingmanager.PollingManagerService$MyConnectivityReceiver.sendConnectivityIntent:596 
11-24 18:18:49.547  1575 11343 I chatty  : uid=1000(system) Binder:1575_1A expire 11 lines
11-24 18:18:49.587  1575  4648 I chatty  : uid=1000(system) Binder:1575_F expire 10 lines
11-24 18:18:49.655  4077  4077 W ContextImpl: Calling a method in the system process without a qualified user: android.app.ContextImpl.sendBroadcast:920 android.content.ContextWrapper.sendBroadcast:426 com.motorola.blur.service.blur.BSUtils.sendBroadcast:158 com.motorola.blur.service.blur.BSUtils.sendBroadcast:154 com.motorola.ccc.plm.pollingmanager.PollingManagerService$MyConnectivityReceiver.sendConnectivityIntent:596 
11-24 18:18:49.662  1575  4026 I chatty  : uid=1000(system) Binder:1575_4 expire 10 lines
11-24 18:19:20.340  4077  4077 W ContextImpl: Calling a method in the system process without a qualified user: android.app.ContextImpl.sendBroadcast:920 android.content.ContextWrapper.sendBroadcast:426 com.motorola.blur.service.blur.BSUtils.sendBroadcast:158 com.motorola.blur.service.blur.BSUtils.sendBroadcast:154 com.motorola.ccc.plm.pollingmanager.PollingManagerService$MyConnectivityReceiver.sendConnectivityIntent:596 
11-24 18:19:20.779  1575  3887 I chatty  : uid=1000(system) ConnectivitySer expire 21 lines
11-24 18:19:21.045  4077  4077 W ContextImpl: Calling a method in the system process without a qualified user: android.app.ContextImpl.sendBroadcast:920 android.content.ContextWrapper.sendBroadcast:426 com.motorola.blur.service.blur.BSUtils.sendBroadcast:158 com.motorola.blur.service.blur.BSUtils.sendBroadcast:154 com.motorola.ccc.plm.pollingmanager.PollingManagerService$MyConnectivityReceiver.sendConnectivityIntent:596 
11-24 18:19:21.206  1575 11196 I chatty  : uid=1000(system) Binder:1575_17 expire 16 lines
11-24 18:19:26.355  4077  4077 W ContextImpl: Calling a method in the system process without a qualified user: android.app.ContextImpl.sendBroadcast:920 android.content.ContextWrapper.sendBroadcast:426 com.motorola.blur.service.blur.BSUtils.sendBroadcast:158 com.motorola.blur.service.blur.BSUtils.sendBroadcast:154 com.motorola.ccc.plm.pollingmanager.PollingManagerService$MyConnectivityReceiver.sendConnectivityIntent:596 
11-24 18:19:26.381  1575  8566 I chatty  : uid=1000(system) Binder:1575_14 expire 10 lines
11-24 18:19:26.454  4077  4077 W ContextImpl: Calling a method in the system process without a qualified user: android.app.ContextImpl.sendBroadcast:920 android.content.ContextWrapper.sendBroadcast:426 com.motorola.blur.service.blur.BSUtils.sendBroadcast:158 com.motorola.blur.service.blur.BSUtils.sendBroadcast:154 com.motorola.ccc.plm.pollingmanager.PollingManagerService$MyConnectivityReceiver.sendConnectivityIntent:596 
11-24 18:19:26.493  1575  4551 I chatty  : uid=1000(system) Binder:1575_C expire 13 lines
11-24 18:19:37.053  1575  1782 I chatty  : uid=1000(system) ActivityManager expire 27 lines
11-24 18:20:10.199  4077  4077 W ContextImpl: Calling a method in the system process without a qualified user: android.app.ContextImpl.sendBroadcast:920 android.content.ContextWrapper.sendBroadcast:426 com.motorola.blur.service.blur.BSUtils.sendBroadcast:158 com.motorola.blur.service.blur.BSUtils.sendBroadcast:154 com.motorola.ccc.plm.pollingmanager.PollingManagerService$MyConnectivityReceiver.sendConnectivityIntent:596 
11-24 18:20:10.686  1575  4548 I chatty  : uid=1000(system) Binder:1575_B expire 16 lines
11-24 18:20:10.687  1575  3887 I chatty  : uid=1000(system) ConnectivitySer expire 16 lines
11-24 18:20:10.960  4077  4077 W ContextImpl: Calling a method in the system process without a qualified user: android.app.ContextImpl.sendBroadcast:920 android.content.ContextWrapper.sendBroadcast:426 com.motorola.blur.service.blur.BSUtils.sendBroadcast:158 com.motorola.blur.service.blur.BSUtils.sendBroadcast:154 com.motorola.ccc.plm.pollingmanager.PollingManagerService$MyConnectivityReceiver.sendConnectivityIntent:596 
11-24 18:20:45.696  4077  4077 W ContextImpl: Calling a method in the system process without a qualified user: android.app.ContextImpl.sendBroadcast:920 android.content.ContextWrapper.sendBroadcast:426 com.motorola.blur.service.blur.BSUtils.sendBroadcast:158 com.motorola.blur.service.blur.BSUtils.sendBroadcast:154 com.motorola.ccc.plm.pollingmanager.PollingManagerService$MyConnectivityReceiver.sendConnectivityIntent:596 
11-24 18:21:33.674  1575  8566 I chatty  : uid=1000(system) Binder:1575_14 expire 14 lines
11-24 18:21:33.995  1575  1575 I chatty  : uid=1000 system_server expire 11 lines
11-24 18:24:23.020  1575 11196 I chatty  : uid=1000(system) Binder:1575_17 expire 14 lines
11-24 18:26:06.854  4077  4077 W ContextImpl: Calling a method in the system process without a qualified user: android.app.ContextImpl.sendBroadcast:920 android.content.ContextWrapper.sendBroadcast:426 com.motorola.blur.service.blur.BSUtils.sendBroadcast:158 com.motorola.blur.service.blur.BSUtils.sendBroadcast:154 com.motorola.ccc.plm.pollingmanager.PollingManagerService$MyConnectivityReceiver.sendConnectivityIntent:596 
11-24 18:26:14.486  4077  4077 W ContextImpl: Calling a method in the system process without a qualified user: android.app.ContextImpl.sendBroadcast:920 android.content.ContextWrapper.sendBroadcast:426 com.motorola.blur.service.blur.BSUtils.sendBroadcast:158 com.motorola.blur.service.blur.BSUtils.sendBroadcast:154 com.motorola.ccc.plm.pollingmanager.PollingManagerService$MyConnectivityReceiver.sendConnectivityIntent:596 
11-24 18:26:38.182  1575  1782 I chatty  : uid=1000(system) ActivityManager expire 14 lines
11-24 18:27:19.357  1575  8501 I chatty  : uid=1000(system) Binder:1575_13 expire 10 lines
11-24 18:30:08.322  1575 11343 I chatty  : uid=1000(system) Binder:1575_1A expire 9 lines
11-24 18:30:24.805   644  1218 E NetlinkListener: recvmsg failed (No buffer space available)
11-24 18:31:29.178  1575  1782 I chatty  : uid=1000(system) ActivityManager expire 15 lines
11-24 18:32:30.327  1575  4414 I chatty  : uid=1000(system) Binder:1575_8 expire 13 lines
11-24 18:32:53.836  1575 30911 I chatty  : uid=1000(system) Binder:1575_1F expire 13 lines
11-24 18:34:21.494  1575  8861 I chatty  : uid=1000(system) Binder:1575_16 expire 18 lines
11-24 18:34:41.101  1575  1791 I chatty  : uid=1000(system) batterystats-sy expire 12 lines
11-24 18:35:46.282  1575 11342 I chatty  : uid=1000(system) Binder:1575_19 expire 10 lines
11-24 18:36:55.539  4077  4077 W ContextImpl: Calling a method in the system process without a qualified user: android.app.ContextImpl.sendBroadcast:920 android.content.ContextWrapper.sendBroadcast:426 com.motorola.blur.service.blur.BSUtils.sendBroadcast:158 com.motorola.blur.service.blur.BSUtils.sendBroadcast:154 com.motorola.ccc.plm.pollingmanager.PollingManagerService$MyConnectivityReceiver.sendConnectivityIntent:596 
11-24 18:36:55.572  1575  1782 I chatty  : uid=1000(system) ActivityManager expire 25 lines
11-24 18:37:03.369  4077  4077 W ContextImpl: Calling a method in the system process without a qualified user: android.app.ContextImpl.sendBroadcast:920 android.content.ContextWrapper.sendBroadcast:426 com.motorola.blur.service.blur.BSUtils.sendBroadcast:158 com.motorola.blur.service.blur.BSUtils.sendBroadcast:154 com.motorola.ccc.plm.pollingmanager.PollingManagerService$MyConnectivityReceiver.sendConnectivityIntent:596 
11-24 18:39:22.675  1575  4417 I chatty  : uid=1000(system) Binder:1575_A expire 10 lines
11-24 18:39:44.014  1575  4117 I chatty  : uid=1000(system) Binder:1575_5 expire 16 lines
11-24 18:43:17.481  1575  4026 I chatty  : uid=1000(system) Binder:1575_4 expire 13 lines
11-24 18:43:20.423  1575 22228 I chatty  : uid=1000(system) Binder:1575_1E expire 13 lines
11-24 18:45:34.122   644  1218 E NetlinkListener: recvmsg failed (No buffer space available)
11-24 18:45:52.746  1575  1782 I chatty  : uid=1000(system) ActivityManager expire 28 lines
11-24 18:45:52.799  4077  4077 W ContextImpl: Calling a method in the system process without a qualified user: android.app.ContextImpl.sendBroadcast:920 android.content.ContextWrapper.sendBroadcast:426 com.motorola.blur.service.blur.BSUtils.sendBroadcast:158 com.motorola.blur.service.blur.BSUtils.sendBroadcast:154 com.motorola.ccc.plm.pollingmanager.PollingManagerService$MyConnectivityReceiver.sendConnectivityIntent:596 
11-24 18:45:54.375  1575 22227 I chatty  : uid=1000(system) Binder:1575_1D expire 11 lines
11-24 18:45:54.477  1575  1575 I chatty  : uid=1000 system_server expire 22 lines
11-24 18:48:59.842  1575  3697 I chatty  : uid=1000(system) UEventObserver expire 11 lines
11-24 18:52:26.496  1575  1774 I chatty  : uid=1000(system) android.bg expire 12 lines
11-24 18:52:26.520  4077  4077 W ContextImpl: Calling a method in the system process without a qualified user: android.app.ContextImpl.sendBroadcast:920 android.content.ContextWrapper.sendBroadcast:426 com.motorola.blur.service.blur.BSUtils.sendBroadcast:158 com.motorola.blur.service.blur.BSUtils.sendBroadcast:154 com.motorola.ccc.plm.pollingmanager.PollingManagerService$MyConnectivityReceiver.sendConnectivityIntent:596 
11-24 18:52:26.777  4077  4077 W ContextImpl: Calling a method in the system process without a qualified user: android.app.ContextImpl.sendBroadcast:920 android.content.ContextWrapper.sendBroadcast:426 com.motorola.blur.service.blur.BSUtils.sendBroadcast:158 com.motorola.blur.service.blur.BSUtils.sendBroadcast:154 com.motorola.ccc.plm.pollingmanager.PollingManagerService$MyConnectivityReceiver.sendConnectivityIntent:596 
11-24 18:52:32.618  4077  4077 W ContextImpl: Calling a method in the system process without a qualified user: android.app.ContextImpl.sendBroadcast:920 android.content.ContextWrapper.sendBroadcast:426 com.motorola.blur.service.blur.BSUtils.sendBroadcast:158 com.motorola.blur.service.blur.BSUtils.sendBroadcast:154 com.motorola.ccc.plm.pollingmanager.PollingManagerService$MyConnectivityReceiver.sendConnectivityIntent:596 
11-24 18:52:55.596  1575  4118 I chatty  : uid=1000(system) Binder:1575_6 expire 12 lines
11-24 18:53:04.869  1575  1782 I chatty  : uid=1000(system) ActivityManager expire 21 lines
11-24 18:59:27.135   644  1218 E NetlinkListener: recvmsg failed (No buffer space available)
11-24 18:59:52.778  1575  1782 I chatty  : uid=1000(system) ActivityManager expire 44 lines
11-24 19:00:16.602  4077  4077 W ContextImpl: Calling a method in the system process without a qualified user: android.app.ContextImpl.sendBroadcast:920 android.content.ContextWrapper.sendBroadcast:426 com.motorola.blur.service.blur.BSUtils.sendBroadcast:158 com.motorola.blur.service.blur.BSUtils.sendBroadcast:154 com.motorola.ccc.plm.pollingmanager.PollingManagerService$MyConnectivityReceiver.sendConnectivityIntent:596 
11-24 19:00:31.362  4077  4077 W ContextImpl: Calling a method in the system process without a qualified user: android.app.ContextImpl.sendBroadcast:920 android.content.ContextWrapper.sendBroadcast:426 com.motorola.blur.service.blur.BSUtils.sendBroadcast:158 com.motorola.blur.service.blur.BSUtils.sendBroadcast:154 com.motorola.ccc.plm.pollingmanager.PollingManagerService$MyConnectivityReceiver.sendConnectivityIntent:596 
11-24 19:00:36.477  4077  4077 W ContextImpl: Calling a method in the system process without a qualified user: android.app.ContextImpl.sendBroadcast:920 android.content.ContextWrapper.sendBroadcast:426 com.motorola.blur.service.blur.BSUtils.sendBroadcast:158 com.motorola.blur.service.blur.BSUtils.sendBroadcast:154 com.motorola.ccc.plm.pollingmanager.PollingManagerService$MyConnectivityReceiver.sendConnectivityIntent:596 
11-24 19:02:45.353  1575  4233 I chatty  : uid=1000(system) Binder:1575_7 expire 26 lines
11-24 19:03:33.915  1575 11341 I chatty  : uid=1000(system) Binder:1575_18 expire 21 lines
11-24 19:14:11.707  4077  4077 W ContextImpl: Calling a method in the system process without a qualified user: android.app.ContextImpl.sendBroadcast:920 android.content.ContextWrapper.sendBroadcast:426 com.motorola.blur.service.blur.BSUtils.sendBroadcast:158 com.motorola.blur.service.blur.BSUtils.sendBroadcast:154 com.motorola.ccc.plm.pollingmanager.PollingManagerService$MyConnectivityReceiver.sendConnectivityIntent:596 
11-24 19:14:12.007  4077  4077 W ContextImpl: Calling a method in the system process without a qualified user: android.app.ContextImpl.sendBroadcast:920 android.content.ContextWrapper.sendBroadcast:426 com.motorola.blur.service.blur.BSUtils.sendBroadcast:158 com.motorola.blur.service.blur.BSUtils.sendBroadcast:154 com.motorola.ccc.plm.pollingmanager.PollingManagerService$MyConnectivityReceiver.sendConnectivityIntent:596 
11-24 19:14:15.990  1575  1782 I chatty  : uid=1000(system) ActivityManager expire 11 lines
11-24 19:14:17.500  4077  4077 W ContextImpl: Calling a method in the system process without a qualified user: android.app.ContextImpl.sendBroadcast:920 android.content.ContextWrapper.sendBroadcast:426 com.motorola.blur.service.blur.BSUtils.sendBroadcast:158 com.motorola.blur.service.blur.BSUtils.sendBroadcast:154 com.motorola.ccc.plm.pollingmanager.PollingManagerService$MyConnectivityReceiver.sendConnectivityIntent:596 
11-24 19:14:42.322   644  1218 E NetlinkListener: recvmsg failed (No buffer space available)
11-24 19:14:59.518  1575  4617 I chatty  : uid=1000(system) Binder:1575_E expire 6 lines
11-24 19:15:57.467  1575  2131 I chatty  : uid=1000(system) PowerManagerSer expire 9 lines
11-24 19:15:57.470  1575  2058 I chatty  : uid=1000(system) android.display expire 10 lines
11-24 19:15:57.759  4077  4077 W ContextImpl: Calling a method in the system process without a qualified user: android.app.ContextImpl.sendBroadcast:920 android.content.ContextWrapper.sendBroadcast:426 com.motorola.blur.service.blur.BSUtils.sendBroadcast:158 com.motorola.blur.service.blur.BSUtils.sendBroadcast:154 com.motorola.ccc.plm.pollingmanager.PollingManagerService$MyConnectivityReceiver.sendConnectivityIntent:596 
11-24 19:15:57.988  1575  3887 I chatty  : uid=1000(system) ConnectivitySer expire 18 lines
11-24 19:15:58.082   556   750 I chatty  : uid=1000(system) EventThread expire 15 lines
11-24 19:15:58.194  4077  4077 W ContextImpl: Calling a method in the system process without a qualified user: android.app.ContextImpl.sendBroadcast:920 android.content.ContextWrapper.sendBroadcast:426 com.motorola.blur.service.blur.BSUtils.sendBroadcast:158 com.motorola.blur.service.blur.BSUtils.sendBroadcast:154 com.motorola.ccc.plm.pollingmanager.PollingManagerService$MyConnectivityReceiver.sendConnectivityIntent:596 
11-24 19:15:58.955   556   556 I chatty  : uid=1000(system) /system/bin/surfaceflinger expire 42 lines
11-24 19:16:00.316  1575  1782 I chatty  : uid=1000(system) ActivityManager expire 16 lines
11-24 19:16:00.427  4077  4077 W ContextImpl: Calling a method in the system process without a qualified user: android.app.ContextImpl.sendBroadcast:920 android.content.ContextWrapper.sendBroadcast:426 com.motorola.blur.service.blur.BSUtils.sendBroadcast:158 com.motorola.blur.service.blur.BSUtils.sendBroadcast:154 com.motorola.ccc.plm.pollingmanager.PollingManagerService$MyConnectivityReceiver.sendConnectivityIntent:596 
11-24 19:16:00.619  1575  1774 I chatty  : uid=1000(system) android.bg expire 4 lines
11-24 19:16:01.009  1575  1585 I chatty  : uid=1000(system) Binder:1575_1 expire 22 lines
11-24 19:16:11.414  1575  8500 I chatty  : uid=1000(system) Binder:1575_12 expire 12 lines
11-24 19:16:12.044  3924  3924 V KeyguardDisplayManager: hide
11-24 19:16:12.233  1575 11774 I chatty  : uid=1000(system) Binder:1575_1C expire 12 lines
11-24 19:16:37.408   556   556 I chatty  : uid=1000(system) /system/bin/surfaceflinger expire 11 lines
11-24 19:16:41.241   556   750 I chatty  : uid=1000(system) EventThread expire 5 lines
11-24 19:16:42.488  1575  1575 I chatty  : uid=1000 system_server expire 18 lines
11-24 19:16:42.892  1575  3715 I chatty  : uid=1000(system) InputReader expire 5 lines
11-24 19:16:44.073  3924  3924 V KeyguardStatusView: refresh statusview showing:true
11-24 19:16:44.095  3924  3924 V KeyguardDisplayManager: show
11-24 19:16:44.483  1575  8499 I chatty  : uid=1000(system) Binder:1575_11 expire 5 lines
11-24 19:16:47.454  1575  3887 I chatty  : uid=1000(system) ConnectivitySer expire 14 lines
11-24 19:16:56.189  4077  4077 W ContextImpl: Calling a method in the system process without a qualified user: android.app.ContextImpl.sendBroadcast:920 android.content.ContextWrapper.sendBroadcast:426 com.motorola.blur.service.blur.BSUtils.sendBroadcast:158 com.motorola.blur.service.blur.BSUtils.sendBroadcast:154 com.motorola.ccc.plm.pollingmanager.PollingManagerService$MyConnectivityReceiver.sendConnectivityIntent:596 
11-24 19:16:56.208  1575 31364 I chatty  : uid=1000(system) Binder:1575_20 expire 19 lines
11-24 19:16:56.248  1575 22228 I chatty  : uid=1000(system) Binder:1575_1E expire 10 lines
11-24 19:16:56.288  1575  3719 I chatty  : uid=1000(system) Binder:1575_3 expire 18 lines
11-24 19:16:56.311  4077  4077 W ContextImpl: Calling a method in the system process without a qualified user: android.app.ContextImpl.sendBroadcast:920 android.content.ContextWrapper.sendBroadcast:426 com.motorola.blur.service.blur.BSUtils.sendBroadcast:158 com.motorola.blur.service.blur.BSUtils.sendBroadcast:154 com.motorola.ccc.plm.pollingmanager.PollingManagerService$MyConnectivityReceiver.sendConnectivityIntent:596 
11-24 19:16:56.960  1575  3697 I chatty  : uid=1000(system) UEventObserver expire 5 lines
11-24 19:18:18.251  4077  4077 W ContextImpl: Calling a method in the system process without a qualified user: android.app.ContextImpl.sendBroadcast:920 android.content.ContextWrapper.sendBroadcast:426 com.motorola.blur.service.blur.BSUtils.sendBroadcast:158 com.motorola.blur.service.blur.BSUtils.sendBroadcast:154 com.motorola.ccc.plm.pollingmanager.PollingManagerService$MyConnectivityReceiver.sendConnectivityIntent:596 
11-24 19:18:18.884  1575  3887 I chatty  : uid=1000(system) ConnectivitySer expire 16 lines
11-24 19:18:20.173  4077  4077 W ContextImpl: Calling a method in the system process without a qualified user: android.app.ContextImpl.sendBroadcast:920 android.content.ContextWrapper.sendBroadcast:426 com.motorola.blur.service.blur.BSUtils.sendBroadcast:158 com.motorola.blur.service.blur.BSUtils.sendBroadcast:154 com.motorola.ccc.plm.pollingmanager.PollingManagerService$MyConnectivityReceiver.sendConnectivityIntent:596 
11-24 19:18:23.776  4077  4077 W ContextImpl: Calling a method in the system process without a qualified user: android.app.ContextImpl.sendBroadcast:920 android.content.ContextWrapper.sendBroadcast:426 com.motorola.blur.service.blur.BSUtils.sendBroadcast:158 com.motorola.blur.service.blur.BSUtils.sendBroadcast:154 com.motorola.ccc.plm.pollingmanager.PollingManagerService$MyConnectivityReceiver.sendConnectivityIntent:596 
11-24 19:18:23.910  4077  4077 W ContextImpl: Calling a method in the system process without a qualified user: android.app.ContextImpl.sendBroadcast:920 android.content.ContextWrapper.sendBroadcast:426 com.motorola.blur.service.blur.BSUtils.sendBroadcast:158 com.motorola.blur.service.blur.BSUtils.sendBroadcast:154 com.motorola.ccc.plm.pollingmanager.PollingManagerService$MyConnectivityReceiver.sendConnectivityIntent:596 
11-24 19:18:43.664   556   748 I chatty  : uid=1000(system) EventThread expire 1 line
11-24 19:18:46.137   556   556 I chatty  : uid=1000(system) /system/bin/surfaceflinger expire 31 lines
11-24 19:18:46.148  1575  2058 I chatty  : uid=1000(system) android.display expire 16 lines
11-24 19:18:46.230  1575 11342 I chatty  : uid=1000(system) Binder:1575_19 expire 16 lines
11-24 19:18:46.519  3924  3924 V KeyguardDisplayManager: hide
11-24 19:18:46.521  1575  1575 I chatty  : uid=1000 system_server expire 15 lines
11-24 19:18:46.654  1575  4548 I chatty  : uid=1000(system) Binder:1575_B expire 15 lines
11-24 19:18:46.703  1575  4616 I chatty  : uid=1000(system) Binder:1575_D expire 6 lines
11-24 19:18:46.748  1575  4414 I chatty  : uid=1000(system) Binder:1575_8 expire 13 lines
11-24 19:18:46.797  1575  3719 I chatty  : uid=1000(system) Binder:1575_3 expire 3 lines
11-24 19:18:46.930  1575 30911 I chatty  : uid=1000(system) Binder:1575_1F expire 12 lines
11-24 19:18:47.292  1575  4233 I chatty  : uid=1000(system) Binder:1575_7 expire 1 line
11-24 19:18:47.619  1575  1782 I chatty  : uid=1000(system) ActivityManager expire 14 lines
11-24 19:18:53.747  1575  3887 I chatty  : uid=1000(system) ConnectivitySer expire 27 lines
11-24 19:18:55.004  4814  4814 W ViewRootImpl[LocationSettingsCheckerActivity]: Dropping event due to no window focus: KeyEvent { action=ACTION_DOWN, keyCode=KEYCODE_BACK, scanCode=0, metaState=0, flags=0x48, repeatCount=0, eventTime=522976363, downTime=522976363, deviceId=-1, source=0x101 }
11-24 19:18:55.011  4814  4814 W ViewRootImpl[LocationSettingsCheckerActivity]: Cancelling event due to no window focus: KeyEvent { action=ACTION_UP, keyCode=KEYCODE_BACK, scanCode=0, metaState=0, flags=0x68, repeatCount=0, eventTime=522976485, downTime=522976363, deviceId=-1, source=0x101 }
11-24 19:18:55.011  4814  4814 W ViewRootImpl[LocationSettingsCheckerActivity]: Cancelling event due to no window focus: KeyEvent { action=ACTION_UP, keyCode=KEYCODE_BACK, scanCode=0, metaState=0, flags=0x68, repeatCount=0, eventTime=522976485, downTime=522976363, deviceId=-1, source=0x101 }
11-24 19:18:55.011  4814  4814 W ViewRootImpl[LocationSettingsCheckerActivity]: Cancelling event due to no window focus: KeyEvent { action=ACTION_UP, keyCode=KEYCODE_BACK, scanCode=0, metaState=0, flags=0x68, repeatCount=0, eventTime=522976485, downTime=522976363, deviceId=-1, source=0x101 }
11-24 19:18:55.011  4814  4814 W ViewRootImpl[LocationSettingsCheckerActivity]: Cancelling event due to no window focus: KeyEvent { action=ACTION_UP, keyCode=KEYCODE_BACK, scanCode=0, metaState=0, flags=0x68, repeatCount=0, eventTime=522976485, downTime=522976363, deviceId=-1, source=0x101 }
11-24 19:18:55.011  4814  4814 W ViewRootImpl[LocationSettingsCheckerActivity]: Cancelling event due to no window focus: KeyEvent { action=ACTION_UP, keyCode=KEYCODE_BACK, scanCode=0, metaState=0, flags=0x68, repeatCount=0, eventTime=522976485, downTime=522976363, deviceId=-1, source=0x101 }
11-24 19:18:55.011  4814  4814 W ViewRootImpl[LocationSettingsCheckerActivity]: Cancelling event due to no window focus: KeyEvent { action=ACTION_UP, keyCode=KEYCODE_BACK, scanCode=0, metaState=0, flags=0x68, repeatCount=0, eventTime=522976485, downTime=522976363, deviceId=-1, source=0x101 }
11-24 19:18:55.012  4814  4814 W ViewRootImpl[LocationSettingsCheckerActivity]: Cancelling event due to no window focus: KeyEvent { action=ACTION_UP, keyCode=KEYCODE_BACK, scanCode=0, metaState=0, flags=0x68, repeatCount=0, eventTime=522976485, downTime=522976363, deviceId=-1, source=0x101 }
11-24 19:18:55.012  4814  4814 W ViewRootImpl[LocationSettingsCheckerActivity]: Cancelling event due to no window focus: KeyEvent { action=ACTION_UP, keyCode=KEYCODE_BACK, scanCode=0, metaState=0, flags=0x68, repeatCount=0, eventTime=522976485, downTime=522976363, deviceId=-1, source=0x101 }
11-24 19:18:55.012  4814  4814 W ViewRootImpl[LocationSettingsCheckerActivity]: Cancelling event due to no window focus: KeyEvent { action=ACTION_UP, keyCode=KEYCODE_BACK, scanCode=0, metaState=0, flags=0x68, repeatCount=0, eventTime=522976485, downTime=522976363, deviceId=-1, source=0x101 }
11-24 19:19:03.559   556   556 D SFPerfTracer:        layers: (3:11) (DimLayerController/Stack=0 (0xa6c8e400): 0:7084)* (StatusBar (0xa6c90c00): 7:829189) (Magnification Overlay (0xa8909400): 0:165586)* (animation background stackId=1 (0xa6cab400): 0:1878)* (Sprite (0xa6caa000): 0:411)* (animation background stackId=0 (0xa6cac800): 0:16)* (DockedStackDim (0xa7261400): 0:89)* (com.android.systemui.ImageWallpaper (0xa6c8f800): 7:4598)* (NavigationBar (0xa6cadc00): 7:566) (com.google.android.talk/com.google.android.apps.hangouts.phone.BabelHomeActivity (0xa7260000): 0:66)- (com.google.android.talk/com.google.android.apps.hangouts.phone.ConversationActivity (0xa6c8bc00): 17:40) 
11-24 19:19:04.583   556   556 I SFPerfTracer:      triggers: (rate: 6605:388031) (compose: 235:7322) (post: 10:408) (render: 24:7565) (26:2875828 frames) (27:3178103)
11-24 19:19:04.583   556   556 D SFPerfTracer:        layers: (5:13) (DimLayerController/Stack=0 (0xa6c8e400): 0:7084)* (StatusBar (0xa6c90c00): 4:829220) (Magnification Overlay (0xa8909400): 0:165586)* (animation background stackId=1 (0xa6cab400): 0:1878)* (Sprite (0xa6caa000): 0:411)* (animation background stackId=0 (0xa6cac800): 0:16)* (DockedStackDim (0xa7261400): 0:89)* (com.android.systemui.ImageWallpaper (0xa6c8f800): 4:4629)* (NavigationBar (0xa6cadc00): 9:602) (com.google.android.talk/com.google.android.apps.hangouts.phone.ConversationActivity (0xa6c8bc00): 26:93) (com.google.android.gms/com.google.android.location.places.ui.placepicker.PlacePickerActivity (0xa7260000): 6:31) (SurfaceView - com.google.android.gms/com.google.android.location.places.ui.placepicker.PlacePickerActivity (0xa7262800): 3:26)* (SurfaceView - com.google.android.gms/com.google.android.location.places.ui.placepicker.PlacePickerActivity (0xa6c8d000): 10:34) 
11-24 19:19:05.184   556   750 I SFPerfTracer:      triggers: (rate: 71:15350) (0 sw vsyncs) (0 skipped) (71:2318763 vsyncs) (73:3188461)
11-24 19:19:05.873   556   556 I SFPerfTracer:       trigger: frame rate (-28.153%)	(43.108 fps)	(23.198 ms) 	(8 drops)	(21 frames)
11-24 19:19:05.873   556   556 I SFPerfTracer:      triggers: (rate: 6606:388039) (compose: 235:7322) (post: 10:408) (render: 24:7565) (21:2875877 frames) (22:3178161)
11-24 19:19:05.873   556   556 D SFPerfTracer:        layers: (4:12) (DimLayerController/Stack=0 (0xa6c8e400): 0:7084)* (StatusBar (0xa6c90c00): 17:829266) (Magnification Overlay (0xa8909400): 8:165595)* (animation background stackId=1 (0xa6cab400): 0:1878)* (Sprite (0xa6caa000): 0:411)* (animation background stackId=0 (0xa6cac800): 0:16)* (DockedStackDim (0xa7261400): 0:89)* (com.android.systemui.ImageWallpaper (0xa6c8f800): 17:4675)* (NavigationBar (0xa6cadc00): 17:652) (com.google.android.talk/com.google.android.apps.hangouts.phone.ConversationActivity (0xa6c8bc00): 22:150) (com.google.android.gms/com.google.android.location.places.ui.placepicker.PlacePickerActivity (0xa7260000): 0:54)- (InputMethod (0xa7260000): 17:21) 
11-24 19:19:07.697   556   750 I SFPerfTracer:      triggers: (rate: 71:15350) (0 sw vsyncs) (0 skipped) (18:2318838 vsyncs) (20:3188573)
11-24 19:19:08.184   556   556 I SFPerfTracer:       trigger: frame rate (-32.292%)	(40.625 fps)	(24.615 ms) 	(8 drops)	(17 frames)
11-24 19:19:08.185   556   556 I SFPerfTracer:      triggers: (rate: 6607:388060) (compose: 235:7322) (post: 10:408) (render: 24:7565) (17:2875974 frames) (18:3178262)
11-24 19:19:08.185   556   556 D SFPerfTracer:        layers: (4:11) (DimLayerController/Stack=0 (0xa6c8e400): 0:7084)* (StatusBar (0xa6c90c00): 12:829325) (Magnification Overlay (0xa8909400): 0:165595)* (animation background stackId=1 (0xa6cab400): 0:1878)* (Sprite (0xa6caa000): 0:411)* (animation background stackId=0 (0xa6cac800): 0:16)* (DockedStackDim (0xa7261400): 0:89)* (com.android.systemui.ImageWallpaper (0xa6c8f800): 12:4733)* (NavigationBar (0xa6cadc00): 12:710) (com.google.android.talk/com.google.android.apps.hangouts.phone.ConversationActivity (0xa6c8bc00): 14:237) (InputMethod (0xa7260000): 17:103) 
11-24 19:19:09.023   556   556 I SFPerfTracer:       trigger: frame rate (-29.760%)	(42.144 fps)	(23.728 ms) 	(3 drops)	(12 frames)
11-24 19:19:09.023   556   556 I SFPerfTracer:      triggers: (rate: 6608:388063) (compose: 235:7322) (post: 10:408) (render: 24:7565) (12:2875988 frames) (13:3178279)
11-24 19:19:09.023   556   556 D SFPerfTracer:        layers: (4:11) (DimLayerController/Stack=0 (0xa6c8e400): 0:7084)* (StatusBar (0xa6c90c00): 10:829337) (Magnification Overlay (0xa8909400): 0:165595)* (animation background stackId=1 (0xa6cab400): 0:1878)* (Sprite (0xa6caa000): 0:411)* (animation background stackId=0 (0xa6cac800): 0:16)* (DockedStackDim (0xa7261400): 0:89)* (com.android.systemui.ImageWallpaper (0xa6c8f800): 10:4745)* (NavigationBar (0xa6cadc00): 10:722) (com.google.android.talk/com.google.android.apps.hangouts.phone.ConversationActivity (0xa6c8bc00): 11:250) (InputMethod (0xa7260000): 13:120) 
11-24 19:19:11.215   556   750 I SFPerfTracer:      triggers: (rate: 71:15350) (0 sw vsyncs) (0 skipped) (0:2318871 vsyncs) (1:3188674)
11-24 19:19:12.155   556   556 I SFPerfTracer:      triggers: (rate: 6608:388084) (compose: 235:7322) (post: 10:408) (render: 24:7565) (11:2876085 frames) (12:3178390)
11-24 19:19:12.155   556   556 D SFPerfTracer:        layers: (4:11) (DimLayerController/Stack=0 (0xa6c8e400): 0:7084)* (StatusBar (0xa6c90c00): 7:829397) (Magnification Overlay (0xa8909400): 0:165595)* (animation background stackId=1 (0xa6cab400): 0:1878)* (Sprite (0xa6caa000): 0:411)* (animation background stackId=0 (0xa6cac800): 0:16)* (DockedStackDim (0xa7261400): 0:89)* (com.android.systemui.ImageWallpaper (0xa6c8f800): 7:4803)* (NavigationBar (0xa6cadc00): 7:780) (com.google.android.talk/com.google.android.apps.hangouts.phone.ConversationActivity (0xa6c8bc00): 9:338) (InputMethod (0xa7260000): 11:208) 
11-24 19:19:13.761   556   750 I SFPerfTracer:      triggers: (rate: 71:15350) (0 sw vsyncs) (0 skipped) (2:2318931 vsyncs) (4:3188776)
11-24 19:19:13.964   556   556 I SFPerfTracer:       trigger: frame rate (-31.750%)	(40.950 fps)	(24.420 ms) 	(5 drops)	(13 frames)
11-24 19:19:13.964   556   556 I SFPerfTracer:      triggers: (rate: 6609:388098) (compose: 235:7322) (post: 10:408) (render: 24:7565) (13:2876142 frames) (14:3178454)
11-24 19:19:13.964   556   556 D SFPerfTracer:        layers: (4:11) (DimLayerController/Stack=0 (0xa6c8e400): 0:7084)* (StatusBar (0xa6c90c00): 8:829429) (Magnification Overlay (0xa8909400): 0:165595)* (animation background stackId=1 (0xa6cab400): 0:1878)* (Sprite (0xa6caa000): 0:411)* (animation background stackId=0 (0xa6cac800): 0:16)* (DockedStackDim (0xa7261400): 0:89)* (com.android.systemui.ImageWallpaper (0xa6c8f800): 8:4834)* (NavigationBar (0xa6cadc00): 8:811) (com.google.android.talk/com.google.android.apps.hangouts.phone.ConversationActivity (0xa6c8bc00): 10:392) (InputMethod (0xa7260000): 12:255) 
11-24 19:19:14.701   556   556 I SFPerfTracer:       trigger: frame rate (-30.349%)	(41.791 fps)	(23.929 ms) 	(7 drops)	(21 frames)
11-24 19:19:14.701   556   556 I SFPerfTracer:      triggers: (rate: 6610:388107) (compose: 235:7322) (post: 10:408) (render: 24:7565) (21:2876167 frames) (22:3178481)
11-24 19:19:14.701   556   556 D SFPerfTracer:        layers: (4:11) (DimLayerController/Stack=0 (0xa6c8e400): 0:7084)* (StatusBar (0xa6c90c00): 15:829447) (Magnification Overlay (0xa8909400): 0:165595)* (animation background stackId=1 (0xa6cab400): 0:1878)* (Sprite (0xa6caa000): 0:411)* (animation background stackId=0 (0xa6cac800): 0:16)* (DockedStackDim (0xa7261400): 0:89)* (com.android.systemui.ImageWallpaper (0xa6c8f800): 15:4852)* (NavigationBar (0xa6cadc00): 15:829) (com.google.android.talk/com.google.android.apps.hangouts.phone.ConversationActivity (0xa6c8bc00): 17:414) (InputMethod (0xa7260000): 21:280) 
11-24 19:19:16.977   556   750 I SFPerfTracer:      triggers: (rate: 71:15350) (0 sw vsyncs) (0 skipped) (0:2318980 vsyncs) (1:3188877)
11-24 19:19:19.658   556   748 I SFPerfTracer:      triggers: (rate: 2:2792) (15526434 sw vsyncs) (0 skipped) (2146:9280598 vsyncs) (2148:24888029)
11-24 19:19:19.829   556   556 I SFPerfTracer:      triggers: (rate: 6610:388122) (compose: 235:7322) (post: 10:408) (render: 24:7565) (26:2876271 frames) (27:3178606)
11-24 19:19:19.829   556   556 D SFPerfTracer:        layers: (1:12) (DimLayerController/Stack=0 (0xa6c8e400): 0:7084)* (StatusBar (0xa6c90c00): 1:829480)* (Magnification Overlay (0xa8909400): 0:165595)* (animation background stackId=1 (0xa6cab400): 0:1878)* (Sprite (0xa6caa000): 0:411)* (animation background stackId=0 (0xa6cac800): 0:16)* (DockedStackDim (0xa7261400): 0:89)* (com.android.systemui.ImageWallpaper (0xa6c8f800): 1:4884)* (NavigationBar (0xa6cadc00): 1:862)* (com.google.android.talk/com.google.android.apps.hangouts.phone.ConversationActivity (0xa6c8bc00): 2:508)* (InputMethod (0xa7260000): 1:315)* (ColorFade (0xa6c8d000): 27:29) 
11-24 19:19:19.993  3924  3924 V KeyguardStatusView: refresh statusview showing:true
11-24 19:19:20.006  3924  3924 V KeyguardDisplayManager: show
11-24 19:19:28.670   556   748 I SFPerfTracer:      triggers: (rate: 2:2792) (15526853 sw vsyncs) (0 skipped) (0:9280690 vsyncs) (418:24888542)
11-24 19:19:30.490   556   556 I SFPerfTracer:      triggers: (rate: 6610:388124) (compose: 235:7322) (post: 10:408) (render: 24:7566) (105:2876387 frames) (106:3178729)
