11-24 11:58:31.279  1575  1791 I chatty  : uid=1000(system) batterystats-sy expire 26 lines
11-24 11:59:00.590   644  1218 E NetlinkListener: recvmsg failed (No buffer space available)
11-24 11:59:14.783   556   556 I chatty  : uid=1000(system) /system/bin/surfaceflinger expire 62 lines
11-24 11:59:20.055  1575  3887 I chatty  : uid=1000(system) ConnectivitySer expire 36 lines
11-24 12:00:42.892  1575  3881 I chatty  : uid=1000(system) WifiStateMachin expire 12 lines
11-24 12:06:06.013  1575  1791 I chatty  : uid=1000(system) batterystats-sy expire 16 lines
11-24 12:06:10.291  1575  1782 I chatty  : uid=1000(system) ActivityManager expire 21 lines
11-24 12:06:12.798   556   750 I chatty  : uid=1000(system) EventThread expire 27 lines
11-24 12:06:36.359  3924  3924 V KeyguardDisplayManager: hide
11-24 12:06:36.446   556   556 I chatty  : uid=1000(system) /system/bin/surfaceflinger expire 15 lines
11-24 12:06:51.531  3924  3924 V KeyguardStatusView: refresh statusview showing:true
11-24 12:06:51.534  1575  1586 I chatty  : uid=1000(system) Binder:1575_2 expire 12 lines
11-24 12:06:51.595  3924  3924 V KeyguardDisplayManager: show
11-24 12:06:51.912  1575  8501 I chatty  : uid=1000(system) Binder:1575_13 expire 16 lines
11-24 12:06:53.236  3924  3924 V KeyguardDisplayManager: hide
11-24 12:06:53.308   556   556 I chatty  : uid=1000(system) /system/bin/surfaceflinger expire 92 lines
11-24 12:06:54.051  1575  4233 I chatty  : uid=1000(system) Binder:1575_7 expire 12 lines
11-24 12:07:37.194  1575  3887 I chatty  : uid=1000(system) ConnectivitySer expire 19 lines
11-24 12:07:46.006   556   750 I chatty  : uid=1000(system) EventThread expire 20 lines
11-24 12:08:15.914  1575  2058 I chatty  : uid=1000(system) android.display expire 11 lines
11-24 12:08:55.239  3924  3924 V DeadZone: consuming errant click: (73.0,13.0)
11-24 12:08:55.627   556   556 I chatty  : uid=1000(system) /system/bin/surfaceflinger expire 45 lines
11-24 12:09:00.031   556   750 I chatty  : uid=1000(system) EventThread expire 26 lines
11-24 12:09:00.597  1575  3715 I chatty  : uid=1000(system) InputReader expire 14 lines
11-24 12:09:00.616  1575  1575 I chatty  : uid=1000 system_server expire 14 lines
11-24 12:09:01.142  1575  2058 I chatty  : uid=1000(system) android.display expire 11 lines
11-24 12:09:01.157   556   748 I chatty  : uid=1000(system) EventThread expire 10 lines
11-24 12:09:01.422  3924  3924 V KeyguardStatusView: refresh statusview showing:true
11-24 12:09:01.431  3924  3924 V KeyguardDisplayManager: show
11-24 12:10:56.884  1575  3887 I chatty  : uid=1000(system) ConnectivitySer expire 31 lines
11-24 12:10:56.918  1575  1791 I chatty  : uid=1000(system) batterystats-sy expire 34 lines
11-24 12:11:42.628  1575  2131 I chatty  : uid=1000(system) PowerManagerSer expire 10 lines
11-24 12:12:55.776  3924  3924 V KeyguardDisplayManager: hide
11-24 12:12:55.810  1575  4551 I chatty  : uid=1000(system) Binder:1575_C expire 10 lines
11-24 12:12:57.131  1575  3697 I chatty  : uid=1000(system) UEventObserver expire 13 lines
11-24 12:13:00.037  1575  2057 I chatty  : uid=1000(system) android.io expire 12 lines
11-24 12:13:04.538  1575  1782 I chatty  : uid=1000(system) ActivityManager expire 12 lines
11-24 12:13:09.436  1575 11341 I chatty  : uid=1000(system) Binder:1575_18 expire 10 lines
11-24 12:13:37.714  1575  4548 I chatty  : uid=1000(system) Binder:1575_B expire 19 lines
11-24 12:13:43.313  3924  3924 V KeyguardStatusView: refresh statusview showing:true
11-24 12:13:43.330  3924  3924 V KeyguardDisplayManager: show
11-24 12:14:11.260  1575 11196 I chatty  : uid=1000(system) Binder:1575_17 expire 17 lines
11-24 12:14:44.553  1575 11774 I chatty  : uid=1000(system) Binder:1575_1C expire 10 lines
11-24 12:19:11.466  1575  3887 I chatty  : uid=1000(system) ConnectivitySer expire 20 lines
11-24 12:19:16.871  1575  1782 I chatty  : uid=1000(system) ActivityManager expire 13 lines
11-24 12:19:38.616  1575  1791 I chatty  : uid=1000(system) batterystats-sy expire 16 lines
11-24 12:19:38.991  1575  2058 I chatty  : uid=1000(system) android.display expire 17 lines
11-24 12:19:41.397  1575 11677 I chatty  : uid=1000(system) Binder:1575_1B expire 13 lines
11-24 12:19:44.455  3924  3924 V KeyguardDisplayManager: hide
11-24 12:19:46.429   556   556 I chatty  : uid=1000(system) /system/bin/surfaceflinger expire 10 lines
11-24 12:19:50.084   556   750 I chatty  : uid=1000(system) EventThread expire 10 lines
11-24 12:19:50.972   556   748 I chatty  : uid=1000(system) EventThread expire 11 lines
11-24 12:19:55.257  3924  3924 V KeyguardStatusView: refresh statusview showing:true
11-24 12:19:55.277  3924  3924 V KeyguardDisplayManager: show
11-24 12:19:57.564  1575  8567 I chatty  : uid=1000(system) Binder:1575_15 expire 12 lines
11-24 12:23:52.808   644  1218 E NetlinkListener: recvmsg failed (No buffer space available)
11-24 12:23:53.175  1575  3881 I chatty  : uid=1000(system) WifiStateMachin expire 10 lines
11-24 12:24:06.774  1575  1782 I chatty  : uid=1000(system) ActivityManager expire 32 lines
11-24 12:24:32.366  1575  1791 I chatty  : uid=1000(system) batterystats-sy expire 36 lines
11-24 12:24:59.730  1575  3887 I chatty  : uid=1000(system) ConnectivitySer expire 18 lines
11-24 12:28:35.310  1575  1585 I chatty  : uid=1000(system) Binder:1575_1 expire 10 lines
11-24 12:30:08.098  1575 11342 I chatty  : uid=1000(system) Binder:1575_19 expire 15 lines
11-24 12:31:29.909  1575  4648 I chatty  : uid=1000(system) Binder:1575_F expire 14 lines
11-24 12:31:52.864  1575  3719 I chatty  : uid=1000(system) Binder:1575_3 expire 19 lines
11-24 12:38:45.843  1575  2131 I chatty  : uid=1000(system) PowerManagerSer expire 11 lines
11-24 12:38:50.521  1575  4414 I chatty  : uid=1000(system) Binder:1575_8 expire 14 lines
11-24 12:38:50.610  3924  3924 V KeyguardDisplayManager: hide
11-24 12:38:50.613  1575  1575 I chatty  : uid=1000 system_server expire 11 lines
11-24 12:38:52.474   556   556 I chatty  : uid=1000(system) /system/bin/surfaceflinger expire 54 lines
11-24 12:38:52.671  1575  1791 I chatty  : uid=1000(system) batterystats-sy expire 18 lines
11-24 12:38:55.676  1575 22227 I chatty  : uid=1000(system) Binder:1575_1D expire 18 lines
11-24 12:38:56.445  1575  4118 I chatty  : uid=1000(system) Binder:1575_6 expire 12 lines
11-24 12:39:11.707   556   750 I chatty  : uid=1000(system) EventThread expire 23 lines
11-24 12:39:14.944  1575  8861 I chatty  : uid=1000(system) Binder:1575_16 expire 16 lines
11-24 12:39:21.182  1575  8499 I chatty  : uid=1000(system) Binder:1575_11 expire 16 lines
11-24 12:39:26.527  1575  1782 I chatty  : uid=1000(system) ActivityManager expire 24 lines
11-24 12:40:21.279  1575  4415 I chatty  : uid=1000(system) Binder:1575_9 expire 13 lines
11-24 12:40:30.716  3924  3924 V KeyguardStatusView: refresh statusview showing:true
11-24 12:40:30.723   556   750 I chatty  : uid=1000(system) EventThread expire 13 lines
11-24 12:40:30.733  3924  3924 V KeyguardDisplayManager: show
11-24 12:40:30.804  1575  4117 I chatty  : uid=1000(system) Binder:1575_5 expire 16 lines
11-24 12:41:09.404  1575  1586 I chatty  : uid=1000(system) Binder:1575_2 expire 10 lines
11-24 12:43:14.153   644  1218 E NetlinkListener: recvmsg failed (No buffer space available)
11-24 12:43:39.586  1575  1791 I chatty  : uid=1000(system) batterystats-sy expire 38 lines
11-24 12:46:26.319  1575  3697 I chatty  : uid=1000(system) UEventObserver expire 11 lines
11-24 12:46:30.099  1575  1774 I chatty  : uid=1000(system) android.bg expire 10 lines
11-24 12:46:30.118  4077  4077 I chatty  : uid=1000(system) com.motorola.process.system expire 10 lines
11-24 12:49:46.270  1575 31364 I chatty  : uid=1000(system) Binder:1575_20 expire 10 lines
11-24 12:51:39.888  1575  1782 I chatty  : uid=1000(system) ActivityManager expire 10 lines
11-24 12:53:39.690  1575 30911 I chatty  : uid=1000(system) Binder:1575_1F expire 17 lines
11-24 12:58:08.078  1575  3887 I chatty  : uid=1000(system) ConnectivitySer expire 38 lines
11-24 12:58:43.897   644  1218 E NetlinkListener: recvmsg failed (No buffer space available)
11-24 12:58:49.039  1575  1791 I chatty  : uid=1000(system) batterystats-sy expire 40 lines
11-24 12:59:00.757  1575  1782 I chatty  : uid=1000(system) ActivityManager expire 31 lines
11-24 13:07:45.762  1575  8501 I chatty  : uid=1000(system) Binder:1575_13 expire 13 lines
11-24 13:12:22.429   644  1218 E NetlinkListener: recvmsg failed (No buffer space available)
11-24 13:13:55.707  1575  4417 I chatty  : uid=1000(system) Binder:1575_A expire 11 lines
11-24 13:14:09.134  1575  1791 I chatty  : uid=1000(system) batterystats-sy expire 60 lines
11-24 13:17:26.938  1575  1782 I chatty  : uid=1000(system) ActivityManager expire 43 lines
11-24 13:19:16.579  1575  3697 I chatty  : uid=1000(system) UEventObserver expire 11 lines
11-24 13:20:44.422  1575  2058 I chatty  : uid=1000(system) android.display expire 12 lines
11-24 13:21:56.472   556   556 I chatty  : uid=1000(system) /system/bin/surfaceflinger expire 12 lines
11-24 13:22:37.969  1575 11342 I chatty  : uid=1000(system) Binder:1575_19 expire 10 lines
11-24 13:26:10.031  1575 22228 I chatty  : uid=1000(system) Binder:1575_1E expire 14 lines
11-24 13:30:42.017  1575 11343 I chatty  : uid=1000(system) Binder:1575_1A expire 10 lines
11-24 13:31:08.880  1575 11341 I chatty  : uid=1000(system) Binder:1575_18 expire 15 lines
11-24 13:31:09.201  1575  1774 I chatty  : uid=1000(system) android.bg expire 11 lines
11-24 13:31:52.980  1575  8567 I chatty  : uid=1000(system) Binder:1575_15 expire 10 lines
11-24 13:32:25.787  1575  8500 I chatty  : uid=1000(system) Binder:1575_12 expire 12 lines
11-24 13:32:48.122   641 23138 W SocketClient: write error (Broken pipe)
11-24 13:32:50.122  1575  1791 I chatty  : uid=1000(system) batterystats-sy expire 10 lines
11-24 13:33:11.325  1575  1782 I chatty  : uid=1000(system) ActivityManager expire 12 lines
11-24 13:33:21.454  1575 11196 I chatty  : uid=1000(system) Binder:1575_17 expire 10 lines
11-24 13:34:46.426  1575  3887 I chatty  : uid=1000(system) ConnectivitySer expire 18 lines
11-24 13:36:07.072   644  1218 E NetlinkListener: recvmsg failed (No buffer space available)
11-24 13:36:07.420  1575  3887 I chatty  : uid=1000(system) ConnectivitySer expire 32 lines
11-24 13:36:45.306 23835 23835 D ActivityThread: Loading provider com.whatsapp.provider.contact: com.whatsapp.contact.ContactProvider
11-24 13:36:45.986  1575  8861 I chatty  : uid=1000(system) Binder:1575_16 expire 11 lines
11-24 13:36:47.943  1575  1782 I chatty  : uid=1000(system) ActivityManager expire 23 lines
11-24 13:36:53.976  4077  4077 I chatty  : uid=1000(system) com.motorola.process.system expire 10 lines
11-24 13:39:12.655  1575  1791 I chatty  : uid=1000(system) batterystats-sy expire 12 lines
11-24 13:41:42.605  1575  4233 I chatty  : uid=1000(system) Binder:1575_7 expire 11 lines
11-24 13:43:33.124   641 24241 W SocketClient: write error (Broken pipe)
11-24 13:43:33.406  1575  1782 I chatty  : uid=1000(system) ActivityManager expire 10 lines
11-24 13:44:45.751  1575  3715 I chatty  : uid=1000(system) InputReader expire 12 lines
11-24 13:44:45.777  1575  2131 I chatty  : uid=1000(system) PowerManagerSer expire 13 lines
11-24 13:44:46.004   556   748 I chatty  : uid=1000(system) EventThread expire 10 lines
11-24 13:44:56.198   556   750 I chatty  : uid=1000(system) EventThread expire 11 lines
11-24 13:44:56.331  1575  8566 I chatty  : uid=1000(system) Binder:1575_14 expire 19 lines
11-24 13:44:56.384  3924  3924 V KeyguardDisplayManager: hide
11-24 13:44:56.958  1575  1791 I chatty  : uid=1000(system) batterystats-sy expire 10 lines
11-24 13:44:57.553  1575  4617 I chatty  : uid=1000(system) Binder:1575_E expire 13 lines
11-24 13:44:57.555  1575  4026 I chatty  : uid=1000(system) Binder:1575_4 expire 17 lines
11-24 13:44:58.466  1575  4648 I chatty  : uid=1000(system) Binder:1575_F expire 10 lines
11-24 13:44:58.580   556   556 I chatty  : uid=1000(system) /system/bin/surfaceflinger expire 24 lines
11-24 13:45:00.469  1575  3719 I chatty  : uid=1000(system) Binder:1575_3 expire 10 lines
11-24 13:45:12.548  1575  4551 I chatty  : uid=1000(system) Binder:1575_C expire 12 lines
11-24 13:45:15.944  1575  3881 I chatty  : uid=1000(system) WifiStateMachin expire 16 lines
11-24 13:45:15.944  1575  3887 I chatty  : uid=1000(system) ConnectivitySer expire 15 lines
11-24 13:45:17.509  1575 11677 I chatty  : uid=1000(system) Binder:1575_1B expire 13 lines
11-24 13:45:17.509  1575  4417 I chatty  : uid=1000(system) Binder:1575_A expire 14 lines
11-24 13:45:17.510  1575  4117 I chatty  : uid=1000(system) Binder:1575_5 expire 11 lines
11-24 13:45:17.663  1575  1575 I chatty  : uid=1000 system_server expire 11 lines
11-24 13:45:18.351  1575  3875 I chatty  : uid=1000(system) NetworkPolicy expire 10 lines
11-24 13:45:28.658  1575  2058 I chatty  : uid=1000(system) android.display expire 24 lines
11-24 13:45:33.031  1575  8567 I chatty  : uid=1000(system) Binder:1575_15 expire 14 lines
11-24 13:45:34.644  3924  3924 V KeyguardStatusView: refresh statusview showing:true
11-24 13:45:34.666  3924  3924 V KeyguardDisplayManager: show
11-24 13:45:39.854 23402 25140 E ActivityThread: Failed to find provider info for com.whatsapp.provider.phoneid
11-24 13:45:40.120 25144 25144 D ActivityThread: Loading provider com.whatsapp.provider.contact: com.whatsapp.contact.ContactProvider
11-24 13:45:40.395  1575  4616 I chatty  : uid=1000(system) Binder:1575_D expire 18 lines
11-24 13:45:40.421  1575 22227 I chatty  : uid=1000(system) Binder:1575_1D expire 18 lines
11-24 13:45:44.708  1575  1782 I chatty  : uid=1000(system) ActivityManager expire 43 lines
11-24 13:45:45.214  1575 11774 I chatty  : uid=1000(system) Binder:1575_1C expire 11 lines
11-24 13:46:14.128  1575  3697 I chatty  : uid=1000(system) UEventObserver expire 10 lines
11-24 13:47:13.338   556   750 I chatty  : uid=1000(system) EventThread expire 14 lines
11-24 13:47:13.909  3924  3924 V KeyguardDisplayManager: hide
11-24 13:47:14.123  1575  3887 I chatty  : uid=1000(system) ConnectivitySer expire 34 lines
11-24 13:47:19.419   556   556 I chatty  : uid=1000(system) /system/bin/surfaceflinger expire 26 lines
11-24 13:47:19.470  1575  8566 I chatty  : uid=1000(system) Binder:1575_14 expire 11 lines
11-24 13:47:23.382  1575  1782 I chatty  : uid=1000(system) ActivityManager expire 16 lines
11-24 13:47:26.630  1575 22227 I chatty  : uid=1000(system) Binder:1575_1D expire 11 lines
11-24 13:47:42.995  1575  1791 I chatty  : uid=1000(system) batterystats-sy expire 14 lines
11-24 13:47:43.184  1575  4414 I chatty  : uid=1000(system) Binder:1575_8 expire 10 lines
11-24 13:47:50.761  1575  1575 I chatty  : uid=1000 system_server expire 10 lines
11-24 13:47:51.651  3924  3924 V KeyguardStatusView: refresh statusview showing:true
11-24 13:47:51.678  1575  4026 I chatty  : uid=1000(system) Binder:1575_4 expire 10 lines
11-24 13:47:51.680  3924  3924 V KeyguardDisplayManager: show
11-24 13:51:51.970  1575  4415 I chatty  : uid=1000(system) Binder:1575_9 expire 10 lines
11-24 13:53:32.681  1575  8499 I chatty  : uid=1000(system) Binder:1575_11 expire 12 lines
11-24 13:54:50.566  4077  4077 I chatty  : uid=1000(system) com.motorola.process.system expire 10 lines
11-24 13:54:50.586  1575 11342 I chatty  : uid=1000(system) Binder:1575_19 expire 15 lines
11-24 13:54:50.901  1575  1782 I chatty  : uid=1000(system) ActivityManager expire 26 lines
11-24 13:57:13.975  1575 22228 I chatty  : uid=1000(system) Binder:1575_1E expire 12 lines
11-24 13:57:13.978  1575  4648 I chatty  : uid=1000(system) Binder:1575_F expire 11 lines
11-24 14:01:52.491  1575  3719 I chatty  : uid=1000(system) Binder:1575_3 expire 10 lines
11-24 14:06:22.186  1575 11774 I chatty  : uid=1000(system) Binder:1575_1C expire 10 lines
11-24 14:07:05.481   644  1218 E NetlinkListener: recvmsg failed (No buffer space available)
11-24 14:07:06.463  1575  1774 I chatty  : uid=1000(system) android.bg expire 12 lines
11-24 14:07:07.629  1575  1575 I chatty  : uid=1000 system_server expire 12 lines
11-24 14:07:08.000  3924  3924 V KeyguardDisplayManager: hide
11-24 14:07:08.067  1575  4414 I chatty  : uid=1000(system) Binder:1575_8 expire 11 lines
11-24 14:07:08.765  1575  8861 I chatty  : uid=1000(system) Binder:1575_16 expire 10 lines
11-24 14:07:08.797  1575  1782 I chatty  : uid=1000(system) ActivityManager expire 30 lines
11-24 14:07:14.076   556   750 I chatty  : uid=1000(system) EventThread expire 27 lines
11-24 14:07:15.803   556   556 I chatty  : uid=1000(system) /system/bin/surfaceflinger expire 47 lines
11-24 14:07:39.915  1575  4415 I chatty  : uid=1000(system) Binder:1575_9 expire 15 lines
11-24 14:08:02.960  1575  4616 I chatty  : uid=1000(system) Binder:1575_D expire 11 lines
11-24 14:08:10.578  1575 11343 I chatty  : uid=1000(system) Binder:1575_1A expire 11 lines
11-24 14:08:10.592  1575  5944 I chatty  : uid=1000(system) Binder:1575_10 expire 10 lines
11-24 14:08:17.905   556   748 I chatty  : uid=1000(system) EventThread expire 12 lines
11-24 14:08:18.217  3924  3924 V KeyguardStatusView: refresh statusview showing:true
11-24 14:08:18.230  3924  3924 V KeyguardDisplayManager: show
11-24 14:08:25.844  1575  2058 I chatty  : uid=1000(system) android.display expire 11 lines
11-24 14:08:30.830  1575  1791 I chatty  : uid=1000(system) batterystats-sy expire 26 lines
11-24 14:08:40.510  3924  3924 V KeyguardDisplayManager: hide
11-24 14:08:42.476   556   556 I chatty  : uid=1000(system) /system/bin/surfaceflinger expire 30 lines
11-24 14:08:44.271  1575  4233 I chatty  : uid=1000(system) Binder:1575_7 expire 15 lines
11-24 14:08:54.787   556   750 I chatty  : uid=1000(system) EventThread expire 16 lines
11-24 14:08:56.785  1575  3887 I chatty  : uid=1000(system) ConnectivitySer expire 28 lines
11-24 14:09:04.178  1575  1586 I chatty  : uid=1000(system) Binder:1575_2 expire 17 lines
11-24 14:09:11.310  1575  2131 I chatty  : uid=1000(system) PowerManagerSer expire 12 lines
11-24 14:09:11.751  3924  3924 V KeyguardStatusView: refresh statusview showing:true
11-24 14:09:11.768  3924  3924 V KeyguardDisplayManager: show
11-24 14:09:17.877  1575 11196 I chatty  : uid=1000(system) Binder:1575_17 expire 13 lines
11-24 14:10:13.948  1575  3697 I chatty  : uid=1000(system) UEventObserver expire 13 lines
11-24 14:10:30.496  1575  3715 I chatty  : uid=1000(system) InputReader expire 10 lines
11-24 14:10:30.513  1575  2058 I chatty  : uid=1000(system) android.display expire 49 lines
11-24 14:10:32.192   556   556 I chatty  : uid=1000(system) /system/bin/surfaceflinger expire 17 lines
11-24 14:10:32.760   556   748 I chatty  : uid=1000(system) EventThread expire 10 lines
11-24 14:12:53.696  1575  1575 I chatty  : uid=1000 system_server expire 12 lines
11-24 14:12:54.078  3924  3924 V KeyguardDisplayManager: hide
11-24 14:13:03.176   556   556 I chatty  : uid=1000(system) /system/bin/surfaceflinger expire 270 lines
11-24 14:13:03.186   556   750 I chatty  : uid=1000(system) EventThread expire 120 lines
11-24 14:13:04.734  1575  1585 I chatty  : uid=1000(system) Binder:1575_1 expire 10 lines
11-24 14:13:08.454  1575  3887 I chatty  : uid=1000(system) ConnectivitySer expire 67 lines
11-24 14:13:36.586  1575  1791 I chatty  : uid=1000(system) batterystats-sy expire 46 lines
11-24 14:14:16.897  1575  1782 I chatty  : uid=1000(system) ActivityManager expire 10 lines
11-24 14:14:54.648  1575  4118 I chatty  : uid=1000(system) Binder:1575_6 expire 13 lines
11-24 14:14:57.061  1575 31364 I chatty  : uid=1000(system) Binder:1575_20 expire 11 lines
11-24 14:15:48.507  1575  8861 I chatty  : uid=1000(system) Binder:1575_16 expire 11 lines
11-24 14:17:17.389  1575  8500 I chatty  : uid=1000(system) Binder:1575_12 expire 11 lines
11-24 14:18:51.179  1575  4548 I chatty  : uid=1000(system) Binder:1575_B expire 11 lines
11-24 14:18:52.868  1575 22227 I chatty  : uid=1000(system) Binder:1575_1D expire 16 lines
11-24 14:19:12.744  1575  1789 I chatty  : uid=1000(system) ActivityManager expire 4 lines
11-24 14:20:17.869  1575 11341 I chatty  : uid=1000(system) Binder:1575_18 expire 11 lines
11-24 14:21:49.504  1575  2131 I chatty  : uid=1000(system) PowerManagerSer expire 11 lines
11-24 14:21:49.875  3924  3924 V KeyguardStatusView: refresh statusview showing:true
11-24 14:21:49.887  3924  3924 V KeyguardDisplayManager: show
11-24 14:21:49.903   556   556 I chatty  : uid=1000(system) /system/bin/surfaceflinger expire 182 lines
11-24 14:22:04.320  1575  1782 I chatty  : uid=1000(system) ActivityManager expire 12 lines
11-24 14:22:21.711  1575 30911 I chatty  : uid=1000(system) Binder:1575_1F expire 16 lines
11-24 14:22:21.715  1575  2058 I chatty  : uid=1000(system) android.display expire 14 lines
11-24 14:22:23.441  3924  3924 V KeyguardDisplayManager: hide
11-24 14:22:24.016  1575  8566 I chatty  : uid=1000(system) Binder:1575_14 expire 13 lines
11-24 14:22:25.413   556   750 I chatty  : uid=1000(system) EventThread expire 86 lines
11-24 14:22:29.324  1575  1586 I chatty  : uid=1000(system) Binder:1575_2 expire 21 lines
11-24 14:22:29.326  1575  1791 I chatty  : uid=1000(system) batterystats-sy expire 32 lines
11-24 14:22:44.622  1575  3697 I chatty  : uid=1000(system) UEventObserver expire 11 lines
11-24 14:23:12.928  1575  3881 I chatty  : uid=1000(system) WifiStateMachin expire 10 lines
11-24 14:23:12.929  1575  3887 I chatty  : uid=1000(system) ConnectivitySer expire 24 lines
11-24 14:23:40.008  1575 11342 I chatty  : uid=1000(system) Binder:1575_19 expire 10 lines
11-24 14:25:45.101  1575  4117 I chatty  : uid=1000(system) Binder:1575_5 expire 17 lines
11-24 14:26:07.706  1575  4617 I chatty  : uid=1000(system) Binder:1575_E expire 10 lines
11-24 14:26:40.343  1575 22228 I chatty  : uid=1000(system) Binder:1575_1E expire 14 lines
11-24 14:27:40.413  1575 11677 I chatty  : uid=1000(system) Binder:1575_1B expire 17 lines
11-24 14:29:23.041  1575  3719 I chatty  : uid=1000(system) Binder:1575_3 expire 23 lines
11-24 14:30:00.092  1575  3894 I chatty  : uid=1000(system) onProviders.ECP expire 2 lines
11-24 14:30:37.286  4549  4549 W ContextImpl: Calling a method in the system process without a qualified user: android.app.ContextImpl.sendBroadcast:905 android.content.ContextWrapper.sendBroadcast:421 com.motorola.bach.modemstats.MPhoneStateListener.onDataServiceChanged:456 com.motorola.bach.modemstats.MPhoneStateListener.startDataOutOfService:443 com.motorola.bach.modemstats.MPhoneStateListener.onServiceStateChanged:220 
11-24 14:30:37.487  1575  4648 I chatty  : uid=1000(system) Binder:1575_F expire 10 lines
11-24 14:30:37.536  4549  4549 W ContextImpl: Calling a method in the system process without a qualified user: android.app.ContextImpl.sendBroadcast:905 android.content.ContextWrapper.sendBroadcast:421 com.motorola.bach.modemstats.MPhoneStateListener.onDataServiceChanged:456 com.motorola.bach.modemstats.MPhoneStateListener.stopDataOutOfService:447 com.motorola.bach.modemstats.MPhoneStateListener.onServiceStateChanged:224 
11-24 14:30:47.789  1575  3887 I chatty  : uid=1000(system) ConnectivitySer expire 71 lines
11-24 14:30:52.332  1575  1782 I chatty  : uid=1000(system) ActivityManager expire 10 lines
11-24 14:31:25.706  1575  2058 I chatty  : uid=1000(system) android.display expire 14 lines
11-24 14:31:25.712   556   748 I chatty  : uid=1000(system) EventThread expire 11 lines
11-24 14:31:25.728   556   750 I chatty  : uid=1000(system) EventThread expire 20 lines
11-24 14:31:26.050  3924  3924 V KeyguardStatusView: refresh statusview showing:true
11-24 14:31:26.062  3924  3924 V KeyguardDisplayManager: show
11-24 14:31:26.181  1575  4551 I chatty  : uid=1000(system) Binder:1575_C expire 14 lines
11-24 14:31:29.933  1575  8567 I chatty  : uid=1000(system) Binder:1575_15 expire 11 lines
11-24 14:31:54.888  1575  8501 I chatty  : uid=1000(system) Binder:1575_13 expire 13 lines
11-24 14:32:02.974  1575  3697 I chatty  : uid=1000(system) UEventObserver expire 14 lines
11-24 14:32:02.975  1575  4414 I chatty  : uid=1000(system) Binder:1575_8 expire 10 lines
11-24 14:35:15.193   556   556 I chatty  : uid=1000(system) /system/bin/surfaceflinger expire 56 lines
11-24 14:35:18.456  1575  1575 I chatty  : uid=1000 system_server expire 13 lines
11-24 14:35:18.966  3924  3924 V KeyguardDisplayManager: hide
11-24 14:35:19.473  1575  1791 I chatty  : uid=1000(system) batterystats-sy expire 16 lines
11-24 14:35:19.474  1575  1782 I chatty  : uid=1000(system) ActivityManager expire 10 lines
11-24 14:35:22.478  1575  4118 I chatty  : uid=1000(system) Binder:1575_6 expire 11 lines
11-24 14:35:30.679  1575  8861 I chatty  : uid=1000(system) Binder:1575_16 expire 11 lines
11-24 14:35:30.693  1575  3714 I chatty  : uid=1000(system) InputDispatcher expire 10 lines
11-24 14:35:32.092  1575  4415 I chatty  : uid=1000(system) Binder:1575_9 expire 12 lines
11-24 14:35:46.599  1575  1585 I chatty  : uid=1000(system) Binder:1575_1 expire 15 lines
11-24 14:35:49.905  1575  4233 I chatty  : uid=1000(system) Binder:1575_7 expire 10 lines
11-24 14:35:54.442  1575 11196 I chatty  : uid=1000(system) Binder:1575_17 expire 20 lines
11-24 14:36:10.506  1575  1788 I chatty  : uid=1000(system) android.ui expire 7 lines
11-24 14:36:13.166  3924  3924 V KeyguardStatusView: refresh statusview showing:true
11-24 14:36:13.179  3924  3924 V KeyguardDisplayManager: show
11-24 14:37:01.130  1575  3715 I chatty  : uid=1000(system) InputReader expire 10 lines
11-24 14:37:01.146  1575  2058 I chatty  : uid=1000(system) android.display expire 10 lines
11-24 14:37:03.236   556   750 I chatty  : uid=1000(system) EventThread expire 28 lines
11-24 14:37:07.976  1575  1575 I chatty  : uid=1000 system_server expire 10 lines
11-24 14:37:08.279  3924  3924 V KeyguardDisplayManager: hide
11-24 14:37:08.357   556   556 I chatty  : uid=1000(system) /system/bin/surfaceflinger expire 63 lines
11-24 14:37:18.934  1575  4026 I chatty  : uid=1000(system) Binder:1575_4 expire 16 lines
11-24 14:37:23.186  3924  3924 V KeyguardStatusView: refresh statusview showing:true
11-24 14:37:23.201  3924  3924 V KeyguardDisplayManager: show
11-24 14:40:24.815   644  1218 E NetlinkListener: recvmsg failed (No buffer space available)
11-24 14:40:30.716  1575  2131 I chatty  : uid=1000(system) PowerManagerSer expire 12 lines
11-24 14:40:33.518  3924  3924 V KeyguardDisplayManager: hide
11-24 14:40:35.504  1575  1782 I chatty  : uid=1000(system) ActivityManager expire 15 lines
11-24 14:42:32.542  1575 31364 I chatty  : uid=1000(system) Binder:1575_20 expire 16 lines
11-24 14:43:05.272  1633  1633 I ActivityThread: Removing dead content provider:android.content.ContentProviderProxy@9896f10
11-24 14:43:08.909   556   556 I chatty  : uid=1000(system) /system/bin/surfaceflinger expire 89 lines
11-24 14:43:12.581   556   750 I chatty  : uid=1000(system) EventThread expire 44 lines
11-24 14:43:32.728  1575  8500 I chatty  : uid=1000(system) Binder:1575_12 expire 10 lines
11-24 14:43:45.565  1575  2058 I chatty  : uid=1000(system) android.display expire 34 lines
11-24 14:44:26.722  1575  4616 I chatty  : uid=1000(system) Binder:1575_D expire 13 lines
11-24 14:44:29.469  1575 11343 I chatty  : uid=1000(system) Binder:1575_1A expire 11 lines
11-24 14:45:20.392  1575  8566 I chatty  : uid=1000(system) Binder:1575_14 expire 12 lines
11-24 14:45:26.796  1575  8499 I chatty  : uid=1000(system) Binder:1575_11 expire 27 lines
11-24 14:46:29.607  1575  4617 I chatty  : uid=1000(system) Binder:1575_E expire 15 lines
11-24 14:47:29.674  1575 11774 I chatty  : uid=1000(system) Binder:1575_1C expire 13 lines
11-24 14:49:12.369  3924  3924 V KeyguardStatusView: refresh statusview showing:true
11-24 14:49:12.381  3924  3924 V KeyguardDisplayManager: show
11-24 14:49:43.609  1575  3697 I chatty  : uid=1000(system) UEventObserver expire 26 lines
11-24 14:49:43.610  1575 11341 I chatty  : uid=1000(system) Binder:1575_18 expire 19 lines
11-24 14:49:43.613  1575  1791 I chatty  : uid=1000(system) batterystats-sy expire 90 lines
11-24 14:51:16.022  4091  4091 D MccTable: updateMccMncConfiguration mccmnc='null' fromServiceState=true
11-24 14:51:16.022  4091  4091 D MccTable: WIFI_COUNTRY_CODE set to 
11-24 14:51:16.054  1575  1575 I chatty  : uid=1000 system_server expire 13 lines
11-24 14:51:16.091  4549  4549 W ContextImpl: Calling a method in the system process without a qualified user: android.app.ContextImpl.sendBroadcast:905 android.content.ContextWrapper.sendBroadcast:421 com.motorola.bach.modemstats.MPhoneStateListener.onDataServiceChanged:456 com.motorola.bach.modemstats.MPhoneStateListener.startDataOutOfService:443 com.motorola.bach.modemstats.MPhoneStateListener.onServiceStateChanged:220 
11-24 14:51:16.140  4091  4091 D MccTable: updateMccMncConfiguration mccmnc='310260' fromServiceState=true
11-24 14:51:16.141  4091  4091 D MccTable: updateMccMncConfiguration defaultMccMnc=310260
11-24 14:51:16.141  4091  4091 D MccTable: updateMccMncConfiguration: mcc=310, mnc=260
11-24 14:51:16.141  4091  4091 D MccTable: WIFI_COUNTRY_CODE set to us
11-24 14:51:16.172  4549  4549 W ContextImpl: Calling a method in the system process without a qualified user: android.app.ContextImpl.sendBroadcast:905 android.content.ContextWrapper.sendBroadcast:421 com.motorola.bach.modemstats.MPhoneStateListener.onDataServiceChanged:456 com.motorola.bach.modemstats.MPhoneStateListener.stopDataOutOfService:447 com.motorola.bach.modemstats.MPhoneStateListener.onServiceStateChanged:224 
11-24 14:51:16.242  1575  4417 I chatty  : uid=1000(system) Binder:1575_A expire 21 lines
11-24 14:51:16.326  1575  4551 I chatty  : uid=1000(system) Binder:1575_C expire 16 lines
11-24 14:51:16.367  1575  1782 I chatty  : uid=1000(system) ActivityManager expire 11 lines
11-24 14:53:28.407   556   750 I chatty  : uid=1000(system) EventThread expire 226 lines
11-24 14:53:28.722  3924  3924 V KeyguardDisplayManager: hide
11-24 14:53:28.756  1575  8861 I chatty  : uid=1000(system) Binder:1575_16 expire 19 lines
11-24 14:53:28.812   556   556 I chatty  : uid=1000(system) /system/bin/surfaceflinger expire 415 lines
11-24 14:53:30.078  1575  4414 I chatty  : uid=1000(system) Binder:1575_8 expire 12 lines
11-24 14:54:05.286  1575  5944 I chatty  : uid=1000(system) Binder:1575_10 expire 12 lines
11-24 14:54:16.824  1575 11342 I chatty  : uid=1000(system) Binder:1575_19 expire 11 lines
11-24 14:54:20.167  1575  1782 I chatty  : uid=1000(system) ActivityManager expire 17 lines
11-24 15:00:13.003   556   748 I chatty  : uid=1000(system) EventThread expire 11 lines
11-24 15:02:53.341  1575  4648 I chatty  : uid=1000(system) Binder:1575_F expire 13 lines
11-24 15:07:55.611  1575 22227 I chatty  : uid=1000(system) Binder:1575_1D expire 10 lines
11-24 15:12:22.984  1575  4617 I chatty  : uid=1000(system) Binder:1575_E expire 15 lines
11-24 15:12:35.291  3924  3924 V KeyguardStatusView: refresh statusview showing:true
11-24 15:12:35.307  3924  3924 V KeyguardDisplayManager: show
11-24 15:12:39.951  1575  1782 I chatty  : uid=1000(system) ActivityManager expire 28 lines
11-24 15:15:38.942  1575  4417 I chatty  : uid=1000(system) Binder:1575_A expire 13 lines
11-24 15:17:56.552  1575  8500 I chatty  : uid=1000(system) Binder:1575_12 expire 10 lines
11-24 15:17:59.282  1575  3881 I chatty  : uid=1000(system) WifiStateMachin expire 10 lines
11-24 15:17:59.282  1575  3887 I chatty  : uid=1000(system) ConnectivitySer expire 17 lines
11-24 15:17:59.318  1575  1791 I chatty  : uid=1000(system) batterystats-sy expire 10 lines
11-24 15:18:09.764  1575 22228 I chatty  : uid=1000(system) Binder:1575_1E expire 16 lines
11-24 15:19:24.455  1575  3697 I chatty  : uid=1000(system) UEventObserver expire 11 lines
11-24 15:19:24.456  1575  8566 I chatty  : uid=1000(system) Binder:1575_14 expire 13 lines
11-24 15:20:12.856  1575  8567 I chatty  : uid=1000(system) Binder:1575_15 expire 16 lines
11-24 15:20:20.332  1575  1586 I chatty  : uid=1000(system) Binder:1575_2 expire 15 lines
11-24 15:20:20.334  1575 11196 I chatty  : uid=1000(system) Binder:1575_17 expire 12 lines
11-24 15:20:20.334  1575 11774 I chatty  : uid=1000(system) Binder:1575_1C expire 12 lines
11-24 15:20:20.361  1575  5944 I chatty  : uid=1000(system) Binder:1575_10 expire 10 lines
11-24 15:20:20.443  1575  4117 I chatty  : uid=1000(system) Binder:1575_5 expire 12 lines
11-24 15:20:26.156  1575  4616 I chatty  : uid=1000(system) Binder:1575_D expire 15 lines
11-24 15:20:51.557  1575  4026 I chatty  : uid=1000(system) Binder:1575_4 expire 22 lines
11-24 15:20:51.723  1575  8501 I chatty  : uid=1000(system) Binder:1575_13 expire 13 lines
11-24 15:22:29.018  1575  4548 I chatty  : uid=1000(system) Binder:1575_B expire 12 lines
11-24 15:23:18.308  8703  8753 D ActivityThread: Loading provider com.google.android.gmail.provider;com.android.mail.notifier;com.google.android.gm.email.provider;com.google.android.gm.tasks.provider;com.google.android.gm.email.notifier: com.android.email.provider.EmailProvider
11-24 15:23:18.391  1575  1782 I chatty  : uid=1000(system) ActivityManager expire 34 lines
11-24 15:23:18.596  1575  4551 I chatty  : uid=1000(system) Binder:1575_C expire 13 lines
11-24 15:23:23.388  4077  4077 I chatty  : uid=1000(system) com.motorola.process.system expire 10 lines
11-24 15:23:43.058   644  1218 E NetlinkListener: recvmsg failed (No buffer space available)
11-24 15:24:18.995  1575  2058 I chatty  : uid=1000(system) android.display expire 10 lines
11-24 15:24:19.563  1575  3887 I chatty  : uid=1000(system) ConnectivitySer expire 16 lines
11-24 15:24:20.150  3924  3924 V KeyguardDisplayManager: hide
11-24 15:24:21.544  1575  5944 I chatty  : uid=1000(system) Binder:1575_10 expire 10 lines
11-24 15:24:21.560  1575 30911 I chatty  : uid=1000(system) Binder:1575_1F expire 13 lines
11-24 15:24:22.222  1575  3719 I chatty  : uid=1000(system) Binder:1575_3 expire 16 lines
11-24 15:24:25.670  3924  3924 V DeadZone: consuming errant click: (658.0,24.0)
11-24 15:24:26.909   556   556 I chatty  : uid=1000(system) /system/bin/surfaceflinger expire 11 lines
11-24 15:24:27.677  1575  1791 I chatty  : uid=1000(system) batterystats-sy expire 10 lines
11-24 15:24:27.906   692  9322 E SchedPolicy: sched_setscheduler failed: tid 9322, errno=1
11-24 15:24:27.906   692  9323 E SchedPolicy: sched_setscheduler failed: tid 9323, errno=1
11-24 15:24:27.906   692  9324 E SchedPolicy: sched_setscheduler failed: tid 9324, errno=1
11-24 15:24:27.907   692  9325 E SchedPolicy: sched_setscheduler failed: tid 9325, errno=1
11-24 15:24:28.232   556   750 I chatty  : uid=1000(system) EventThread expire 10 lines
11-24 15:24:37.198  1575  1575 I chatty  : uid=1000 system_server expire 11 lines
11-24 15:24:38.031  3924  3924 V KeyguardStatusView: refresh statusview showing:true
11-24 15:24:38.043  3924  3924 V KeyguardDisplayManager: show
11-24 15:24:40.721  1575  3887 I chatty  : uid=1000(system) ConnectivitySer expire 23 lines
11-24 15:24:43.642  1575  8861 I chatty  : uid=1000(system) Binder:1575_16 expire 18 lines
11-24 15:25:42.716  1575  4414 I chatty  : uid=1000(system) Binder:1575_8 expire 11 lines
11-24 15:25:42.747  1575 30911 I chatty  : uid=1000(system) Binder:1575_1F expire 12 lines
11-24 15:29:55.373  1575  1774 I chatty  : uid=1000(system) android.bg expire 11 lines
11-24 15:29:59.873  1575  1782 I chatty  : uid=1000(system) ActivityManager expire 15 lines
11-24 15:30:49.150  1575  4648 I chatty  : uid=1000(system) Binder:1575_F expire 10 lines
11-24 15:31:04.052  1575  1585 I chatty  : uid=1000(system) Binder:1575_1 expire 11 lines
11-24 15:33:42.300  1575 11677 I chatty  : uid=1000(system) Binder:1575_1B expire 13 lines
11-24 15:34:14.534  1575  8499 I chatty  : uid=1000(system) Binder:1575_11 expire 10 lines
11-24 15:34:14.714   644  1218 E NetlinkListener: recvmsg failed (No buffer space available)
11-24 15:34:14.916  1575  1782 I chatty  : uid=1000(system) ActivityManager expire 66 lines
11-24 15:41:51.857  1575  4648 I chatty  : uid=1000(system) Binder:1575_F expire 10 lines
11-24 15:42:03.395  1575 11341 I chatty  : uid=1000(system) Binder:1575_18 expire 11 lines
11-24 15:45:49.120  1575 30911 I chatty  : uid=1000(system) Binder:1575_1F expire 15 lines
11-24 15:48:56.149  1575 11342 I chatty  : uid=1000(system) Binder:1575_19 expire 18 lines
11-24 15:48:56.381  1575 11343 I chatty  : uid=1000(system) Binder:1575_1A expire 24 lines
11-24 15:49:01.730  4077  4077 I chatty  : uid=1000(system) com.motorola.process.system expire 7 lines
11-24 15:49:02.307  1575  3697 I chatty  : uid=1000(system) UEventObserver expire 12 lines
11-24 15:50:05.402  1575  4117 I chatty  : uid=1000(system) Binder:1575_5 expire 13 lines
11-24 15:51:01.006  1575  4118 I chatty  : uid=1000(system) Binder:1575_6 expire 11 lines
11-24 15:51:10.089  1575  4233 I chatty  : uid=1000(system) Binder:1575_7 expire 14 lines
11-24 15:51:10.092  1575  4415 I chatty  : uid=1000(system) Binder:1575_9 expire 10 lines
11-24 15:55:36.277  1575  1585 I chatty  : uid=1000(system) Binder:1575_1 expire 11 lines
11-24 15:57:23.526  1575 31364 I chatty  : uid=1000(system) Binder:1575_20 expire 25 lines
11-24 16:00:49.366  1575  2058 I chatty  : uid=1000(system) android.display expire 14 lines
11-24 16:00:53.501   556   556 I chatty  : uid=1000(system) /system/bin/surfaceflinger expire 18 lines
11-24 16:00:57.100   556   748 I chatty  : uid=1000(system) EventThread expire 10 lines
11-24 16:00:57.803  1575  1791 I chatty  : uid=1000(system) batterystats-sy expire 10 lines
11-24 16:01:01.092  1575  3887 I chatty  : uid=1000(system) ConnectivitySer expire 20 lines
11-24 16:01:50.527   644  1218 E NetlinkListener: recvmsg failed (No buffer space available)
11-24 16:01:52.102  1575  8566 I chatty  : uid=1000(system) Binder:1575_14 expire 10 lines
11-24 16:01:52.212  1575  4415 I chatty  : uid=1000(system) Binder:1575_9 expire 10 lines
11-24 16:02:39.389  1575  3887 I chatty  : uid=1000(system) ConnectivitySer expire 10 lines
11-24 16:02:55.604  1575  4616 I chatty  : uid=1000(system) Binder:1575_D expire 10 lines
11-24 16:02:55.735  4077  4077 W ContextImpl: Calling a method in the system process without a qualified user: android.app.ContextImpl.sendBroadcast:920 android.content.ContextWrapper.sendBroadcast:426 com.motorola.blur.service.blur.BSUtils.sendBroadcast:158 com.motorola.blur.service.blur.BSUtils.sendBroadcast:154 com.motorola.ccc.plm.pollingmanager.PollingManagerService$MyConnectivityReceiver.sendConnectivityIntent:596 
11-24 16:02:55.771  1575  8566 I chatty  : uid=1000(system) Binder:1575_14 expire 13 lines
11-24 16:02:57.772  1575  8567 I chatty  : uid=1000(system) Binder:1575_15 expire 14 lines
11-24 16:03:00.007  1575  1782 I chatty  : uid=1000(system) ActivityManager expire 17 lines
11-24 16:03:25.530  1575  3887 I chatty  : uid=1000(system) ConnectivitySer expire 13 lines
11-24 16:07:11.618  4077  4077 W ContextImpl: Calling a method in the system process without a qualified user: android.app.ContextImpl.sendBroadcast:920 android.content.ContextWrapper.sendBroadcast:426 com.motorola.blur.service.blur.BSUtils.sendBroadcast:158 com.motorola.blur.service.blur.BSUtils.sendBroadcast:154 com.motorola.ccc.plm.pollingmanager.PollingManagerService$MyConnectivityReceiver.sendConnectivityIntent:596 
11-24 16:07:12.380  4077  4077 W ContextImpl: Calling a method in the system process without a qualified user: android.app.ContextImpl.sendBroadcast:920 android.content.ContextWrapper.sendBroadcast:426 com.motorola.blur.service.blur.BSUtils.sendBroadcast:158 com.motorola.blur.service.blur.BSUtils.sendBroadcast:154 com.motorola.ccc.plm.pollingmanager.PollingManagerService$MyConnectivityReceiver.sendConnectivityIntent:596 
11-24 16:07:12.524  1575 11677 I chatty  : uid=1000(system) Binder:1575_1B expire 10 lines
11-24 16:07:16.879  4077  4077 W ContextImpl: Calling a method in the system process without a qualified user: android.app.ContextImpl.sendBroadcast:920 android.content.ContextWrapper.sendBroadcast:426 com.motorola.blur.service.blur.BSUtils.sendBroadcast:158 com.motorola.blur.service.blur.BSUtils.sendBroadcast:154 com.motorola.ccc.plm.pollingmanager.PollingManagerService$MyConnectivityReceiver.sendConnectivityIntent:596 
11-24 16:07:23.999  1575  1791 I chatty  : uid=1000(system) batterystats-sy expire 12 lines
11-24 16:08:00.817  1575  3715 I chatty  : uid=1000(system) InputReader expire 11 lines
11-24 16:08:00.841  1575  2131 I chatty  : uid=1000(system) PowerManagerSer expire 10 lines
11-24 16:08:01.175  4077  4077 W ContextImpl: Calling a method in the system process without a qualified user: android.app.ContextImpl.sendBroadcast:920 android.content.ContextWrapper.sendBroadcast:426 com.motorola.blur.service.blur.BSUtils.sendBroadcast:158 com.motorola.blur.service.blur.BSUtils.sendBroadcast:154 com.motorola.ccc.plm.pollingmanager.PollingManagerService$MyConnectivityReceiver.sendConnectivityIntent:596 
11-24 16:08:05.810  1575  1782 I chatty  : uid=1000(system) ActivityManager expire 22 lines
11-24 16:08:10.084   556   750 I chatty  : uid=1000(system) EventThread expire 13 lines
11-24 16:08:21.498  1575  8861 I chatty  : uid=1000(system) Binder:1575_16 expire 13 lines
11-24 16:08:24.474  1575  3887 I chatty  : uid=1000(system) ConnectivitySer expire 22 lines
11-24 16:09:23.213  4077  4077 W ContextImpl: Calling a method in the system process without a qualified user: android.app.ContextImpl.sendBroadcast:920 android.content.ContextWrapper.sendBroadcast:426 com.motorola.blur.service.blur.BSUtils.sendBroadcast:158 com.motorola.blur.service.blur.BSUtils.sendBroadcast:154 com.motorola.ccc.plm.pollingmanager.PollingManagerService$MyConnectivityReceiver.sendConnectivityIntent:596 
11-24 16:09:23.248  1575  8499 I chatty  : uid=1000(system) Binder:1575_11 expire 12 lines
11-24 16:09:23.299  1575 11196 I chatty  : uid=1000(system) Binder:1575_17 expire 20 lines
11-24 16:09:23.317  4077  4077 W ContextImpl: Calling a method in the system process without a qualified user: android.app.ContextImpl.sendBroadcast:920 android.content.ContextWrapper.sendBroadcast:426 com.motorola.blur.service.blur.BSUtils.sendBroadcast:158 com.motorola.blur.service.blur.BSUtils.sendBroadcast:154 com.motorola.ccc.plm.pollingmanager.PollingManagerService$MyConnectivityReceiver.sendConnectivityIntent:596 
11-24 16:10:25.202  1575  1585 I chatty  : uid=1000(system) Binder:1575_1 expire 11 lines
11-24 16:10:41.057  1575  1791 I chatty  : uid=1000(system) batterystats-sy expire 18 lines
11-24 16:14:25.435  1575  1774 I chatty  : uid=1000(system) android.bg expire 11 lines
11-24 16:14:25.459  4077  4077 W ContextImpl: Calling a method in the system process without a qualified user: android.app.ContextImpl.sendBroadcast:920 android.content.ContextWrapper.sendBroadcast:426 com.motorola.blur.service.blur.BSUtils.sendBroadcast:158 com.motorola.blur.service.blur.BSUtils.sendBroadcast:154 com.motorola.ccc.plm.pollingmanager.PollingManagerService$MyConnectivityReceiver.sendConnectivityIntent:596 
11-24 16:14:26.443  1575  1782 I chatty  : uid=1000(system) ActivityManager expire 11 lines
11-24 16:15:46.524  1575  4548 I chatty  : uid=1000(system) Binder:1575_B expire 10 lines
11-24 16:16:09.553  4077  4077 W ContextImpl: Calling a method in the system process without a qualified user: android.app.ContextImpl.sendBroadcast:920 android.content.ContextWrapper.sendBroadcast:426 com.motorola.blur.service.blur.BSUtils.sendBroadcast:158 com.motorola.blur.service.blur.BSUtils.sendBroadcast:154 com.motorola.ccc.plm.pollingmanager.PollingManagerService$MyConnectivityReceiver.sendConnectivityIntent:596 
11-24 16:16:10.126  4077  4077 W ContextImpl: Calling a method in the system process without a qualified user: android.app.ContextImpl.sendBroadcast:920 android.content.ContextWrapper.sendBroadcast:426 com.motorola.blur.service.blur.BSUtils.sendBroadcast:158 com.motorola.blur.service.blur.BSUtils.sendBroadcast:154 com.motorola.ccc.plm.pollingmanager.PollingManagerService$MyConnectivityReceiver.sendConnectivityIntent:596 
11-24 16:16:10.130  1575  5944 I chatty  : uid=1000(system) Binder:1575_10 expire 18 lines
11-24 16:16:11.248  1575 22227 I chatty  : uid=1000(system) Binder:1575_1D expire 18 lines
11-24 16:16:11.364  4077  4077 W ContextImpl: Calling a method in the system process without a qualified user: android.app.ContextImpl.sendBroadcast:920 android.content.ContextWrapper.sendBroadcast:426 com.motorola.blur.service.blur.BSUtils.sendBroadcast:158 com.motorola.blur.service.blur.BSUtils.sendBroadcast:154 com.motorola.ccc.plm.pollingmanager.PollingManagerService$MyConnectivityReceiver.sendConnectivityIntent:596 
11-24 16:16:11.801  1575  4415 I chatty  : uid=1000(system) Binder:1575_9 expire 15 lines
11-24 16:16:11.908  1575  3887 I chatty  : uid=1000(system) ConnectivitySer expire 20 lines
11-24 16:16:11.957  1575  4617 I chatty  : uid=1000(system) Binder:1575_E expire 15 lines
11-24 16:16:20.801  1575  4551 I chatty  : uid=1000(system) Binder:1575_C expire 24 lines
11-24 16:16:20.873   556   556 I chatty  : uid=1000(system) /system/bin/surfaceflinger expire 64 lines
11-24 16:16:20.998  1575 11343 I chatty  : uid=1000(system) Binder:1575_1A expire 10 lines
11-24 16:16:21.369  3924  3924 V KeyguardDisplayManager: hide
11-24 16:16:22.981  1575  2057 I chatty  : uid=1000(system) android.io expire 6 lines
11-24 16:16:24.627  1575  1586 I chatty  : uid=1000(system) Binder:1575_2 expire 11 lines
11-24 16:16:27.552   556   750 I chatty  : uid=1000(system) EventThread expire 31 lines
11-24 16:16:44.057  1575  4616 I chatty  : uid=1000(system) Binder:1575_D expire 10 lines
11-24 16:16:45.329  1575  4417 I chatty  : uid=1000(system) Binder:1575_A expire 10 lines
11-24 16:16:52.442  1575  8567 I chatty  : uid=1000(system) Binder:1575_15 expire 17 lines
11-24 16:18:00.897  3924  3924 V KeyguardStatusView: refresh statusview showing:true
11-24 16:18:00.910  3924  3924 V KeyguardDisplayManager: show
11-24 16:18:06.666   556   750 I chatty  : uid=1000(system) EventThread expire 11 lines
11-24 16:18:08.182   556   556 I chatty  : uid=1000(system) /system/bin/surfaceflinger expire 31 lines
11-24 16:18:10.677  1575  1791 I chatty  : uid=1000(system) batterystats-sy expire 14 lines
11-24 16:18:18.347  1575  3887 I chatty  : uid=1000(system) ConnectivitySer expire 31 lines
11-24 16:18:18.391  4077  4077 W ContextImpl: Calling a method in the system process without a qualified user: android.app.ContextImpl.sendBroadcast:920 android.content.ContextWrapper.sendBroadcast:426 com.motorola.blur.service.blur.BSUtils.sendBroadcast:158 com.motorola.blur.service.blur.BSUtils.sendBroadcast:154 com.motorola.ccc.plm.pollingmanager.PollingManagerService$MyConnectivityReceiver.sendConnectivityIntent:596 
11-24 16:18:18.462  1575  8501 I chatty  : uid=1000(system) Binder:1575_13 expire 12 lines
11-24 16:18:18.519  4077  4077 W ContextImpl: Calling a method in the system process without a qualified user: android.app.ContextImpl.sendBroadcast:920 android.content.ContextWrapper.sendBroadcast:426 com.motorola.blur.service.blur.BSUtils.sendBroadcast:158 com.motorola.blur.service.blur.BSUtils.sendBroadcast:154 com.motorola.ccc.plm.pollingmanager.PollingManagerService$MyConnectivityReceiver.sendConnectivityIntent:596 
11-24 16:18:30.888  1575  1782 I chatty  : uid=1000(system) ActivityManager expire 13 lines
11-24 16:20:17.450  1575  3697 I chatty  : uid=1000(system) UEventObserver expire 10 lines
11-24 16:21:27.389   644  1218 E NetlinkListener: recvmsg failed (No buffer space available)
11-24 16:21:40.825   556   556 I chatty  : uid=1000(system) /system/bin/surfaceflinger expire 14 lines
11-24 16:21:51.080  1575  4414 I chatty  : uid=1000(system) Binder:1575_8 expire 14 lines
11-24 16:22:21.244  1575  1782 I chatty  : uid=1000(system) ActivityManager expire 29 lines
11-24 16:22:34.716  1575  4616 I chatty  : uid=1000(system) Binder:1575_D expire 21 lines
11-24 16:22:35.381  1575 22228 I chatty  : uid=1000(system) Binder:1575_1E expire 13 lines
11-24 16:22:36.372  4077  4077 W ContextImpl: Calling a method in the system process without a qualified user: android.app.ContextImpl.sendBroadcast:920 android.content.ContextWrapper.sendBroadcast:426 com.motorola.blur.service.blur.BSUtils.sendBroadcast:158 com.motorola.blur.service.blur.BSUtils.sendBroadcast:154 com.motorola.ccc.plm.pollingmanager.PollingManagerService$MyConnectivityReceiver.sendConnectivityIntent:596 
11-24 16:22:36.514  4077  4077 W ContextImpl: Calling a method in the system process without a qualified user: android.app.ContextImpl.sendBroadcast:920 android.content.ContextWrapper.sendBroadcast:426 com.motorola.blur.service.blur.BSUtils.sendBroadcast:158 com.motorola.blur.service.blur.BSUtils.sendBroadcast:154 com.motorola.ccc.plm.pollingmanager.PollingManagerService$MyConnectivityReceiver.sendConnectivityIntent:596 
11-24 16:22:37.870  4077  4077 W ContextImpl: Calling a method in the system process without a qualified user: android.app.ContextImpl.sendBroadcast:920 android.content.ContextWrapper.sendBroadcast:426 com.motorola.blur.service.blur.BSUtils.sendBroadcast:158 com.motorola.blur.service.blur.BSUtils.sendBroadcast:154 com.motorola.ccc.plm.pollingmanager.PollingManagerService$MyConnectivityReceiver.sendConnectivityIntent:596 
11-24 16:22:37.877  1575  8500 I chatty  : uid=1000(system) Binder:1575_12 expire 10 lines
11-24 16:22:38.014  4077  4077 W ContextImpl: Calling a method in the system process without a qualified user: android.app.ContextImpl.sendBroadcast:920 android.content.ContextWrapper.sendBroadcast:426 com.motorola.blur.service.blur.BSUtils.sendBroadcast:158 com.motorola.blur.service.blur.BSUtils.sendBroadcast:154 com.motorola.ccc.plm.pollingmanager.PollingManagerService$MyConnectivityReceiver.sendConnectivityIntent:596 
11-24 16:22:39.859   556   556 I chatty  : uid=1000(system) /system/bin/surfaceflinger expire 20 lines
11-24 16:22:42.870  1575  2058 I chatty  : uid=1000(system) android.display expire 11 lines
