11-24 20:55:11.124  1575  3697 D BatteryService: uevent={POWER_SUPPLY_TEMP=322, POWER_SUPPLY_STATUS=Charging, POWER_SUPPLY_CAPACITY=75, ACTION=change, DEVPATH=/devices/soc.0/qpnp-smbcharger-17/power_supply/battery, POWER_SUPPLY_AGE=137, POWER_SUPPLY_VOLTAGE_MAX=4350, SUBSYSTEM=power_supply, POWER_SUPPLY_NUM_SYSTEM_TEMP_LEVELS=8, POWER_SUPPLY_VOLTAGE_MAX_DESIGN=4350000, POWER_SUPPLY_INPUT_CURRENT_MAX=1500000, POWER_SUPPLY_CHARGE_FULL=4154354, POWER_SUPPLY_NAME=battery, POWER_SUPPLY_FLASH_CURRENT_MAX=2232288, POWER_SUPPLY_HEALTH=Good, POWER_SUPPLY_CYCLE_COUNT=1, POWER_SUPPLY_TECHNOLOGY=Li-ion, POWER_SUPPLY_CHARGE_TYPE=Fast, POWER_SUPPLY_PRESENT=1, POWER_SUPPLY_CONSTANT_CHARGE_CURRENT_MAX=2500000, POWER_SUPPLY_TEMP_HOTSPOT=0, POWER_SUPPLY_INPUT_CURRENT_SETTLED=0, POWER_SUPPLY_SAFETY_TIMER_ENABLED=0, POWER_SUPPLY_FLASH_ACTIVE=1, POWER_SUPPLY_VOLTAGE_NOW=4077734, SEQNUM=796106, POWER_SUPPLY_CHARGE_FULL_DESIGN=3029000, POWER_SUPPLY_CURRENT_NOW=-230558, POWER_SUPPLY_SYSTEM_TEMP_LEVEL=0, POWER_SUPPLY_CHARGE_COUNTER=2112448, POWER_SUPPLY_CHARGE_RATE=Normal, POWER_SUPPLY_CHARGING_ENABLED=1, POWER_SUPPLY_BATTERY_CHARGING_ENABLED=1}
11-24 20:55:11.127  1575  4233 D BatteryService: mLastPlugType/mPlugType:2/2
11-24 20:55:11.127  1575  4233 D BatteryService: set mLastPlugType to 2
11-24 20:55:38.670  1575  4415 W SettingsProvider: You shouldn't keep your settings in the secure settings. This will soon become an error.
11-24 20:55:40.312  1575  3887 D ConnectivityService: NetworkAgentInfo [WIFI () - 1382] EVENT_NETWORK_INFO_CHANGED, going from CONNECTED to DISCONNECTED
11-24 20:55:40.312  1575  3887 D ConnectivityService: NetworkAgentInfo [WIFI () - 1382] got DISCONNECTED, was satisfying 20
11-24 20:55:40.375  1575 11677 W NetworkIdentity: Active mobile network without subscriber!
11-24 20:55:40.413  1575  3887 D ConnectivityService: Sending DISCONNECTED broadcast for type 1 NetworkAgentInfo [WIFI () - 1382] isDefaultNetwork=true
11-24 20:55:40.450  4077  4077 W ContextImpl: Calling a method in the system process without a qualified user: android.app.ContextImpl.sendBroadcast:920 android.content.ContextWrapper.sendBroadcast:426 com.motorola.blur.service.blur.BSUtils.sendBroadcast:158 com.motorola.blur.service.blur.BSUtils.sendBroadcast:154 com.motorola.ccc.plm.pollingmanager.PollingManagerService$MyConnectivityReceiver.sendConnectivityIntent:596 
11-24 20:55:40.454  1575  4617 W NetworkIdentity: Active mobile network without subscriber!
11-24 20:55:40.463  1575 11677 W NetworkIdentity: Active mobile network without subscriber!
11-24 20:55:40.463   556   748 I SFPerfTracer:      triggers: (rate: 2:2795) (15645781 sw vsyncs) (0 skipped) (10394:9305109 vsyncs) (10396:25031947)
11-24 20:55:40.463  1575 11677 W NetworkIdentity: Active mobile network without subscriber!
11-24 20:55:40.464  1575 11677 W NetworkIdentity: Active mobile network without subscriber!
11-24 20:55:40.464  1575 11677 W NetworkIdentity: Active mobile network without subscriber!
11-24 20:55:40.464  1575 11677 W NetworkIdentity: Active mobile network without subscriber!
11-24 20:55:40.464  1575 11677 W NetworkIdentity: Active mobile network without subscriber!
11-24 20:55:40.464  1575 11677 W NetworkIdentity: Active mobile network without subscriber!
11-24 20:55:40.464  1575 11677 W NetworkIdentity: Active mobile network without subscriber!
11-24 20:55:40.466  1575  4617 W NetworkIdentity: Active mobile network without subscriber!
11-24 20:55:40.466  1575  4617 W NetworkIdentity: Active mobile network without subscriber!
11-24 20:55:40.466  1575  4617 W NetworkIdentity: Active mobile network without subscriber!
11-24 20:55:40.466  1575  4617 W NetworkIdentity: Active mobile network without subscriber!
11-24 20:55:40.466  1575  4617 W NetworkIdentity: Active mobile network without subscriber!
11-24 20:55:40.466  1575  4617 W NetworkIdentity: Active mobile network without subscriber!
11-24 20:55:40.466  1575  4617 W NetworkIdentity: Active mobile network without subscriber!
11-24 20:55:40.466  1575  4617 W NetworkIdentity: Active mobile network without subscriber!
11-24 20:55:40.958  1575  8566 D ConnectivityService: registerNetworkAgent NetworkAgentInfo{ ni{[type: MOBILE[LTE], state: CONNECTED/CONNECTED, reason: connected, extra: wholesale, failover: false, available: true, roaming: false, metered: false]}  network{1383}  nethandle{5939956206302}  lp{{InterfaceName: rmnet_data0 LinkAddresses: [100.198.193.220/29,]  Routes: [0.0.0.0/0 -> 100.198.193.221 rmnet_data0,] DnsAddresses: [10.177.0.34,10.177.0.210,] Domains: null MTU: 1440 TcpBufferSizes: 524288,1048576,8388608,262144,524288,4194304}}  nc{[ Transports: CELLULAR Capabilities: SUPL&DUN&FOTA&INTERNET&NOT_RESTRICTED&TRUSTED&NOT_VPN LinkUpBandwidth>=51200Kbps LinkDnBandwidth>=102400Kbps Specifier: <1>]}  Score{10}  everValidated{false}  lastValidated{false}  created{false} lingering{false} explicitlySelected{false} acceptUnvalidated{false} everCaptivePortalDetected{false} lastCaptivePortalDetected{false} }
11-24 20:55:40.959  1575  3887 D ConnectivityService: NetworkAgentInfo [MOBILE (LTE) - 1383] EVENT_NETWORK_INFO_CHANGED, going from null to CONNECTED
11-24 20:55:40.962  1575  3887 D ConnectivityService: Adding iface rmnet_data0 to network 1383
11-24 20:55:41.027  1575  3887 D ConnectivityService: Setting DNS servers for network 1383 to [/10.177.0.34, /10.177.0.210]
11-24 20:55:41.158  1575  3887 D ConnectivityService: Switching to new default network: NetworkAgentInfo{ ni{[type: MOBILE[LTE], state: CONNECTED/CONNECTED, reason: connected, extra: wholesale, failover: false, available: true, roaming: false, metered: false]}  network{1383}  nethandle{5939956206302}  lp{{InterfaceName: rmnet_data0 LinkAddresses: [100.198.193.220/29,]  Routes: [0.0.0.0/0 -> 100.198.193.221 rmnet_data0,] DnsAddresses: [10.177.0.34,10.177.0.210,] Domains: null MTU: 1440 TcpBufferSizes: 524288,1048576,8388608,262144,524288,4194304}}  nc{[ Transports: CELLULAR Capabilities: SUPL&DUN&FOTA&INTERNET&NOT_RESTRICTED&TRUSTED&NOT_VPN LinkUpBandwidth>=51200Kbps LinkDnBandwidth>=102400Kbps Specifier: <1>]}  Score{10}  everValidated{false}  lastValidated{false}  created{true} lingering{false} explicitlySelected{false} acceptUnvalidated{false} everCaptivePortalDetected{false} lastCaptivePortalDetected{false} }
11-24 20:55:41.166  1575  3887 D ConnectivityService: Sending CONNECTED broadcast for type 0 NetworkAgentInfo [MOBILE (LTE) - 1383] isDefaultNetwork=true
11-24 20:55:41.173  1575  3887 D ConnectivityService: Setting DNS servers for network 1383 to [/10.177.0.34, /10.177.0.210, /fd00:976a::9, /fd00:976a::10]
11-24 20:55:41.197  1575 30911 W NetworkIdentity: Active mobile network without subscriber!
11-24 20:55:41.198  1575 30911 W NetworkIdentity: Active mobile network without subscriber!
11-24 20:55:41.198  1575 30911 W NetworkIdentity: Active mobile network without subscriber!
11-24 20:55:41.198  1575 30911 W NetworkIdentity: Active mobile network without subscriber!
11-24 20:55:41.198  1575 30911 W NetworkIdentity: Active mobile network without subscriber!
11-24 20:55:41.198  1575 30911 W NetworkIdentity: Active mobile network without subscriber!
11-24 20:55:41.198  1575 30911 W NetworkIdentity: Active mobile network without subscriber!
11-24 20:55:41.198  1575 30911 W NetworkIdentity: Active mobile network without subscriber!
11-24 20:55:41.202  4077  4077 W ContextImpl: Calling a method in the system process without a qualified user: android.app.ContextImpl.sendBroadcast:920 android.content.ContextWrapper.sendBroadcast:426 com.motorola.blur.service.blur.BSUtils.sendBroadcast:158 com.motorola.blur.service.blur.BSUtils.sendBroadcast:154 com.motorola.ccc.plm.pollingmanager.PollingManagerService$MyConnectivityReceiver.sendConnectivityIntent:596 
11-24 20:55:41.218   556   556 I SFPerfTracer:      triggers: (rate: 6613:388440) (compose: 235:7324) (post: 10:416) (render: 24:7577) (0:2884252 frames) (1:3187186)
11-24 20:55:41.218   556   556 D SFPerfTracer:        layers: (4:12) (DimLayerController/Stack=0 (0xa6c8e400): 0:7084)* (StatusBar (0xa6c90c00): 1:831213) (Magnification Overlay (0xa8909400): 0:168690)* (animation background stackId=1 (0xa6cab400): 0:1878)* (Sprite (0xa6caa000): 0:411)* (animation background stackId=0 (0xa6cac800): 0:16)* (DockedStackDim (0xa7261400): 0:89)* (com.android.systemui.ImageWallpaper (0xa6c8f800): 0:5645)* (SurfaceView - com.android.chrome/org.chromium.chrome.browser.ChromeTabbedActivity (0xa7262800): 0:193)* (SurfaceView - com.android.chrome/org.chromium.chrome.browser.ChromeTabbedActivity (0xa7260000): 0:1198) (com.android.chrome/org.chromium.chrome.browser.ChromeTabbedActivity (0xa7263c00): 0:612) (NavigationBar (0xa6c8bc00): 0:49) 
11-24 20:55:41.338  1575  3719 I ActivityManager: Start proc 18920:com.google.android.instantapps.supervisor/u0a134 for service com.google.android.instantapps.supervisor/.hygiene.HygieneTaskService
11-24 20:55:41.359  1575  4415 W NetworkIdentity: Active mobile network without subscriber!
11-24 20:55:41.359  1575  4415 W NetworkIdentity: Active mobile network without subscriber!
11-24 20:55:41.359  1575  4415 W NetworkIdentity: Active mobile network without subscriber!
11-24 20:55:41.359  1575  4415 W NetworkIdentity: Active mobile network without subscriber!
11-24 20:55:41.360  1575  4415 W NetworkIdentity: Active mobile network without subscriber!
11-24 20:55:41.360  1575  4415 W NetworkIdentity: Active mobile network without subscriber!
11-24 20:55:41.360  1575  4415 W NetworkIdentity: Active mobile network without subscriber!
11-24 20:55:41.360  1575  4415 W NetworkIdentity: Active mobile network without subscriber!
11-24 20:55:41.525  1575 11196 D WifiService: releaseWifiLockLocked: WifiLock{SipTelephonyManager type=1 uid=10007}
11-24 20:55:41.704  1575  3875 E NetdConnector: NDC Command {38585 bandwidth setiquota rmnet_data0 9223372036854775807} took too long (509ms)
11-24 20:55:41.752  1575  3887 D ConnectivityService: NetworkAgentInfo [MOBILE (LTE) - 1383] validation passed
11-24 20:55:41.928  1575  8567 I ActivityManager: Start proc 18994:com.google.android.videos/u0a114 for service com.google.android.videos/.service.drm.RefreshLicenseTaskService
11-24 20:55:42.324  1575 22227 D WifiService: acquireWifiLockLocked: WifiLock{com.google.android.videos.service.drm.LicenseRefresher_tasks type=3 uid=10114}
11-24 20:55:42.331  1575  4117 D WifiService: releaseWifiLockLocked: WifiLock{com.google.android.videos.service.drm.LicenseRefresher_tasks type=3 uid=10114}
11-24 20:55:56.971  1575  1782 I ActivityManager: Waited long enough for: ServiceRecord{111cd5 u0 com.whatsapp/.messaging.MessageService}
11-24 20:56:04.318  1575 11677 I ActivityManager: Killing 5530:com.google.android.calendar/u0a75 (adj 906): empty #13
11-24 20:56:04.371  1575  4415 D ActivityManager: cleanUpApplicationRecord -- 5530
11-24 20:56:08.086  1575  4551 D BatteryService: mLastPlugType/mPlugType:2/2
11-24 20:56:08.086  1575  4551 D BatteryService: set mLastPlugType to 2
11-24 20:56:11.284  1575  3697 D BatteryService: uevent={POWER_SUPPLY_TEMP=322, POWER_SUPPLY_STATUS=Charging, POWER_SUPPLY_CAPACITY=75, ACTION=change, DEVPATH=/devices/soc.0/qpnp-smbcharger-17/power_supply/battery, POWER_SUPPLY_AGE=137, POWER_SUPPLY_VOLTAGE_MAX=4350, SUBSYSTEM=power_supply, POWER_SUPPLY_NUM_SYSTEM_TEMP_LEVELS=8, POWER_SUPPLY_VOLTAGE_MAX_DESIGN=4350000, POWER_SUPPLY_INPUT_CURRENT_MAX=1500000, POWER_SUPPLY_CHARGE_FULL=4154354, POWER_SUPPLY_NAME=battery, POWER_SUPPLY_FLASH_CURRENT_MAX=2220497, POWER_SUPPLY_HEALTH=Good, POWER_SUPPLY_CYCLE_COUNT=1, POWER_SUPPLY_TECHNOLOGY=Li-ion, POWER_SUPPLY_CHARGE_TYPE=Fast, POWER_SUPPLY_PRESENT=1, POWER_SUPPLY_CONSTANT_CHARGE_CURRENT_MAX=2500000, POWER_SUPPLY_TEMP_HOTSPOT=0, POWER_SUPPLY_INPUT_CURRENT_SETTLED=0, POWER_SUPPLY_SAFETY_TIMER_ENABLED=0, POWER_SUPPLY_FLASH_ACTIVE=1, POWER_SUPPLY_VOLTAGE_NOW=4092078, SEQNUM=796109, POWER_SUPPLY_CHARGE_FULL_DESIGN=3029000, POWER_SUPPLY_CURRENT_NOW=-302427, POWER_SUPPLY_SYSTEM_TEMP_LEVEL=0, POWER_SUPPLY_CHARGE_COUNTER=2115519, POWER_SUPPLY_CHARGE_RATE=Normal, POWER_SUPPLY_CHARGING_ENABLED=1, POWER_SUPPLY_BATTERY_CHARGING_ENABLED=1}
11-24 20:56:11.286  1575  4117 D BatteryService: mLastPlugType/mPlugType:2/2
11-24 20:56:11.286  1575  4117 D BatteryService: set mLastPlugType to 2
11-24 20:56:18.104  1575  2131 I PowerManagerService: Going to sleep due to screen timeout (uid 1000)...
11-24 20:56:18.129  1575  1575 V FingerprintService: startAuthentication(com.android.systemui)
11-24 20:56:18.129  1575  1575 V FingerprintService: starting client AuthenticationClient(com.android.systemui), initiatedByClient = true)
11-24 20:56:18.143  1575  1575 W FingerprintService: client com.android.systemui is authenticating...
11-24 20:56:18.671  1575  2058 I DisplayManagerService: Display device changed state: "Built-in Screen", OFF
11-24 20:56:18.691   556   750 I SFPerfTracer:      triggers: (rate: 72:15772) (0 sw vsyncs) (0 skipped) (26:2326449 vsyncs) (28:3197579)
11-24 20:56:18.691   556   748 I SFPerfTracer:      triggers: (rate: 2:2795) (15645781 sw vsyncs) (0 skipped) (2211:9307387 vsyncs) (2213:25034229)
11-24 20:56:18.847  1575  2131 I PowerManagerService: Sleeping (uid 1000)...
11-24 20:56:20.972  1575  4233 E BatteryStatsService: no controller energy info supplied
11-24 20:56:20.972  1575  4233 E BatteryStatsService: no controller energy info supplied
11-24 20:56:20.985  1575  4233 E KernelUidCpuTimeReader: Failed to read uid_cputime: /proc/uid_cputime/show_uid_stat (No such file or directory)
11-24 20:56:20.997  1575  4233 E BatteryStatsService: modem info is invalid: ModemActivityInfo{ mTimestamp=1257592403 mSleepTimeMs=1147566264 mIdleTimeMs=-1147457064 mTxTimeMs[]=[1244, 35, 219, 639, 426] mRxTimeMs=21095 mEnergyUsed=0}
11-24 20:56:23.238  3924  3924 V KeyguardStatusView: refresh statusview showing:true
11-24 20:56:23.253  3924  3924 V KeyguardDisplayManager: show
11-24 20:56:23.323  1575  4117 I WindowManager: Destroying surface Surface(name=NavigationBar) called by com.android.server.wm.WindowStateAnimator.destroySurface:2069 com.android.server.wm.WindowStateAnimator.destroySurfaceLocked:897 com.android.server.wm.WindowState.destroyOrSaveSurface:2121 com.android.server.wm.WindowManagerService.tryStartExitingAnimation:3085 com.android.server.wm.WindowManagerService.relayoutWindow:2965 com.android.server.wm.Session.relayout:224 android.view.IWindowSession$Stub.onTransact:286 com.android.server.wm.Session.onTransact:145 
11-24 20:56:32.564   556   748 I SFPerfTracer:      triggers: (rate: 2:2795) (15645784 sw vsyncs) (0 skipped) (827:9308214 vsyncs) (830:25035059)
11-24 20:56:38.736  1575  4648 W SettingsProvider: You shouldn't keep your settings in the secure settings. This will soon become an error.
11-24 20:57:08.086  1575  4233 D BatteryService: mLastPlugType/mPlugType:2/2
11-24 20:57:08.086  1575  4233 D BatteryService: set mLastPlugType to 2
11-24 20:57:11.451  1575  3697 D BatteryService: uevent={POWER_SUPPLY_TEMP=317, POWER_SUPPLY_STATUS=Charging, POWER_SUPPLY_CAPACITY=75, ACTION=change, DEVPATH=/devices/soc.0/qpnp-smbcharger-17/power_supply/battery, POWER_SUPPLY_AGE=137, POWER_SUPPLY_VOLTAGE_MAX=4350, SUBSYSTEM=power_supply, POWER_SUPPLY_NUM_SYSTEM_TEMP_LEVELS=8, POWER_SUPPLY_VOLTAGE_MAX_DESIGN=4350000, POWER_SUPPLY_INPUT_CURRENT_MAX=1500000, POWER_SUPPLY_CHARGE_FULL=4154354, POWER_SUPPLY_NAME=battery, POWER_SUPPLY_FLASH_CURRENT_MAX=2057673, POWER_SUPPLY_HEALTH=Good, POWER_SUPPLY_CYCLE_COUNT=1, POWER_SUPPLY_TECHNOLOGY=Li-ion, POWER_SUPPLY_CHARGE_TYPE=Fast, POWER_SUPPLY_PRESENT=1, POWER_SUPPLY_CONSTANT_CHARGE_CURRENT_MAX=2500000, POWER_SUPPLY_TEMP_HOTSPOT=0, POWER_SUPPLY_INPUT_CURRENT_SETTLED=0, POWER_SUPPLY_SAFETY_TIMER_ENABLED=0, POWER_SUPPLY_FLASH_ACTIVE=1, POWER_SUPPLY_VOLTAGE_NOW=4110693, SEQNUM=796114, POWER_SUPPLY_CHARGE_FULL_DESIGN=3029000, POWER_SUPPLY_CURRENT_NOW=-366361, POWER_SUPPLY_SYSTEM_TEMP_LEVEL=0, POWER_SUPPLY_CHARGE_COUNTER=2121365, POWER_SUPPLY_CHARGE_RATE=Normal, POWER_SUPPLY_CHARGING_ENABLED=1, POWER_SUPPLY_BATTERY_CHARGING_ENABLED=1}
11-24 20:57:11.453  1575  1585 D BatteryService: mLastPlugType/mPlugType:2/2
11-24 20:57:11.453  1575  1585 D BatteryService: set mLastPlugType to 2
11-24 20:57:12.533  1575  3881 D ConnectivityService: registerNetworkAgent NetworkAgentInfo{ ni{[type: WIFI[], state: CONNECTING/CONNECTING, reason: (unspecified), extra: "Stanford Residences", failover: false, available: true, roaming: false, metered: false]}  network{1384}  nethandle{5944251173598}  lp{{LinkAddresses: []  Routes: [] DnsAddresses: [] Domains: null MTU: 0}}  nc{[ Transports: WIFI Capabilities: NOT_METERED&INTERNET&NOT_RESTRICTED&TRUSTED&NOT_VPN LinkUpBandwidth>=1048576Kbps LinkDnBandwidth>=1048576Kbps]}  Score{20}  everValidated{false}  lastValidated{false}  created{false} lingering{false} explicitlySelected{false} acceptUnvalidated{false} everCaptivePortalDetected{false} lastCaptivePortalDetected{false} }
11-24 20:57:12.534  1575  3887 D ConnectivityService: NetworkAgentInfo [WIFI () - 1384] EVENT_NETWORK_INFO_CHANGED, going from null to CONNECTING
11-24 20:57:19.868  1575  3887 D ConnectivityService: NetworkAgentInfo [WIFI () - 1384] EVENT_NETWORK_INFO_CHANGED, going from CONNECTING to CONNECTED
11-24 20:57:19.870  1575  3887 D ConnectivityService: Adding iface wlan0 to network 1384
11-24 20:57:19.968  1575  3887 D ConnectivityService: Setting DNS servers for network 1384 to [/171.64.1.234, /171.67.1.234]
11-24 20:57:20.200  1575  3887 D ConnectivityService: NetworkAgentInfo [WIFI () - 1384] validation passed
11-24 20:57:20.203  1575  3887 D ConnectivityService: Switching to new default network: NetworkAgentInfo{ ni{[type: WIFI[], state: CONNECTED/CONNECTED, reason: (unspecified), extra: "Stanford Residences", failover: false, available: true, roaming: false, metered: false]}  network{1384}  nethandle{5944251173598}  lp{{InterfaceName: wlan0 LinkAddresses: [fe80::6ac4:4dff:fe07:93cc/64,10.31.77.95/20,]  Routes: [fe80::/64 -> :: wlan0,10.31.64.0/20 -> 0.0.0.0 wlan0,0.0.0.0/0 -> 10.31.64.1 wlan0,] DnsAddresses: [171.64.1.234,171.67.1.234,] Domains: stanford.edu MTU: 0 TcpBufferSizes: 131072,262144,3145728,4096,221184,3145728}}  nc{[ Transports: WIFI Capabilities: NOT_METERED&INTERNET&NOT_RESTRICTED&TRUSTED&NOT_VPN&VALIDATED LinkUpBandwidth>=1048576Kbps LinkDnBandwidth>=1048576Kbps SignalStrength: -44]}  Score{60}  everValidated{true}  lastValidated{true}  created{true} lingering{false} explicitlySelected{false} acceptUnvalidated{false} everCaptivePortalDetected{false} lastCaptivePortalDetected{false} }
11-24 20:57:20.213  1575  3887 D ConnectivityService: Sending DISCONNECTED broadcast for type 0 NetworkAgentInfo [MOBILE (LTE) - 1383] isDefaultNetwork=true
11-24 20:57:20.215  1575  3887 D ConnectivityService: Sending CONNECTED broadcast for type 1 NetworkAgentInfo [WIFI () - 1384] isDefaultNetwork=true
11-24 20:57:20.256  4077  4077 W ContextImpl: Calling a method in the system process without a qualified user: android.app.ContextImpl.sendBroadcast:920 android.content.ContextWrapper.sendBroadcast:426 com.motorola.blur.service.blur.BSUtils.sendBroadcast:158 com.motorola.blur.service.blur.BSUtils.sendBroadcast:154 com.motorola.ccc.plm.pollingmanager.PollingManagerService$MyConnectivityReceiver.sendConnectivityIntent:596 
11-24 20:57:20.263  1575 11343 W NetworkIdentity: Active mobile network without subscriber!
11-24 20:57:20.263  1575 11343 W NetworkIdentity: Active mobile network without subscriber!
11-24 20:57:20.264  1575 11343 W NetworkIdentity: Active mobile network without subscriber!
11-24 20:57:20.264  1575 11343 W NetworkIdentity: Active mobile network without subscriber!
11-24 20:57:20.264  1575 11343 W NetworkIdentity: Active mobile network without subscriber!
11-24 20:57:20.266  1575 11343 W NetworkIdentity: Active mobile network without subscriber!
11-24 20:57:20.266  1575 11343 W NetworkIdentity: Active mobile network without subscriber!
11-24 20:57:20.266  1575 11343 W NetworkIdentity: Active mobile network without subscriber!
11-24 20:57:20.266  1575 11343 W NetworkIdentity: Active mobile network without subscriber!
11-24 20:57:20.296  4077  4077 W ContextImpl: Calling a method in the system process without a qualified user: android.app.ContextImpl.sendBroadcast:920 android.content.ContextWrapper.sendBroadcast:426 com.motorola.blur.service.blur.BSUtils.sendBroadcast:158 com.motorola.blur.service.blur.BSUtils.sendBroadcast:154 com.motorola.ccc.plm.pollingmanager.PollingManagerService$MyConnectivityReceiver.sendConnectivityIntent:596 
11-24 20:57:20.315  1575  4414 W NetworkIdentity: Active mobile network without subscriber!
11-24 20:57:20.327  1575  4233 D WifiService: acquireWifiLockLocked: WifiLock{SipTelephonyManager type=1 uid=10007}
11-24 20:57:20.390  1575  4026 W NetworkIdentity: Active mobile network without subscriber!
11-24 20:57:20.390  1575  4026 W NetworkIdentity: Active mobile network without subscriber!
11-24 20:57:20.390  1575  4026 W NetworkIdentity: Active mobile network without subscriber!
11-24 20:57:20.390  1575  4026 W NetworkIdentity: Active mobile network without subscriber!
11-24 20:57:20.390  1575  4026 W NetworkIdentity: Active mobile network without subscriber!
11-24 20:57:20.390  1575  4026 W NetworkIdentity: Active mobile network without subscriber!
11-24 20:57:20.391  1575  4026 W NetworkIdentity: Active mobile network without subscriber!
11-24 20:57:20.391  1575  4026 W NetworkIdentity: Active mobile network without subscriber!
11-24 20:57:20.391  1575  4026 W NetworkIdentity: Active mobile network without subscriber!
11-24 20:57:20.404  1575  1586 W NetworkIdentity: Active mobile network without subscriber!
11-24 20:57:20.404  1575  1586 W NetworkIdentity: Active mobile network without subscriber!
11-24 20:57:20.404  1575  1586 W NetworkIdentity: Active mobile network without subscriber!
11-24 20:57:20.404  1575  1586 W NetworkIdentity: Active mobile network without subscriber!
11-24 20:57:20.404  1575  1586 W NetworkIdentity: Active mobile network without subscriber!
11-24 20:57:20.405  1575  1586 W NetworkIdentity: Active mobile network without subscriber!
11-24 20:57:20.405  1575  1586 W NetworkIdentity: Active mobile network without subscriber!
11-24 20:57:20.405  1575  1586 W NetworkIdentity: Active mobile network without subscriber!
11-24 20:57:20.405  1575  1586 W NetworkIdentity: Active mobile network without subscriber!
11-24 20:57:20.477  1575 22227 I ActivityManager: Killing 5552:com.android.providers.calendar/u0a15 (adj 906): empty #13
11-24 20:57:20.564  1575  8501 D ActivityManager: cleanUpApplicationRecord -- 5552
11-24 20:57:35.822  1575  1782 I ActivityManager: Waited long enough for: ServiceRecord{65195f6 u0 com.whatsapp/.messaging.MessageService}
11-24 20:57:38.810  1575  4648 W SettingsProvider: You shouldn't keep your settings in the secure settings. This will soon become an error.
11-24 20:57:50.203  1575  3887 D ConnectivityService: handleLingerComplete for NetworkAgentInfo [MOBILE (LTE) - 1383]
11-24 20:57:50.204  1575  3887 D ConnectivityService: NetworkAgentInfo [MOBILE (LTE) - 1383] got DISCONNECTED, was satisfying 17
11-24 20:58:08.086  1575  8566 D BatteryService: mLastPlugType/mPlugType:2/2
11-24 20:58:08.086  1575  8566 D BatteryService: set mLastPlugType to 2
11-24 20:58:11.603  1575  3697 D BatteryService: uevent={POWER_SUPPLY_TEMP=317, POWER_SUPPLY_STATUS=Charging, POWER_SUPPLY_CAPACITY=75, ACTION=change, DEVPATH=/devices/soc.0/qpnp-smbcharger-17/power_supply/battery, POWER_SUPPLY_AGE=137, POWER_SUPPLY_VOLTAGE_MAX=4350, SUBSYSTEM=power_supply, POWER_SUPPLY_NUM_SYSTEM_TEMP_LEVELS=8, POWER_SUPPLY_VOLTAGE_MAX_DESIGN=4350000, POWER_SUPPLY_INPUT_CURRENT_MAX=1500000, POWER_SUPPLY_CHARGE_FULL=4154354, POWER_SUPPLY_NAME=battery, POWER_SUPPLY_FLASH_CURRENT_MAX=2311117, POWER_SUPPLY_HEALTH=Good, POWER_SUPPLY_CYCLE_COUNT=1, POWER_SUPPLY_TECHNOLOGY=Li-ion, POWER_SUPPLY_CHARGE_TYPE=Fast, POWER_SUPPLY_PRESENT=1, POWER_SUPPLY_CONSTANT_CHARGE_CURRENT_MAX=2500000, POWER_SUPPLY_TEMP_HOTSPOT=0, POWER_SUPPLY_INPUT_CURRENT_SETTLED=0, POWER_SUPPLY_SAFETY_TIMER_ENABLED=0, POWER_SUPPLY_FLASH_ACTIVE=1, POWER_SUPPLY_VOLTAGE_NOW=4120764, SEQNUM=796119, POWER_SUPPLY_CHARGE_FULL_DESIGN=3029000, POWER_SUPPLY_CURRENT_NOW=-404965, POWER_SUPPLY_SYSTEM_TEMP_LEVEL=0, POWER_SUPPLY_CHARGE_COUNTER=2126976, POWER_SUPPLY_CHARGE_RATE=Normal, POWER_SUPPLY_CHARGING_ENABLED=1, POWER_SUPPLY_BATTERY_CHARGING_ENABLED=1}
11-24 20:58:11.606  1575  4026 D BatteryService: mLastPlugType/mPlugType:2/2
11-24 20:58:11.606  1575  4026 D BatteryService: set mLastPlugType to 2
11-24 20:58:38.871  1575  1586 W SettingsProvider: You shouldn't keep your settings in the secure settings. This will soon become an error.
11-24 20:59:08.086  1575  4616 D BatteryService: mLastPlugType/mPlugType:2/2
11-24 20:59:08.086  1575  4616 D BatteryService: set mLastPlugType to 2
11-24 20:59:11.764  1575  3697 D BatteryService: uevent={POWER_SUPPLY_TEMP=317, POWER_SUPPLY_STATUS=Charging, POWER_SUPPLY_CAPACITY=75, ACTION=change, DEVPATH=/devices/soc.0/qpnp-smbcharger-17/power_supply/battery, POWER_SUPPLY_AGE=137, POWER_SUPPLY_VOLTAGE_MAX=4350, SUBSYSTEM=power_supply, POWER_SUPPLY_NUM_SYSTEM_TEMP_LEVELS=8, POWER_SUPPLY_VOLTAGE_MAX_DESIGN=4350000, POWER_SUPPLY_INPUT_CURRENT_MAX=1500000, POWER_SUPPLY_CHARGE_FULL=4154354, POWER_SUPPLY_NAME=battery, POWER_SUPPLY_FLASH_CURRENT_MAX=2269399, POWER_SUPPLY_HEALTH=Good, POWER_SUPPLY_CYCLE_COUNT=1, POWER_SUPPLY_TECHNOLOGY=Li-ion, POWER_SUPPLY_CHARGE_TYPE=Fast, POWER_SUPPLY_PRESENT=1, POWER_SUPPLY_CONSTANT_CHARGE_CURRENT_MAX=2500000, POWER_SUPPLY_TEMP_HOTSPOT=0, POWER_SUPPLY_INPUT_CURRENT_SETTLED=0, POWER_SUPPLY_SAFETY_TIMER_ENABLED=0, POWER_SUPPLY_FLASH_ACTIVE=1, POWER_SUPPLY_VOLTAGE_NOW=4117865, SEQNUM=796120, POWER_SUPPLY_CHARGE_FULL_DESIGN=3029000, POWER_SUPPLY_CURRENT_NOW=-372617, POWER_SUPPLY_SYSTEM_TEMP_LEVEL=0, POWER_SUPPLY_CHARGE_COUNTER=2133455, POWER_SUPPLY_CHARGE_RATE=Normal, POWER_SUPPLY_CHARGING_ENABLED=1, POWER_SUPPLY_BATTERY_CHARGING_ENABLED=1}
11-24 20:59:11.767  1575  4117 D BatteryService: mLastPlugType/mPlugType:2/2
11-24 20:59:11.767  1575  4117 D BatteryService: set mLastPlugType to 2
11-24 20:59:38.942  1575  8499 W SettingsProvider: You shouldn't keep your settings in the secure settings. This will soon become an error.
11-24 21:00:08.085  1575  4551 D BatteryService: mLastPlugType/mPlugType:2/2
11-24 21:00:08.085  1575  4551 D BatteryService: set mLastPlugType to 2
11-24 21:00:11.923  1575  3697 D BatteryService: uevent={POWER_SUPPLY_TEMP=312, POWER_SUPPLY_STATUS=Charging, POWER_SUPPLY_CAPACITY=75, ACTION=change, DEVPATH=/devices/soc.0/qpnp-smbcharger-17/power_supply/battery, POWER_SUPPLY_AGE=137, POWER_SUPPLY_VOLTAGE_MAX=4350, SUBSYSTEM=power_supply, POWER_SUPPLY_NUM_SYSTEM_TEMP_LEVELS=8, POWER_SUPPLY_VOLTAGE_MAX_DESIGN=4350000, POWER_SUPPLY_INPUT_CURRENT_MAX=1500000, POWER_SUPPLY_CHARGE_FULL=4154354, POWER_SUPPLY_NAME=battery, POWER_SUPPLY_FLASH_CURRENT_MAX=2271380, POWER_SUPPLY_HEALTH=Good, POWER_SUPPLY_CYCLE_COUNT=1, POWER_SUPPLY_TECHNOLOGY=Li-ion, POWER_SUPPLY_CHARGE_TYPE=Fast, POWER_SUPPLY_PRESENT=1, POWER_SUPPLY_CONSTANT_CHARGE_CURRENT_MAX=2500000, POWER_SUPPLY_TEMP_HOTSPOT=0, POWER_SUPPLY_INPUT_CURRENT_SETTLED=0, POWER_SUPPLY_SAFETY_TIMER_ENABLED=0, POWER_SUPPLY_FLASH_ACTIVE=1, POWER_SUPPLY_VOLTAGE_NOW=4121985, SEQNUM=796121, POWER_SUPPLY_CHARGE_FULL_DESIGN=3029000, POWER_SUPPLY_CURRENT_NOW=-384214, POWER_SUPPLY_SYSTEM_TEMP_LEVEL=0, POWER_SUPPLY_CHARGE_COUNTER=2139494, POWER_SUPPLY_CHARGE_RATE=Normal, POWER_SUPPLY_CHARGING_ENABLED=1, POWER_SUPPLY_BATTERY_CHARGING_ENABLED=1}
11-24 21:00:11.925  1575  3719 D BatteryService: mLastPlugType/mPlugType:2/2
11-24 21:00:11.925  1575  3719 D BatteryService: set mLastPlugType to 2
11-24 21:00:39.012  1575  4414 W SettingsProvider: You shouldn't keep your settings in the secure settings. This will soon become an error.
11-24 21:00:49.178  1575  3715 I PowerManagerService: Waking up from sleep (uid 1000)...
11-24 21:00:49.185  1575  2058 I DisplayManagerService: Display device changed state: "Built-in Screen", ON
11-24 21:00:49.396   556   748 I SFPerfTracer:      triggers: (rate: 2:2795) (15660466 sw vsyncs) (0 skipped) (0:9308214 vsyncs) (14683:25049742)
11-24 21:00:49.532  1575  3887 D ConnectivityService: NetworkAgentInfo [WIFI () - 1384] EVENT_NETWORK_INFO_CHANGED, going from CONNECTED to DISCONNECTED
11-24 21:00:49.532  1575  3887 D ConnectivityService: NetworkAgentInfo [WIFI () - 1384] got DISCONNECTED, was satisfying 19
--------- beginning of main
11-24 21:00:49.566  4091  4091 I QImsService: ImsServiceSub : disabledFeature = 1
11-24 21:00:49.566  4091  4091 I QImsService: ImsServiceClassTracker : updateFeatureCapabilities video false voice true
11-24 21:00:49.566  4091  4091 D ImsViceParser: getCallPullInfo mDialogIds null
11-24 21:00:49.567  4665  4686 D QcrilMsgTunnelSocket: readRilMessage: Buffer = [B@c590806 HexData = [01000000040400002b000000514f454d484f4f4bf70308001b000000767369643d3239373831363036343b63616c6c5f73746174653d31]
11-24 21:00:49.567  4665  4686 D QcrilMsgTunnelSocket: Rcvd UNSOL response with 52 bytes data for SUB0
11-24 21:00:49.567  4665  4686 D QcrilMsgTunnelSocket: AudioState data received: vsid=297816064;call_state=1
11-24 21:00:49.567  4665  4686 D QcrilMsgTunnelSocket: Broadcasting intent ACTION_AUDIO_STATE_CHANGED
11-24 21:00:49.567   610   610 D audio_hw_primary: adev_set_parameters: enter: vsid=297816064;call_state=1
11-24 21:00:49.567   610   610 D voice_extn: update_call_states is_call_active:0 in_call:0, mode:0
11-24 21:00:49.567   610   610 V msm8974_platform: platform_set_parameters: enter: 
11-24 21:00:49.567   610   610 V msm8974_platform: platform_set_parameters: exit with code(0)
11-24 21:00:49.573  1575 19474 I chatty  : uid=1000 system_server expire 5 lines
11-24 21:00:49.583   641  1572 D CommandListener: Clearing all IP addresses on wlan0
11-24 21:00:49.593   872   910 D TCMD    : NL - Read 80 bytes from update socket.
11-24 21:00:49.593   872   910 D TCMD    : NL - ignore NL message, type = 21
11-24 21:00:49.593   872   910 D TCMD    : Listening for incoming client connection request
11-24 21:00:49.594   641  1564 I Netd    : Destroyed 10 sockets on 10.31.77.95 in 3.1 ms
11-24 21:00:49.600  9515 19197 V NativeCrypto: Read error: ssl=0x88f85280: I/O error during system call, Software caused connection abort
11-24 21:00:49.608  9515 19197 V NativeCrypto: SSL shutdown failed: ssl=0x88f85280: I/O error during system call, Broken pipe
11-24 21:00:49.611  4665  4686 D QcrilMsgTunnelSocket: readRilMessage: Buffer = [B@c590806 HexData = [01000000040400002b000000514f454d484f4f4bf70308001b000000767369643d3239373831363036343b63616c6c5f73746174653d31]
11-24 21:00:49.611  4665  4686 D QcrilMsgTunnelSocket: Rcvd UNSOL response with 52 bytes data for SUB0
11-24 21:00:49.611  4665  4686 D QcrilMsgTunnelSocket: AudioState data received: vsid=297816064;call_state=1
11-24 21:00:49.611  4665  4686 D QcrilMsgTunnelSocket: Broadcasting intent ACTION_AUDIO_STATE_CHANGED
11-24 21:00:49.617  1575  3719 W NetworkIdentity: Active mobile network without subscriber!
11-24 21:00:49.636 20840 19476 W msgr.WhistleClientCore: onError=errType=READ_ERRORerrMsg=READ_ERROR Software caused connection abort
11-24 21:00:49.637  9515 19197 E GCM     : Wifi connection closed with errorCode 20
11-24 21:00:49.666  1575  5944 W ActivityManager: Permission Denial: Accessing service ComponentInfo{com.google.android.music/com.google.android.music.dial.DialMediaRouteProviderService} from pid=8948, uid=10034 that is not exported from uid 10107
11-24 21:00:49.677  8948 18510 I DiscoveryManager: Filter criteria(%urn:x-cast:com.google.cast.media) scannerFlags(2)
11-24 21:00:49.679  1575  3887 D ConnectivityService: Sending DISCONNECTED broadcast for type 1 NetworkAgentInfo [WIFI () - 1384] isDefaultNetwork=true
11-24 21:00:49.682  4549  4549 I ModemStatsDSDetect: onReceive() -Intent { act=android.net.conn.CONNECTIVITY_CHANGE flg=0x4000010 (has extras) }
11-24 21:00:49.684 26602 26602 D PollingManager: connectivity_action: [type: WIFI[], state: DISCONNECTED/DISCONNECTED, reason: (unspecified), extra: <unknown ssid>, failover: false, available: true, roaming: false, metered: false]
11-24 21:00:49.685  4549  4549 I ModemStatsDSDetect: INET_CONDITION=0 ,activeNet=null
11-24 21:00:49.685  4549  4549 I ModemStatsDSDetect: onReceive() - done, currentInetCondition=0
11-24 21:00:49.687  8948  8948 I CmaSystemUpdateService: connectivity change: Intent { act=android.net.conn.CONNECTIVITY_CHANGE flg=0x4000010 (has extras) }
11-24 21:00:49.688  8948  8948 I CmaSystemUpdateService: receiver: Intent { act=android.net.conn.CONNECTIVITY_CHANGE flg=0x4000010 (has extras) }
11-24 21:00:49.690 26602 26602 V ConnectivityManager: isActiveNetworkMetered() returns:false
11-24 21:00:49.695 14132 14132 V ConnectivityManager: isActiveNetworkMetered() returns:false
11-24 21:00:49.695  4077  4077 V ConnectivityManager: isActiveNetworkMetered() returns:false
11-24 21:00:49.696  4077  4077 W ContextImpl: Calling a method in the system process without a qualified user: android.app.ContextImpl.sendBroadcast:920 android.content.ContextWrapper.sendBroadcast:426 com.motorola.blur.service.blur.BSUtils.sendBroadcast:158 com.motorola.blur.service.blur.BSUtils.sendBroadcast:154 com.motorola.ccc.plm.pollingmanager.PollingManagerService$MyConnectivityReceiver.sendConnectivityIntent:596 
11-24 21:00:49.699  1575  4617 W NetworkIdentity: Active mobile network without subscriber!
11-24 21:00:49.703 20118 20118 I CarrierServices: [1] e.onReceive: intent=Intent { act=android.net.conn.CONNECTIVITY_CHANGE flg=0x4000010 (has extras) }, isDeviceIdleMode=false
11-24 21:00:49.714 20118 20118 I CarrierServices: [1] e.onReceive: Ignoring system events and depending on cs.apk events
11-24 21:00:49.720  1575  1586 I chatty  : uid=1000(system) Binder:1575_2 expire 1 line
11-24 21:00:49.722  1575  3719 W NetworkIdentity: Active mobile network without subscriber!
11-24 21:00:49.722 20840 20840 V ConnectivityManager: isActiveNetworkMetered() returns:false
11-24 21:00:49.722  1575  3719 W NetworkIdentity: Active mobile network without subscriber!
11-24 21:00:49.722  1575  3719 W NetworkIdentity: Active mobile network without subscriber!
11-24 21:00:49.722  1575  3719 W NetworkIdentity: Active mobile network without subscriber!
11-24 21:00:49.722  1575  3719 W NetworkIdentity: Active mobile network without subscriber!
11-24 21:00:49.722  1575  3719 W NetworkIdentity: Active mobile network without subscriber!
11-24 21:00:49.723  1575  3719 W NetworkIdentity: Active mobile network without subscriber!
11-24 21:00:49.723  1575  3719 W NetworkIdentity: Active mobile network without subscriber!
11-24 21:00:49.724 20140 20140 I CarrierServices: [1] f.b: onReceive(): intent=Intent { act=android.net.conn.CONNECTIVITY_CHANGE flg=0x4000010 (has extras) }, isDeviceIdleMode=false
11-24 21:00:49.724  1575  4617 W NetworkIdentity: Active mobile network without subscriber!
11-24 21:00:49.724  1575  4617 W NetworkIdentity: Active mobile network without subscriber!
11-24 21:00:49.724  1575  4617 W NetworkIdentity: Active mobile network without subscriber!
11-24 21:00:49.724  1575  4617 W NetworkIdentity: Active mobile network without subscriber!
11-24 21:00:49.724  1575  4617 W NetworkIdentity: Active mobile network without subscriber!
11-24 21:00:49.724  1575  4617 W NetworkIdentity: Active mobile network without subscriber!
11-24 21:00:49.724  1575  4617 W NetworkIdentity: Active mobile network without subscriber!
11-24 21:00:49.724  1575  4617 W NetworkIdentity: Active mobile network without subscriber!
11-24 21:00:49.728 14132 19483 V ConnectivityManager: isActiveNetworkMetered() returns:false
11-24 21:00:49.760 14132 19483 V ConnectivityManager: isActiveNetworkMetered() returns:false
11-24 21:00:49.770 20118 20118 I CarrierServices: [1] e.onReceive: intent=Intent { act=com.google.android.ims.CONNECTIVITY_CHANGED flg=0x10 pkg=com.google.android.apps.messaging (has extras) }, isDeviceIdleMode=false
11-24 21:00:49.771 20140 20140 I CarrierServices: [1] ar.b: TeleWifiMonitor.updateSignalState, (is connected: true, signal level: 99%, link speed: 72Mbps) -> (is connected: false, signal level: 0%, link speed: 0Mbps)
11-24 21:00:49.787 20140 20140 I CarrierServices: [1] e.a: CellMonitor.updateState, (true) -> (false)
11-24 21:00:49.794 26602 26602 D OtaApp  : debug - pollingManagerService, connectivity_action: [type: WIFI[], state: DISCONNECTED/DISCONNECTED, reason: (unspecified), extra: <unknown ssid>, failover: false, available: true, roaming: false, metered: false]
11-24 21:00:49.801 20840 19464 V ConnectivityManager: isActiveNetworkMetered() returns:false
11-24 21:00:49.802 14132 19466 V ConnectivityManager: isActiveNetworkMetered() returns:false
11-24 21:00:49.803 20118 20118 I CarrierServices: [1] e.onReceive: Adding intent sent from CS.apk to processing queue.
11-24 21:00:49.803 30905 30905 D ConnectivityManager: getMobileDataEnabled()+ subId=1
11-24 21:00:49.804 30905 30905 D ConnectivityManager: getMobileDataEnabled()- subId=1 retVal=true
11-24 21:00:49.810 20840 19464 V ConnectivityManager: isActiveNetworkMetered() returns:false
11-24 21:00:49.810 14132 19466 V ConnectivityManager: isActiveNetworkMetered() returns:false
11-24 21:00:49.814 26602 26602 D PollingManager: connectivity_action: [type: WIFI[], state: DISCONNECTED/DISCONNECTED, reason: (unspecified), extra: <unknown ssid>, failover: false, available: true, roaming: false, metered: false]
11-24 21:00:49.819   641  1572 E Netd    : netlink response contains error (No such file or directory)
11-24 21:00:49.820 26602 26602 V ConnectivityManager: isActiveNetworkMetered() returns:false
11-24 21:00:49.851 26898 26967 D SipSession: close: sip:S8xS1duk@1tKwlN4Dt6jupsgIFz4Eywisw.nocell.io
11-24 21:00:49.867  4091  4091 D TelephonyProvider: subIdString = 1 subId = 1
11-24 21:00:49.876 26602 26602 D PollingManager: connectivity_action: [type: WIFI[], state: DISCONNECTED/DISCONNECTED, reason: (unspecified), extra: <unknown ssid>, failover: false, available: true, roaming: false, metered: false]
11-24 21:00:49.878 26602 26602 V ConnectivityManager: isActiveNetworkMetered() returns:false
11-24 21:00:49.898  7338  7604 D SLPC    : slpc_poll_loop(): handled 1
11-24 21:00:49.899  7338  7604 D SLPC    : slpc_poll_handle_event(): transition
11-24 21:00:49.900  7338  7604 D SLPC    : slpc_poll_loop(): about to poll...
11-24 21:00:49.900  7338  7604 D sensorhub: sensorhub_poll() polling...
11-24 21:00:49.907  7338  7338 D ModalityService: ModalityListener(): callback onModalityChange() -> 1
11-24 21:00:49.907  7338  7338 D ModalityService: ModalityListener(): callback onModalityChange() -> 1
11-24 21:00:49.908  4385  4398 D ModalityManager: onModalityChange() -> 1, package: com.motorola.actions
11-24 21:00:49.908  4385 10587 D ModalityManager: onModalityChange() -> 1, package: com.motorola.actions
11-24 21:00:49.977 20140 20167 I CarrierServices: [14315] n.a: Null active network info. terminating.
11-24 21:00:49.977 20140 20167 I CarrierServices: [14315] n.a: (MMTel): Terminating the IMS connection manager in state STOPPED, reason: NETWORK_ERROR
11-24 21:00:49.978 20140 20167 I CarrierServices: [14315] m.b: Connected state: 2networkType: null
11-24 21:00:49.979 20140 20167 I CarrierServices: [14315] au.onLost: TeleWifiMonitor.NetworkCallback.onLost
11-24 21:00:49.992   556   556 I DisplayDevice: Built-in Screen: layer: Single
11-24 21:00:49.992   556   556 D DisplayPanel: iPanelNotifySfSingleLayer: state=1
11-24 21:00:50.016   872   910 D TCMD    : NL - Read 1080 bytes from update socket.
11-24 21:00:50.016   673   673 I chatty  : uid=1000(system) /system/bin/cnss-daemon expire 8 lines
11-24 21:00:50.016   872   910 D TCMD    : NL - message type is RTM_NEWLINK
11-24 21:00:50.016   872   910 D TCMD    : Listening for incoming client connection request
11-24 21:00:50.066   872   910 D TCMD    : NL - Read 76 bytes from update socket.
11-24 21:00:50.066   872   910 D TCMD    : NL - ignore NL message, type = 20
11-24 21:00:50.066   872   910 D TCMD    : Listening for incoming client connection request
11-24 21:00:50.083 26602 26635 D OtaApp  : debug - AndroidClientUpgradeService.handleIntent: com.motorola.ccc.ota.pm.POLLINGMGR_CONNECTIVITY
11-24 21:00:50.084 26602 26635 D OtaApp  : debug - CusSM.onRadioDown
11-24 21:00:50.102 26602 26602 D GetNotificationsWS: bindWebServices(): registering our AIDL callback...
11-24 21:00:50.104 26602 19514 I SundryService: onHandleIntent(): action=com.motorola.blur.service.blur.Actions.POLLINGMGR_CONNECTIVITY
11-24 21:00:50.108 26602 26602 D GetNotificationsWS: onServiceConnected()
11-24 21:00:50.108 26602 26602 D GetNotificationsWS: onServiceConnected(): Registered for remote service callbacks...
11-24 21:00:50.111 26602 26602 D GetNotificationsWS: unbindWebServices(): un-registering our AIDL callback...
11-24 21:00:50.112 26602 19516 I PushService: onHandleIntent() received intent = com.motorola.blur.service.blur.Actions.POLLINGMGR_CONNECTIVITY
11-24 21:00:50.124   673   673 I cnss-daemon: RTM_NEWROUTE Indication
11-24 21:00:50.124   673   673 I cnss-daemon: ip type is ipv6
11-24 21:00:50.124   673   673 I cnss-daemon: RTM_NEWROUTE Indication
11-24 21:00:50.124   673   673 I cnss-daemon: RTM_NEWROUTE Indication
11-24 21:00:50.188 20885 20885 I BgTaskExecutorImpl: Starting EXCLUSIVE background task request_schedule_context_fence_transition.
11-24 21:00:50.221  1575  8501 I chatty  : uid=1000(system) Binder:1575_13 expire 4 lines
11-24 21:00:50.264 20885 20885 I BgTaskExecutorImpl: Starting EXCLUSIVE background task request_schedule_context_fence_transition.
11-24 21:00:50.270  1575  4548 I chatty  : uid=1000(system) Binder:1575_B expire 1 line
11-24 21:00:50.347  1575  4417 D ConnectivityService: registerNetworkAgent NetworkAgentInfo{ ni{[type: MOBILE[LTE], state: CONNECTED/CONNECTED, reason: connected, extra: wholesale, failover: false, available: true, roaming: false, metered: false]}  network{1385}  nethandle{5948546140894}  lp{{InterfaceName: rmnet_data0 LinkAddresses: [100.198.193.220/29,]  Routes: [0.0.0.0/0 -> 100.198.193.221 rmnet_data0,] DnsAddresses: [10.177.0.34,10.177.0.210,] Domains: null MTU: 1440 TcpBufferSizes: 524288,1048576,8388608,262144,524288,4194304}}  nc{[ Transports: CELLULAR Capabilities: SUPL&DUN&FOTA&INTERNET&NOT_RESTRICTED&TRUSTED&NOT_VPN LinkUpBandwidth>=51200Kbps LinkDnBandwidth>=102400Kbps Specifier: <1>]}  Score{10}  everValidated{false}  lastValidated{false}  created{false} lingering{false} explicitlySelected{false} acceptUnvalidated{false} everCaptivePortalDetected{false} lastCaptivePortalDetected{false} }
11-24 21:00:50.347  1575  3887 D ConnectivityService: NetworkAgentInfo [MOBILE (LTE) - 1385] EVENT_NETWORK_INFO_CHANGED, going from null to CONNECTED
11-24 21:00:50.348   673   673 I cnss-daemon: RTM_NEWROUTE Indication
11-24 21:00:50.349  1575  3887 D ConnectivityService: Adding iface rmnet_data0 to network 1385
11-24 21:00:50.359   673   673 I cnss-daemon: RTM_NEWROUTE Indication
11-24 21:00:50.385 30905 30905 D ConnectivityManager: getMobileDataEnabled()+ subId=1
11-24 21:00:50.397 30905 30905 D ConnectivityManager: getMobileDataEnabled()- subId=1 retVal=true
11-24 21:00:50.432   673   673 I cnss-daemon: RTM_NEWROUTE Indication
11-24 21:00:50.432   673   673 I cnss-daemon: ip type is ipv4
11-24 21:00:50.433  1575  3887 D ConnectivityService: Setting DNS servers for network 1385 to [/10.177.0.34, /10.177.0.210]
11-24 21:00:50.546  1575  3887 I chatty  : uid=1000(system) ConnectivitySer expire 4 lines
11-24 21:00:50.564  1575  3887 D ConnectivityService: Switching to new default network: NetworkAgentInfo{ ni{[type: MOBILE[LTE], state: CONNECTED/CONNECTED, reason: connected, extra: wholesale, failover: false, available: true, roaming: false, metered: false]}  network{1385}  nethandle{5948546140894}  lp{{InterfaceName: rmnet_data0 LinkAddresses: [100.198.193.220/29,]  Routes: [0.0.0.0/0 -> 100.198.193.221 rmnet_data0,] DnsAddresses: [10.177.0.34,10.177.0.210,] Domains: null MTU: 1440 TcpBufferSizes: 524288,1048576,8388608,262144,524288,4194304}}  nc{[ Transports: CELLULAR Capabilities: SUPL&DUN&FOTA&INTERNET&NOT_RESTRICTED&TRUSTED&NOT_VPN LinkUpBandwidth>=51200Kbps LinkDnBandwidth>=102400Kbps Specifier: <1>]}  Score{10}  everValidated{false}  lastValidated{false}  created{true} lingering{false} explicitlySelected{false} acceptUnvalidated{false} everCaptivePortalDetected{false} lastCaptivePortalDetected{false} }
11-24 21:00:50.565   673   673 I cnss-daemon: RTM_NEWROUTE Indication
11-24 21:00:50.565   673   673 I cnss-daemon: ip type is ipv6
11-24 21:00:50.570  1575  3887 D ConnectivityService: Sending CONNECTED broadcast for type 0 NetworkAgentInfo [MOBILE (LTE) - 1385] isDefaultNetwork=true
11-24 21:00:50.571 20140 20167 I CarrierServices: [14315] k.onAvailable: CellMonitor.NetworkCallback.onAvailable
11-24 21:00:50.571  1575  1774 I chatty  : uid=1000(system) android.bg expire 4 lines
11-24 21:00:50.573  4549  4549 I ModemStatsDSDetect: onReceive() -Intent { act=android.net.conn.CONNECTIVITY_CHANGE flg=0x4000010 (has extras) }
11-24 21:00:50.576 26602 26602 D PollingManager: connectivity_action: [type: MOBILE[LTE], state: CONNECTED/CONNECTED, reason: (unspecified), extra: wholesale, failover: false, available: true, roaming: false, metered: false]
11-24 21:00:50.579   641  1572 E Netd    : netlink response contains error (File exists)
11-24 21:00:50.581  1575  3887 D ConnectivityService: Setting DNS servers for network 1385 to [/10.177.0.34, /10.177.0.210, /fd00:976a::9, /fd00:976a::10]
11-24 21:00:50.584  1575 19557 I chatty  : uid=1000 system_server expire 2 lines
11-24 21:00:50.585 20118 20118 I CarrierServices: [1] e.onReceive: intent=Intent { act=android.net.conn.CONNECTIVITY_CHANGE flg=0x4000010 (has extras) }, isDeviceIdleMode=false
11-24 21:00:50.588 20118 20118 I CarrierServices: [1] e.onReceive: Ignoring system events and depending on cs.apk events
11-24 21:00:50.598  4549  4549 I ModemStatsDSDetect: INET_CONDITION=0 ,activeNet=[type: MOBILE[LTE], state: CONNECTED/CONNECTED, reason: connected, extra: wholesale, failover: false, available: true, roaming: false, metered: true]
11-24 21:00:50.598  4549  4549 I ModemStatsDSDetect: onReceive() - done, currentInetCondition=0
11-24 21:00:50.599  8948  8948 I CmaSystemUpdateService: connectivity change: Intent { act=android.net.conn.CONNECTIVITY_CHANGE flg=0x4000010 (has extras) }
11-24 21:00:50.599  8948  8948 I CmaSystemUpdateService: receiver: Intent { act=android.net.conn.CONNECTIVITY_CHANGE flg=0x4000010 (has extras) }
11-24 21:00:50.600 20140 20140 I CarrierServices: [1] e.a: CellMonitor.updateState, (false) -> (true)
11-24 21:00:50.602 20840 20840 V ConnectivityManager: isActiveNetworkMetered() returns:true
11-24 21:00:50.602 26602 26602 V ConnectivityManager: isActiveNetworkMetered() returns:true
11-24 21:00:50.605  4077  4077 V ConnectivityManager: isActiveNetworkMetered() returns:true
11-24 21:00:50.607  4077  4077 W ContextImpl: Calling a method in the system process without a qualified user: android.app.ContextImpl.sendBroadcast:920 android.content.ContextWrapper.sendBroadcast:426 com.motorola.blur.service.blur.BSUtils.sendBroadcast:158 com.motorola.blur.service.blur.BSUtils.sendBroadcast:154 com.motorola.ccc.plm.pollingmanager.PollingManagerService$MyConnectivityReceiver.sendConnectivityIntent:596 
11-24 21:00:50.607 26602 26602 D OtaApp  : debug - pollingManagerService, connectivity_action: [type: MOBILE[LTE], state: CONNECTED/CONNECTED, reason: (unspecified), extra: wholesale, failover: false, available: true, roaming: false, metered: false]
11-24 21:00:50.607 26602 26602 D OtaApp  : debug - PollingManagerService, now: 1257862030 ,futureTime: 1382033084
11-24 21:00:50.608  1575  4617 I chatty  : uid=1000(system) Binder:1575_E expire 1 line
11-24 21:00:50.608 26602 26602 D OtaApp  : debug - Polling alarm set to expire at: 1382033084 Current Time: 1257862031
11-24 21:00:50.613 14132 14132 V ConnectivityManager: isActiveNetworkMetered() returns:true
11-24 21:00:50.624 26602 26602 D PollingManager: connectivity_action: [type: MOBILE[LTE], state: CONNECTED/CONNECTED, reason: (unspecified), extra: wholesale, failover: false, available: true, roaming: false, metered: false]
11-24 21:00:50.629 26602 26602 V ConnectivityManager: isActiveNetworkMetered() returns:true
11-24 21:00:50.629  8948 18510 I PinnedContentDownloader: Started downloading pinned content.
11-24 21:00:50.630  1575  4617 W NetworkIdentity: Active mobile network without subscriber!
11-24 21:00:50.630  1575  4617 W NetworkIdentity: Active mobile network without subscriber!
11-24 21:00:50.630  1575  4617 W NetworkIdentity: Active mobile network without subscriber!
11-24 21:00:50.630  1575  4617 W NetworkIdentity: Active mobile network without subscriber!
11-24 21:00:50.630  1575  4617 W NetworkIdentity: Active mobile network without subscriber!
11-24 21:00:50.630  1575  4617 W NetworkIdentity: Active mobile network without subscriber!
11-24 21:00:50.630  1575  4617 W NetworkIdentity: Active mobile network without subscriber!
11-24 21:00:50.630  1575  4617 W NetworkIdentity: Active mobile network without subscriber!
11-24 21:00:50.635 26602 26602 D PollingManager: connectivity_action: [type: MOBILE[LTE], state: CONNECTED/CONNECTED, reason: (unspecified), extra: wholesale, failover: false, available: true, roaming: false, metered: false]
11-24 21:00:50.640 26602 26602 V ConnectivityManager: isActiveNetworkMetered() returns:true
11-24 21:00:50.642 26602 26630 D OtaApp  : debug - AndroidClientUpgradeService.handleIntent: com.motorola.ccc.ota.pm.POLLINGMGR_CONNECTIVITY
11-24 21:00:50.642 26602 26630 D OtaApp  : debug - CusSM.onRadioUp
11-24 21:00:50.644  6678  6678 V ConnectivityManager: isActiveNetworkMetered() returns:true
